Makefile:6: target 'all' does not exist
make -C /home/mamu/vcs/git/unikraft-app-msp430-helloworld/apps/app-helloworld/../../unikraft A=/home/mamu/vcs/git/unikraft-app-msp430-helloworld/apps/app-helloworld L=
make[1]: Entering directory '/home/mamu/vcs/git/unikraft-app-msp430-helloworld/unikraft'
Makefile:984: update target 'sub-make' due to: /home/mamu/vcs/git/unikraft-app-msp430-helloworld/apps/app-helloworld/build/Makefile
make --no-print-directory CONFIG_UK_BASE=/home/mamu/vcs/git/unikraft-app-msp430-helloworld/unikraft -C /home/mamu/vcs/git/unikraft-app-msp430-helloworld/apps/app-helloworld/build -f /home/mamu/vcs/git/unikraft-app-msp430-helloworld/apps/app-helloworld/build/Makefile 
/home/mamu/vcs/git/unikraft-app-msp430-helloworld/apps/app-helloworld/build/Makefile:672: update target '/home/mamu/vcs/git/unikraft-app-msp430-helloworld/apps/app-helloworld/build/config' due to: /home/mamu/vcs/git/unikraft-app-msp430-helloworld/apps/app-helloworld/.config
printf '  %-7s %s\n' 'CP'  'config' && cp -f /home/mamu/vcs/git/unikraft-app-msp430-helloworld/apps/app-helloworld/.config /home/mamu/vcs/git/unikraft-app-msp430-helloworld/apps/app-helloworld/build/config
  CP      config
/home/mamu/vcs/git/unikraft-app-msp430-helloworld/unikraft/support/build/Makefile.build:48: update target '/home/mamu/vcs/git/unikraft-app-msp430-helloworld/apps/app-helloworld/build/libmsp430fr5994plat/setup.o' due to: /home/mamu/vcs/git/unikraft-app-msp430-helloworld/unikraft/plat/msp430fr5994/setup.c
printf '  %-7s %s\n' 'CC'  'libmsp430fr5994plat':' setup.o' &&  msp430-elf-gcc  -nostdlib -U __linux__ -U __FreeBSD__ -U __sun__ -fno-omit-frame-pointer -fno-stack-protector -Wall -Wextra -D __Unikraft__ -DUK_CODENAME="Tethys" -DUK_VERSION=0.5 -DUK_FULLVERSION=0.5.0~6f43052-custom -fno-tree-sra -fno-split-stack -nostdinc -O2 -fno-PIC   -I/home/mamu/vcs/git/unikraft-app-msp430-helloworld/apps/app-helloworld/build/include -I/home/mamu/vcs/git/unikraft-app-msp430-helloworld/unikraft/arch/msp430/msp430/include -I/home/mamu/vcs/git/unikraft-app-msp430-helloworld/unikraft/include -I/home/mamu/vcs/git/unikraft-app-msp430-helloworld/unikraft/lib/ukboot/include -I/home/mamu/vcs/git/unikraft-app-msp430-helloworld/unikraft/lib/posix-user/include -I/home/mamu/vcs/git/unikraft-app-msp430-helloworld/unikraft/lib/posix-user/musl-imported/include -I/home/mamu/vcs/git/unikraft-app-msp430-helloworld/unikraft/lib/ukdebug/include -I/home/mamu/vcs/git/unikraft-app-msp430-helloworld/unikraft/lib/ukargparse/include -I/home/mamu/vcs/git/unikraft-app-msp430-helloworld/unikraft/lib/nolibc/include -I/home/mamu/vcs/git/unikraft-app-msp430-helloworld/unikraft/lib/nolibc/arch/msp430 -I/home/mamu/vcs/git/unikraft-app-msp430-helloworld/unikraft/lib/nolibc/musl-imported/include -I/home/mamu/vcs/git/unikraft-app-msp430-helloworld/unikraft/lib/nolibc/musl-imported/arch/generic -I/home/mamu/vcs/git/unikraft-app-msp430-helloworld/unikraft/lib/ukalloc/include -I/home/mamu/vcs/git/unikraft-app-msp430-helloworld/unikraft/lib/ukallocbbuddy/include -I/home/mamu/vcs/git/unikraft-app-msp430-helloworld/unikraft/lib/syscall_shim/include -I/home/mamu/vcs/git/unikraft-app-msp430-helloworld/unikraft/lib/vfscore/include -I/home/mamu/vcs/git/unikraft-app-msp430-helloworld/unikraft/lib/devfs/include -I/home/mamu/vcs/git/unikraft-app-msp430-helloworld/unikraft/lib/uklibparam/include -I/home/mamu/vcs/git/unikraft-app-msp430-helloworld/unikraft/lib/uktime/include -I/home/mamu/vcs/git/unikraft-app-msp430-helloworld/unikraft/lib/uktime/musl-imported/include -I/home/mamu/vcs/git/unikraft-app-msp430-helloworld/unikraft/lib/uksp/include  -I/home/mamu/vcs/git/unikraft-app-msp430-helloworld/unikraft/plat/msp430fr5994/include -I/home/mamu/vcs/git/unikraft-app-msp430-helloworld/unikraft/plat/common/include     -DCC_VERSION=9.3 -fno-builtin-printf -fno-builtin-fprintf -fno-builtin-sprintf -fno-builtin-snprintf -fno-builtin-vprintf -fno-builtin-vfprintf -fno-builtin-vsprintf -fno-builtin-vsnprintf -fno-builtin-scanf -fno-builtin-fscanf -fno-builtin-sscanf -fno-builtin-vscanf -fno-builtin-vfscanf -fno-builtin-vsscanf -fno-builtin-memcpy -fno-builtin-memset -fno-builtin-memchr -fno-builtin-memcmp -fno-builtin-memmove -fno-builtin-strncpy -fno-builtin-strnlen -fno-builtin-strlen -fno-builtin-strncmp -fno-builtin-strcspn -fno-builtin-strspn -fno-builtin-strndup -fno-builtin-strftime -fno-builtin-malloc -fno-builtin-calloc -fno-builtin-realloc -fno-builtin-posix_memalign -DCONFIG_UK_NETDEV_SCRATCH_SIZE=0 -DMSP430FR5994PLAT -D __MSP430FR5994__      -g3 -D__LIBNAME__=libmsp430fr5994plat -D__BASENAME__=setup.c  -c /home/mamu/vcs/git/unikraft-app-msp430-helloworld/unikraft/plat/msp430fr5994/setup.c -o /home/mamu/vcs/git/unikraft-app-msp430-helloworld/apps/app-helloworld/build/libmsp430fr5994plat/setup.o -Wp,-MD,/home/mamu/vcs/git/unikraft-app-msp430-helloworld/apps/app-helloworld/build/libmsp430fr5994plat/.setup.o.d
  CC      libmsp430fr5994plat: setup.o
/home/mamu/vcs/git/unikraft-app-msp430-helloworld/apps/app-helloworld/build/kconfig/fixdep /home/mamu/vcs/git/unikraft-app-msp430-helloworld/apps/app-helloworld/build/libmsp430fr5994plat/.setup.o.d /home/mamu/vcs/git/unikraft-app-msp430-helloworld/apps/app-helloworld/build/libmsp430fr5994plat/setup.o 'msp430-elf-gcc -nostdlib -U __linux__ -U __FreeBSD__ -U __sun__ -fno-omit-frame-pointer -fno-stack-protector -Wall -Wextra -D __Unikraft__ -DUK_CODENAME="Tethys" -DUK_VERSION=0.5 -DUK_FULLVERSION=0.5.0~6f43052-custom -fno-tree-sra -fno-split-stack -nostdinc -O2 -fno-PIC   -I/home/mamu/vcs/git/unikraft-app-msp430-helloworld/apps/app-helloworld/build/include -I/home/mamu/vcs/git/unikraft-app-msp430-helloworld/unikraft/arch/msp430/msp430/include -I/home/mamu/vcs/git/unikraft-app-msp430-helloworld/unikraft/include -I/home/mamu/vcs/git/unikraft-app-msp430-helloworld/unikraft/lib/ukboot/include -I/home/mamu/vcs/git/unikraft-app-msp430-helloworld/unikraft/lib/posix-user/include -I/home/mamu/vcs/git/unikraft-app-msp430-helloworld/unikraft/lib/posix-user/musl-imported/include -I/home/mamu/vcs/git/unikraft-app-msp430-helloworld/unikraft/lib/ukdebug/include -I/home/mamu/vcs/git/unikraft-app-msp430-helloworld/unikraft/lib/ukargparse/include -I/home/mamu/vcs/git/unikraft-app-msp430-helloworld/unikraft/lib/nolibc/include -I/home/mamu/vcs/git/unikraft-app-msp430-helloworld/unikraft/lib/nolibc/arch/msp430 -I/home/mamu/vcs/git/unikraft-app-msp430-helloworld/unikraft/lib/nolibc/musl-imported/include -I/home/mamu/vcs/git/unikraft-app-msp430-helloworld/unikraft/lib/nolibc/musl-imported/arch/generic -I/home/mamu/vcs/git/unikraft-app-msp430-helloworld/unikraft/lib/ukalloc/include -I/home/mamu/vcs/git/unikraft-app-msp430-helloworld/unikraft/lib/ukallocbbuddy/include -I/home/mamu/vcs/git/unikraft-app-msp430-helloworld/unikraft/lib/syscall_shim/include -I/home/mamu/vcs/git/unikraft-app-msp430-helloworld/unikraft/lib/vfscore/include -I/home/mamu/vcs/git/unikraft-app-msp430-helloworld/unikraft/lib/devfs/include -I/home/mamu/vcs/git/unikraft-app-msp430-helloworld/unikraft/lib/uklibparam/include -I/home/mamu/vcs/git/unikraft-app-msp430-helloworld/unikraft/lib/uktime/include -I/home/mamu/vcs/git/unikraft-app-msp430-helloworld/unikraft/lib/uktime/musl-imported/include -I/home/mamu/vcs/git/unikraft-app-msp430-helloworld/unikraft/lib/uksp/include  -I/home/mamu/vcs/git/unikraft-app-msp430-helloworld/unikraft/plat/msp430fr5994/include -I/home/mamu/vcs/git/unikraft-app-msp430-helloworld/unikraft/plat/common/include     -DCC_VERSION=9.3 -fno-builtin-printf -fno-builtin-fprintf -fno-builtin-sprintf -fno-builtin-snprintf -fno-builtin-vprintf -fno-builtin-vfprintf -fno-builtin-vsprintf -fno-builtin-vsnprintf -fno-builtin-scanf -fno-builtin-fscanf -fno-builtin-sscanf -fno-builtin-vscanf -fno-builtin-vfscanf -fno-builtin-vsscanf -fno-builtin-memcpy -fno-builtin-memset -fno-builtin-memchr -fno-builtin-memcmp -fno-builtin-memmove -fno-builtin-strncpy -fno-builtin-strnlen -fno-builtin-strlen -fno-builtin-strncmp -fno-builtin-strcspn -fno-builtin-strspn -fno-builtin-strndup -fno-builtin-strftime -fno-builtin-malloc -fno-builtin-calloc -fno-builtin-realloc -fno-builtin-posix_memalign -DCONFIG_UK_NETDEV_SCRATCH_SIZE=0 -DMSP430FR5994PLAT -D __MSP430FR5994__     -g3 -D__LIBNAME__=libmsp430fr5994plat -D__BASENAME__=setup.c -c /home/mamu/vcs/git/unikraft-app-msp430-helloworld/unikraft/plat/msp430fr5994/setup.c -o /home/mamu/vcs/git/unikraft-app-msp430-helloworld/apps/app-helloworld/build/libmsp430fr5994plat/setup.o -Wp,-MD,/home/mamu/vcs/git/unikraft-app-msp430-helloworld/apps/app-helloworld/build/libmsp430fr5994plat/.setup.o.d' > /home/mamu/vcs/git/unikraft-app-msp430-helloworld/apps/app-helloworld/build/libmsp430fr5994plat/setup.d && rm -f /home/mamu/vcs/git/unikraft-app-msp430-helloworld/apps/app-helloworld/build/libmsp430fr5994plat/.setup.o.d
/home/mamu/vcs/git/unikraft-app-msp430-helloworld/unikraft/support/build/Makefile.build:48: update target '/home/mamu/vcs/git/unikraft-app-msp430-helloworld/apps/app-helloworld/build/libmsp430fr5994plat/console.o' due to: /home/mamu/vcs/git/unikraft-app-msp430-helloworld/unikraft/plat/msp430fr5994/console.c
printf '  %-7s %s\n' 'CC'  'libmsp430fr5994plat':' console.o' &&  msp430-elf-gcc  -nostdlib -U __linux__ -U __FreeBSD__ -U __sun__ -fno-omit-frame-pointer -fno-stack-protector -Wall -Wextra -D __Unikraft__ -DUK_CODENAME="Tethys" -DUK_VERSION=0.5 -DUK_FULLVERSION=0.5.0~6f43052-custom -fno-tree-sra -fno-split-stack -nostdinc -O2 -fno-PIC   -I/home/mamu/vcs/git/unikraft-app-msp430-helloworld/apps/app-helloworld/build/include -I/home/mamu/vcs/git/unikraft-app-msp430-helloworld/unikraft/arch/msp430/msp430/include -I/home/mamu/vcs/git/unikraft-app-msp430-helloworld/unikraft/include -I/home/mamu/vcs/git/unikraft-app-msp430-helloworld/unikraft/lib/ukboot/include -I/home/mamu/vcs/git/unikraft-app-msp430-helloworld/unikraft/lib/posix-user/include -I/home/mamu/vcs/git/unikraft-app-msp430-helloworld/unikraft/lib/posix-user/musl-imported/include -I/home/mamu/vcs/git/unikraft-app-msp430-helloworld/unikraft/lib/ukdebug/include -I/home/mamu/vcs/git/unikraft-app-msp430-helloworld/unikraft/lib/ukargparse/include -I/home/mamu/vcs/git/unikraft-app-msp430-helloworld/unikraft/lib/nolibc/include -I/home/mamu/vcs/git/unikraft-app-msp430-helloworld/unikraft/lib/nolibc/arch/msp430 -I/home/mamu/vcs/git/unikraft-app-msp430-helloworld/unikraft/lib/nolibc/musl-imported/include -I/home/mamu/vcs/git/unikraft-app-msp430-helloworld/unikraft/lib/nolibc/musl-imported/arch/generic -I/home/mamu/vcs/git/unikraft-app-msp430-helloworld/unikraft/lib/ukalloc/include -I/home/mamu/vcs/git/unikraft-app-msp430-helloworld/unikraft/lib/ukallocbbuddy/include -I/home/mamu/vcs/git/unikraft-app-msp430-helloworld/unikraft/lib/syscall_shim/include -I/home/mamu/vcs/git/unikraft-app-msp430-helloworld/unikraft/lib/vfscore/include -I/home/mamu/vcs/git/unikraft-app-msp430-helloworld/unikraft/lib/devfs/include -I/home/mamu/vcs/git/unikraft-app-msp430-helloworld/unikraft/lib/uklibparam/include -I/home/mamu/vcs/git/unikraft-app-msp430-helloworld/unikraft/lib/uktime/include -I/home/mamu/vcs/git/unikraft-app-msp430-helloworld/unikraft/lib/uktime/musl-imported/include -I/home/mamu/vcs/git/unikraft-app-msp430-helloworld/unikraft/lib/uksp/include  -I/home/mamu/vcs/git/unikraft-app-msp430-helloworld/unikraft/plat/msp430fr5994/include -I/home/mamu/vcs/git/unikraft-app-msp430-helloworld/unikraft/plat/common/include     -DCC_VERSION=9.3 -fno-builtin-printf -fno-builtin-fprintf -fno-builtin-sprintf -fno-builtin-snprintf -fno-builtin-vprintf -fno-builtin-vfprintf -fno-builtin-vsprintf -fno-builtin-vsnprintf -fno-builtin-scanf -fno-builtin-fscanf -fno-builtin-sscanf -fno-builtin-vscanf -fno-builtin-vfscanf -fno-builtin-vsscanf -fno-builtin-memcpy -fno-builtin-memset -fno-builtin-memchr -fno-builtin-memcmp -fno-builtin-memmove -fno-builtin-strncpy -fno-builtin-strnlen -fno-builtin-strlen -fno-builtin-strncmp -fno-builtin-strcspn -fno-builtin-strspn -fno-builtin-strndup -fno-builtin-strftime -fno-builtin-malloc -fno-builtin-calloc -fno-builtin-realloc -fno-builtin-posix_memalign -DCONFIG_UK_NETDEV_SCRATCH_SIZE=0 -DMSP430FR5994PLAT -D __MSP430FR5994__      -g3 -D__LIBNAME__=libmsp430fr5994plat -D__BASENAME__=console.c  -c /home/mamu/vcs/git/unikraft-app-msp430-helloworld/unikraft/plat/msp430fr5994/console.c -o /home/mamu/vcs/git/unikraft-app-msp430-helloworld/apps/app-helloworld/build/libmsp430fr5994plat/console.o -Wp,-MD,/home/mamu/vcs/git/unikraft-app-msp430-helloworld/apps/app-helloworld/build/libmsp430fr5994plat/.console.o.d
  CC      libmsp430fr5994plat: console.o
/home/mamu/vcs/git/unikraft-app-msp430-helloworld/apps/app-helloworld/build/kconfig/fixdep /home/mamu/vcs/git/unikraft-app-msp430-helloworld/apps/app-helloworld/build/libmsp430fr5994plat/.console.o.d /home/mamu/vcs/git/unikraft-app-msp430-helloworld/apps/app-helloworld/build/libmsp430fr5994plat/console.o 'msp430-elf-gcc -nostdlib -U __linux__ -U __FreeBSD__ -U __sun__ -fno-omit-frame-pointer -fno-stack-protector -Wall -Wextra -D __Unikraft__ -DUK_CODENAME="Tethys" -DUK_VERSION=0.5 -DUK_FULLVERSION=0.5.0~6f43052-custom -fno-tree-sra -fno-split-stack -nostdinc -O2 -fno-PIC   -I/home/mamu/vcs/git/unikraft-app-msp430-helloworld/apps/app-helloworld/build/include -I/home/mamu/vcs/git/unikraft-app-msp430-helloworld/unikraft/arch/msp430/msp430/include -I/home/mamu/vcs/git/unikraft-app-msp430-helloworld/unikraft/include -I/home/mamu/vcs/git/unikraft-app-msp430-helloworld/unikraft/lib/ukboot/include -I/home/mamu/vcs/git/unikraft-app-msp430-helloworld/unikraft/lib/posix-user/include -I/home/mamu/vcs/git/unikraft-app-msp430-helloworld/unikraft/lib/posix-user/musl-imported/include -I/home/mamu/vcs/git/unikraft-app-msp430-helloworld/unikraft/lib/ukdebug/include -I/home/mamu/vcs/git/unikraft-app-msp430-helloworld/unikraft/lib/ukargparse/include -I/home/mamu/vcs/git/unikraft-app-msp430-helloworld/unikraft/lib/nolibc/include -I/home/mamu/vcs/git/unikraft-app-msp430-helloworld/unikraft/lib/nolibc/arch/msp430 -I/home/mamu/vcs/git/unikraft-app-msp430-helloworld/unikraft/lib/nolibc/musl-imported/include -I/home/mamu/vcs/git/unikraft-app-msp430-helloworld/unikraft/lib/nolibc/musl-imported/arch/generic -I/home/mamu/vcs/git/unikraft-app-msp430-helloworld/unikraft/lib/ukalloc/include -I/home/mamu/vcs/git/unikraft-app-msp430-helloworld/unikraft/lib/ukallocbbuddy/include -I/home/mamu/vcs/git/unikraft-app-msp430-helloworld/unikraft/lib/syscall_shim/include -I/home/mamu/vcs/git/unikraft-app-msp430-helloworld/unikraft/lib/vfscore/include -I/home/mamu/vcs/git/unikraft-app-msp430-helloworld/unikraft/lib/devfs/include -I/home/mamu/vcs/git/unikraft-app-msp430-helloworld/unikraft/lib/uklibparam/include -I/home/mamu/vcs/git/unikraft-app-msp430-helloworld/unikraft/lib/uktime/include -I/home/mamu/vcs/git/unikraft-app-msp430-helloworld/unikraft/lib/uktime/musl-imported/include -I/home/mamu/vcs/git/unikraft-app-msp430-helloworld/unikraft/lib/uksp/include  -I/home/mamu/vcs/git/unikraft-app-msp430-helloworld/unikraft/plat/msp430fr5994/include -I/home/mamu/vcs/git/unikraft-app-msp430-helloworld/unikraft/plat/common/include     -DCC_VERSION=9.3 -fno-builtin-printf -fno-builtin-fprintf -fno-builtin-sprintf -fno-builtin-snprintf -fno-builtin-vprintf -fno-builtin-vfprintf -fno-builtin-vsprintf -fno-builtin-vsnprintf -fno-builtin-scanf -fno-builtin-fscanf -fno-builtin-sscanf -fno-builtin-vscanf -fno-builtin-vfscanf -fno-builtin-vsscanf -fno-builtin-memcpy -fno-builtin-memset -fno-builtin-memchr -fno-builtin-memcmp -fno-builtin-memmove -fno-builtin-strncpy -fno-builtin-strnlen -fno-builtin-strlen -fno-builtin-strncmp -fno-builtin-strcspn -fno-builtin-strspn -fno-builtin-strndup -fno-builtin-strftime -fno-builtin-malloc -fno-builtin-calloc -fno-builtin-realloc -fno-builtin-posix_memalign -DCONFIG_UK_NETDEV_SCRATCH_SIZE=0 -DMSP430FR5994PLAT -D __MSP430FR5994__     -g3 -D__LIBNAME__=libmsp430fr5994plat -D__BASENAME__=console.c -c /home/mamu/vcs/git/unikraft-app-msp430-helloworld/unikraft/plat/msp430fr5994/console.c -o /home/mamu/vcs/git/unikraft-app-msp430-helloworld/apps/app-helloworld/build/libmsp430fr5994plat/console.o -Wp,-MD,/home/mamu/vcs/git/unikraft-app-msp430-helloworld/apps/app-helloworld/build/libmsp430fr5994plat/.console.o.d' > /home/mamu/vcs/git/unikraft-app-msp430-helloworld/apps/app-helloworld/build/libmsp430fr5994plat/console.d && rm -f /home/mamu/vcs/git/unikraft-app-msp430-helloworld/apps/app-helloworld/build/libmsp430fr5994plat/.console.o.d
/home/mamu/vcs/git/unikraft-app-msp430-helloworld/unikraft/support/build/Makefile.build:48: update target '/home/mamu/vcs/git/unikraft-app-msp430-helloworld/apps/app-helloworld/build/libmsp430fr5994plat/shutdown.o' due to: /home/mamu/vcs/git/unikraft-app-msp430-helloworld/unikraft/plat/msp430fr5994/shutdown.c
printf '  %-7s %s\n' 'CC'  'libmsp430fr5994plat':' shutdown.o' &&  msp430-elf-gcc  -nostdlib -U __linux__ -U __FreeBSD__ -U __sun__ -fno-omit-frame-pointer -fno-stack-protector -Wall -Wextra -D __Unikraft__ -DUK_CODENAME="Tethys" -DUK_VERSION=0.5 -DUK_FULLVERSION=0.5.0~6f43052-custom -fno-tree-sra -fno-split-stack -nostdinc -O2 -fno-PIC   -I/home/mamu/vcs/git/unikraft-app-msp430-helloworld/apps/app-helloworld/build/include -I/home/mamu/vcs/git/unikraft-app-msp430-helloworld/unikraft/arch/msp430/msp430/include -I/home/mamu/vcs/git/unikraft-app-msp430-helloworld/unikraft/include -I/home/mamu/vcs/git/unikraft-app-msp430-helloworld/unikraft/lib/ukboot/include -I/home/mamu/vcs/git/unikraft-app-msp430-helloworld/unikraft/lib/posix-user/include -I/home/mamu/vcs/git/unikraft-app-msp430-helloworld/unikraft/lib/posix-user/musl-imported/include -I/home/mamu/vcs/git/unikraft-app-msp430-helloworld/unikraft/lib/ukdebug/include -I/home/mamu/vcs/git/unikraft-app-msp430-helloworld/unikraft/lib/ukargparse/include -I/home/mamu/vcs/git/unikraft-app-msp430-helloworld/unikraft/lib/nolibc/include -I/home/mamu/vcs/git/unikraft-app-msp430-helloworld/unikraft/lib/nolibc/arch/msp430 -I/home/mamu/vcs/git/unikraft-app-msp430-helloworld/unikraft/lib/nolibc/musl-imported/include -I/home/mamu/vcs/git/unikraft-app-msp430-helloworld/unikraft/lib/nolibc/musl-imported/arch/generic -I/home/mamu/vcs/git/unikraft-app-msp430-helloworld/unikraft/lib/ukalloc/include -I/home/mamu/vcs/git/unikraft-app-msp430-helloworld/unikraft/lib/ukallocbbuddy/include -I/home/mamu/vcs/git/unikraft-app-msp430-helloworld/unikraft/lib/syscall_shim/include -I/home/mamu/vcs/git/unikraft-app-msp430-helloworld/unikraft/lib/vfscore/include -I/home/mamu/vcs/git/unikraft-app-msp430-helloworld/unikraft/lib/devfs/include -I/home/mamu/vcs/git/unikraft-app-msp430-helloworld/unikraft/lib/uklibparam/include -I/home/mamu/vcs/git/unikraft-app-msp430-helloworld/unikraft/lib/uktime/include -I/home/mamu/vcs/git/unikraft-app-msp430-helloworld/unikraft/lib/uktime/musl-imported/include -I/home/mamu/vcs/git/unikraft-app-msp430-helloworld/unikraft/lib/uksp/include  -I/home/mamu/vcs/git/unikraft-app-msp430-helloworld/unikraft/plat/msp430fr5994/include -I/home/mamu/vcs/git/unikraft-app-msp430-helloworld/unikraft/plat/common/include     -DCC_VERSION=9.3 -fno-builtin-printf -fno-builtin-fprintf -fno-builtin-sprintf -fno-builtin-snprintf -fno-builtin-vprintf -fno-builtin-vfprintf -fno-builtin-vsprintf -fno-builtin-vsnprintf -fno-builtin-scanf -fno-builtin-fscanf -fno-builtin-sscanf -fno-builtin-vscanf -fno-builtin-vfscanf -fno-builtin-vsscanf -fno-builtin-memcpy -fno-builtin-memset -fno-builtin-memchr -fno-builtin-memcmp -fno-builtin-memmove -fno-builtin-strncpy -fno-builtin-strnlen -fno-builtin-strlen -fno-builtin-strncmp -fno-builtin-strcspn -fno-builtin-strspn -fno-builtin-strndup -fno-builtin-strftime -fno-builtin-malloc -fno-builtin-calloc -fno-builtin-realloc -fno-builtin-posix_memalign -DCONFIG_UK_NETDEV_SCRATCH_SIZE=0 -DMSP430FR5994PLAT -D __MSP430FR5994__      -g3 -D__LIBNAME__=libmsp430fr5994plat -D__BASENAME__=shutdown.c  -c /home/mamu/vcs/git/unikraft-app-msp430-helloworld/unikraft/plat/msp430fr5994/shutdown.c -o /home/mamu/vcs/git/unikraft-app-msp430-helloworld/apps/app-helloworld/build/libmsp430fr5994plat/shutdown.o -Wp,-MD,/home/mamu/vcs/git/unikraft-app-msp430-helloworld/apps/app-helloworld/build/libmsp430fr5994plat/.shutdown.o.d
  CC      libmsp430fr5994plat: shutdown.o
/home/mamu/vcs/git/unikraft-app-msp430-helloworld/apps/app-helloworld/build/kconfig/fixdep /home/mamu/vcs/git/unikraft-app-msp430-helloworld/apps/app-helloworld/build/libmsp430fr5994plat/.shutdown.o.d /home/mamu/vcs/git/unikraft-app-msp430-helloworld/apps/app-helloworld/build/libmsp430fr5994plat/shutdown.o 'msp430-elf-gcc -nostdlib -U __linux__ -U __FreeBSD__ -U __sun__ -fno-omit-frame-pointer -fno-stack-protector -Wall -Wextra -D __Unikraft__ -DUK_CODENAME="Tethys" -DUK_VERSION=0.5 -DUK_FULLVERSION=0.5.0~6f43052-custom -fno-tree-sra -fno-split-stack -nostdinc -O2 -fno-PIC   -I/home/mamu/vcs/git/unikraft-app-msp430-helloworld/apps/app-helloworld/build/include -I/home/mamu/vcs/git/unikraft-app-msp430-helloworld/unikraft/arch/msp430/msp430/include -I/home/mamu/vcs/git/unikraft-app-msp430-helloworld/unikraft/include -I/home/mamu/vcs/git/unikraft-app-msp430-helloworld/unikraft/lib/ukboot/include -I/home/mamu/vcs/git/unikraft-app-msp430-helloworld/unikraft/lib/posix-user/include -I/home/mamu/vcs/git/unikraft-app-msp430-helloworld/unikraft/lib/posix-user/musl-imported/include -I/home/mamu/vcs/git/unikraft-app-msp430-helloworld/unikraft/lib/ukdebug/include -I/home/mamu/vcs/git/unikraft-app-msp430-helloworld/unikraft/lib/ukargparse/include -I/home/mamu/vcs/git/unikraft-app-msp430-helloworld/unikraft/lib/nolibc/include -I/home/mamu/vcs/git/unikraft-app-msp430-helloworld/unikraft/lib/nolibc/arch/msp430 -I/home/mamu/vcs/git/unikraft-app-msp430-helloworld/unikraft/lib/nolibc/musl-imported/include -I/home/mamu/vcs/git/unikraft-app-msp430-helloworld/unikraft/lib/nolibc/musl-imported/arch/generic -I/home/mamu/vcs/git/unikraft-app-msp430-helloworld/unikraft/lib/ukalloc/include -I/home/mamu/vcs/git/unikraft-app-msp430-helloworld/unikraft/lib/ukallocbbuddy/include -I/home/mamu/vcs/git/unikraft-app-msp430-helloworld/unikraft/lib/syscall_shim/include -I/home/mamu/vcs/git/unikraft-app-msp430-helloworld/unikraft/lib/vfscore/include -I/home/mamu/vcs/git/unikraft-app-msp430-helloworld/unikraft/lib/devfs/include -I/home/mamu/vcs/git/unikraft-app-msp430-helloworld/unikraft/lib/uklibparam/include -I/home/mamu/vcs/git/unikraft-app-msp430-helloworld/unikraft/lib/uktime/include -I/home/mamu/vcs/git/unikraft-app-msp430-helloworld/unikraft/lib/uktime/musl-imported/include -I/home/mamu/vcs/git/unikraft-app-msp430-helloworld/unikraft/lib/uksp/include  -I/home/mamu/vcs/git/unikraft-app-msp430-helloworld/unikraft/plat/msp430fr5994/include -I/home/mamu/vcs/git/unikraft-app-msp430-helloworld/unikraft/plat/common/include     -DCC_VERSION=9.3 -fno-builtin-printf -fno-builtin-fprintf -fno-builtin-sprintf -fno-builtin-snprintf -fno-builtin-vprintf -fno-builtin-vfprintf -fno-builtin-vsprintf -fno-builtin-vsnprintf -fno-builtin-scanf -fno-builtin-fscanf -fno-builtin-sscanf -fno-builtin-vscanf -fno-builtin-vfscanf -fno-builtin-vsscanf -fno-builtin-memcpy -fno-builtin-memset -fno-builtin-memchr -fno-builtin-memcmp -fno-builtin-memmove -fno-builtin-strncpy -fno-builtin-strnlen -fno-builtin-strlen -fno-builtin-strncmp -fno-builtin-strcspn -fno-builtin-strspn -fno-builtin-strndup -fno-builtin-strftime -fno-builtin-malloc -fno-builtin-calloc -fno-builtin-realloc -fno-builtin-posix_memalign -DCONFIG_UK_NETDEV_SCRATCH_SIZE=0 -DMSP430FR5994PLAT -D __MSP430FR5994__     -g3 -D__LIBNAME__=libmsp430fr5994plat -D__BASENAME__=shutdown.c -c /home/mamu/vcs/git/unikraft-app-msp430-helloworld/unikraft/plat/msp430fr5994/shutdown.c -o /home/mamu/vcs/git/unikraft-app-msp430-helloworld/apps/app-helloworld/build/libmsp430fr5994plat/shutdown.o -Wp,-MD,/home/mamu/vcs/git/unikraft-app-msp430-helloworld/apps/app-helloworld/build/libmsp430fr5994plat/.shutdown.o.d' > /home/mamu/vcs/git/unikraft-app-msp430-helloworld/apps/app-helloworld/build/libmsp430fr5994plat/shutdown.d && rm -f /home/mamu/vcs/git/unikraft-app-msp430-helloworld/apps/app-helloworld/build/libmsp430fr5994plat/.shutdown.o.d
/home/mamu/vcs/git/unikraft-app-msp430-helloworld/unikraft/support/build/Makefile.build:48: update target '/home/mamu/vcs/git/unikraft-app-msp430-helloworld/apps/app-helloworld/build/libmsp430fr5994plat/memory.o' due to: /home/mamu/vcs/git/unikraft-app-msp430-helloworld/unikraft/plat/msp430fr5994/memory.c
printf '  %-7s %s\n' 'CC'  'libmsp430fr5994plat':' memory.o' &&  msp430-elf-gcc  -nostdlib -U __linux__ -U __FreeBSD__ -U __sun__ -fno-omit-frame-pointer -fno-stack-protector -Wall -Wextra -D __Unikraft__ -DUK_CODENAME="Tethys" -DUK_VERSION=0.5 -DUK_FULLVERSION=0.5.0~6f43052-custom -fno-tree-sra -fno-split-stack -nostdinc -O2 -fno-PIC   -I/home/mamu/vcs/git/unikraft-app-msp430-helloworld/apps/app-helloworld/build/include -I/home/mamu/vcs/git/unikraft-app-msp430-helloworld/unikraft/arch/msp430/msp430/include -I/home/mamu/vcs/git/unikraft-app-msp430-helloworld/unikraft/include -I/home/mamu/vcs/git/unikraft-app-msp430-helloworld/unikraft/lib/ukboot/include -I/home/mamu/vcs/git/unikraft-app-msp430-helloworld/unikraft/lib/posix-user/include -I/home/mamu/vcs/git/unikraft-app-msp430-helloworld/unikraft/lib/posix-user/musl-imported/include -I/home/mamu/vcs/git/unikraft-app-msp430-helloworld/unikraft/lib/ukdebug/include -I/home/mamu/vcs/git/unikraft-app-msp430-helloworld/unikraft/lib/ukargparse/include -I/home/mamu/vcs/git/unikraft-app-msp430-helloworld/unikraft/lib/nolibc/include -I/home/mamu/vcs/git/unikraft-app-msp430-helloworld/unikraft/lib/nolibc/arch/msp430 -I/home/mamu/vcs/git/unikraft-app-msp430-helloworld/unikraft/lib/nolibc/musl-imported/include -I/home/mamu/vcs/git/unikraft-app-msp430-helloworld/unikraft/lib/nolibc/musl-imported/arch/generic -I/home/mamu/vcs/git/unikraft-app-msp430-helloworld/unikraft/lib/ukalloc/include -I/home/mamu/vcs/git/unikraft-app-msp430-helloworld/unikraft/lib/ukallocbbuddy/include -I/home/mamu/vcs/git/unikraft-app-msp430-helloworld/unikraft/lib/syscall_shim/include -I/home/mamu/vcs/git/unikraft-app-msp430-helloworld/unikraft/lib/vfscore/include -I/home/mamu/vcs/git/unikraft-app-msp430-helloworld/unikraft/lib/devfs/include -I/home/mamu/vcs/git/unikraft-app-msp430-helloworld/unikraft/lib/uklibparam/include -I/home/mamu/vcs/git/unikraft-app-msp430-helloworld/unikraft/lib/uktime/include -I/home/mamu/vcs/git/unikraft-app-msp430-helloworld/unikraft/lib/uktime/musl-imported/include -I/home/mamu/vcs/git/unikraft-app-msp430-helloworld/unikraft/lib/uksp/include  -I/home/mamu/vcs/git/unikraft-app-msp430-helloworld/unikraft/plat/msp430fr5994/include -I/home/mamu/vcs/git/unikraft-app-msp430-helloworld/unikraft/plat/common/include     -DCC_VERSION=9.3 -fno-builtin-printf -fno-builtin-fprintf -fno-builtin-sprintf -fno-builtin-snprintf -fno-builtin-vprintf -fno-builtin-vfprintf -fno-builtin-vsprintf -fno-builtin-vsnprintf -fno-builtin-scanf -fno-builtin-fscanf -fno-builtin-sscanf -fno-builtin-vscanf -fno-builtin-vfscanf -fno-builtin-vsscanf -fno-builtin-memcpy -fno-builtin-memset -fno-builtin-memchr -fno-builtin-memcmp -fno-builtin-memmove -fno-builtin-strncpy -fno-builtin-strnlen -fno-builtin-strlen -fno-builtin-strncmp -fno-builtin-strcspn -fno-builtin-strspn -fno-builtin-strndup -fno-builtin-strftime -fno-builtin-malloc -fno-builtin-calloc -fno-builtin-realloc -fno-builtin-posix_memalign -DCONFIG_UK_NETDEV_SCRATCH_SIZE=0 -DMSP430FR5994PLAT -D __MSP430FR5994__      -g3 -D__LIBNAME__=libmsp430fr5994plat -D__BASENAME__=memory.c  -c /home/mamu/vcs/git/unikraft-app-msp430-helloworld/unikraft/plat/msp430fr5994/memory.c -o /home/mamu/vcs/git/unikraft-app-msp430-helloworld/apps/app-helloworld/build/libmsp430fr5994plat/memory.o -Wp,-MD,/home/mamu/vcs/git/unikraft-app-msp430-helloworld/apps/app-helloworld/build/libmsp430fr5994plat/.memory.o.d
  CC      libmsp430fr5994plat: memory.o
/home/mamu/vcs/git/unikraft-app-msp430-helloworld/apps/app-helloworld/build/kconfig/fixdep /home/mamu/vcs/git/unikraft-app-msp430-helloworld/apps/app-helloworld/build/libmsp430fr5994plat/.memory.o.d /home/mamu/vcs/git/unikraft-app-msp430-helloworld/apps/app-helloworld/build/libmsp430fr5994plat/memory.o 'msp430-elf-gcc -nostdlib -U __linux__ -U __FreeBSD__ -U __sun__ -fno-omit-frame-pointer -fno-stack-protector -Wall -Wextra -D __Unikraft__ -DUK_CODENAME="Tethys" -DUK_VERSION=0.5 -DUK_FULLVERSION=0.5.0~6f43052-custom -fno-tree-sra -fno-split-stack -nostdinc -O2 -fno-PIC   -I/home/mamu/vcs/git/unikraft-app-msp430-helloworld/apps/app-helloworld/build/include -I/home/mamu/vcs/git/unikraft-app-msp430-helloworld/unikraft/arch/msp430/msp430/include -I/home/mamu/vcs/git/unikraft-app-msp430-helloworld/unikraft/include -I/home/mamu/vcs/git/unikraft-app-msp430-helloworld/unikraft/lib/ukboot/include -I/home/mamu/vcs/git/unikraft-app-msp430-helloworld/unikraft/lib/posix-user/include -I/home/mamu/vcs/git/unikraft-app-msp430-helloworld/unikraft/lib/posix-user/musl-imported/include -I/home/mamu/vcs/git/unikraft-app-msp430-helloworld/unikraft/lib/ukdebug/include -I/home/mamu/vcs/git/unikraft-app-msp430-helloworld/unikraft/lib/ukargparse/include -I/home/mamu/vcs/git/unikraft-app-msp430-helloworld/unikraft/lib/nolibc/include -I/home/mamu/vcs/git/unikraft-app-msp430-helloworld/unikraft/lib/nolibc/arch/msp430 -I/home/mamu/vcs/git/unikraft-app-msp430-helloworld/unikraft/lib/nolibc/musl-imported/include -I/home/mamu/vcs/git/unikraft-app-msp430-helloworld/unikraft/lib/nolibc/musl-imported/arch/generic -I/home/mamu/vcs/git/unikraft-app-msp430-helloworld/unikraft/lib/ukalloc/include -I/home/mamu/vcs/git/unikraft-app-msp430-helloworld/unikraft/lib/ukallocbbuddy/include -I/home/mamu/vcs/git/unikraft-app-msp430-helloworld/unikraft/lib/syscall_shim/include -I/home/mamu/vcs/git/unikraft-app-msp430-helloworld/unikraft/lib/vfscore/include -I/home/mamu/vcs/git/unikraft-app-msp430-helloworld/unikraft/lib/devfs/include -I/home/mamu/vcs/git/unikraft-app-msp430-helloworld/unikraft/lib/uklibparam/include -I/home/mamu/vcs/git/unikraft-app-msp430-helloworld/unikraft/lib/uktime/include -I/home/mamu/vcs/git/unikraft-app-msp430-helloworld/unikraft/lib/uktime/musl-imported/include -I/home/mamu/vcs/git/unikraft-app-msp430-helloworld/unikraft/lib/uksp/include  -I/home/mamu/vcs/git/unikraft-app-msp430-helloworld/unikraft/plat/msp430fr5994/include -I/home/mamu/vcs/git/unikraft-app-msp430-helloworld/unikraft/plat/common/include     -DCC_VERSION=9.3 -fno-builtin-printf -fno-builtin-fprintf -fno-builtin-sprintf -fno-builtin-snprintf -fno-builtin-vprintf -fno-builtin-vfprintf -fno-builtin-vsprintf -fno-builtin-vsnprintf -fno-builtin-scanf -fno-builtin-fscanf -fno-builtin-sscanf -fno-builtin-vscanf -fno-builtin-vfscanf -fno-builtin-vsscanf -fno-builtin-memcpy -fno-builtin-memset -fno-builtin-memchr -fno-builtin-memcmp -fno-builtin-memmove -fno-builtin-strncpy -fno-builtin-strnlen -fno-builtin-strlen -fno-builtin-strncmp -fno-builtin-strcspn -fno-builtin-strspn -fno-builtin-strndup -fno-builtin-strftime -fno-builtin-malloc -fno-builtin-calloc -fno-builtin-realloc -fno-builtin-posix_memalign -DCONFIG_UK_NETDEV_SCRATCH_SIZE=0 -DMSP430FR5994PLAT -D __MSP430FR5994__     -g3 -D__LIBNAME__=libmsp430fr5994plat -D__BASENAME__=memory.c -c /home/mamu/vcs/git/unikraft-app-msp430-helloworld/unikraft/plat/msp430fr5994/memory.c -o /home/mamu/vcs/git/unikraft-app-msp430-helloworld/apps/app-helloworld/build/libmsp430fr5994plat/memory.o -Wp,-MD,/home/mamu/vcs/git/unikraft-app-msp430-helloworld/apps/app-helloworld/build/libmsp430fr5994plat/.memory.o.d' > /home/mamu/vcs/git/unikraft-app-msp430-helloworld/apps/app-helloworld/build/libmsp430fr5994plat/memory.d && rm -f /home/mamu/vcs/git/unikraft-app-msp430-helloworld/apps/app-helloworld/build/libmsp430fr5994plat/.memory.o.d
/home/mamu/vcs/git/unikraft-app-msp430-helloworld/unikraft/support/build/Makefile.build:48: update target '/home/mamu/vcs/git/unikraft-app-msp430-helloworld/apps/app-helloworld/build/libmsp430fr5994plat/lcpu.o' due to: /home/mamu/vcs/git/unikraft-app-msp430-helloworld/unikraft/plat/msp430fr5994/lcpu.c
printf '  %-7s %s\n' 'CC'  'libmsp430fr5994plat':' lcpu.o' &&  msp430-elf-gcc  -nostdlib -U __linux__ -U __FreeBSD__ -U __sun__ -fno-omit-frame-pointer -fno-stack-protector -Wall -Wextra -D __Unikraft__ -DUK_CODENAME="Tethys" -DUK_VERSION=0.5 -DUK_FULLVERSION=0.5.0~6f43052-custom -fno-tree-sra -fno-split-stack -nostdinc -O2 -fno-PIC   -I/home/mamu/vcs/git/unikraft-app-msp430-helloworld/apps/app-helloworld/build/include -I/home/mamu/vcs/git/unikraft-app-msp430-helloworld/unikraft/arch/msp430/msp430/include -I/home/mamu/vcs/git/unikraft-app-msp430-helloworld/unikraft/include -I/home/mamu/vcs/git/unikraft-app-msp430-helloworld/unikraft/lib/ukboot/include -I/home/mamu/vcs/git/unikraft-app-msp430-helloworld/unikraft/lib/posix-user/include -I/home/mamu/vcs/git/unikraft-app-msp430-helloworld/unikraft/lib/posix-user/musl-imported/include -I/home/mamu/vcs/git/unikraft-app-msp430-helloworld/unikraft/lib/ukdebug/include -I/home/mamu/vcs/git/unikraft-app-msp430-helloworld/unikraft/lib/ukargparse/include -I/home/mamu/vcs/git/unikraft-app-msp430-helloworld/unikraft/lib/nolibc/include -I/home/mamu/vcs/git/unikraft-app-msp430-helloworld/unikraft/lib/nolibc/arch/msp430 -I/home/mamu/vcs/git/unikraft-app-msp430-helloworld/unikraft/lib/nolibc/musl-imported/include -I/home/mamu/vcs/git/unikraft-app-msp430-helloworld/unikraft/lib/nolibc/musl-imported/arch/generic -I/home/mamu/vcs/git/unikraft-app-msp430-helloworld/unikraft/lib/ukalloc/include -I/home/mamu/vcs/git/unikraft-app-msp430-helloworld/unikraft/lib/ukallocbbuddy/include -I/home/mamu/vcs/git/unikraft-app-msp430-helloworld/unikraft/lib/syscall_shim/include -I/home/mamu/vcs/git/unikraft-app-msp430-helloworld/unikraft/lib/vfscore/include -I/home/mamu/vcs/git/unikraft-app-msp430-helloworld/unikraft/lib/devfs/include -I/home/mamu/vcs/git/unikraft-app-msp430-helloworld/unikraft/lib/uklibparam/include -I/home/mamu/vcs/git/unikraft-app-msp430-helloworld/unikraft/lib/uktime/include -I/home/mamu/vcs/git/unikraft-app-msp430-helloworld/unikraft/lib/uktime/musl-imported/include -I/home/mamu/vcs/git/unikraft-app-msp430-helloworld/unikraft/lib/uksp/include  -I/home/mamu/vcs/git/unikraft-app-msp430-helloworld/unikraft/plat/msp430fr5994/include -I/home/mamu/vcs/git/unikraft-app-msp430-helloworld/unikraft/plat/common/include     -DCC_VERSION=9.3 -fno-builtin-printf -fno-builtin-fprintf -fno-builtin-sprintf -fno-builtin-snprintf -fno-builtin-vprintf -fno-builtin-vfprintf -fno-builtin-vsprintf -fno-builtin-vsnprintf -fno-builtin-scanf -fno-builtin-fscanf -fno-builtin-sscanf -fno-builtin-vscanf -fno-builtin-vfscanf -fno-builtin-vsscanf -fno-builtin-memcpy -fno-builtin-memset -fno-builtin-memchr -fno-builtin-memcmp -fno-builtin-memmove -fno-builtin-strncpy -fno-builtin-strnlen -fno-builtin-strlen -fno-builtin-strncmp -fno-builtin-strcspn -fno-builtin-strspn -fno-builtin-strndup -fno-builtin-strftime -fno-builtin-malloc -fno-builtin-calloc -fno-builtin-realloc -fno-builtin-posix_memalign -DCONFIG_UK_NETDEV_SCRATCH_SIZE=0 -DMSP430FR5994PLAT -D __MSP430FR5994__      -g3 -D__LIBNAME__=libmsp430fr5994plat -D__BASENAME__=lcpu.c  -c /home/mamu/vcs/git/unikraft-app-msp430-helloworld/unikraft/plat/msp430fr5994/lcpu.c -o /home/mamu/vcs/git/unikraft-app-msp430-helloworld/apps/app-helloworld/build/libmsp430fr5994plat/lcpu.o -Wp,-MD,/home/mamu/vcs/git/unikraft-app-msp430-helloworld/apps/app-helloworld/build/libmsp430fr5994plat/.lcpu.o.d
  CC      libmsp430fr5994plat: lcpu.o
/home/mamu/vcs/git/unikraft-app-msp430-helloworld/apps/app-helloworld/build/kconfig/fixdep /home/mamu/vcs/git/unikraft-app-msp430-helloworld/apps/app-helloworld/build/libmsp430fr5994plat/.lcpu.o.d /home/mamu/vcs/git/unikraft-app-msp430-helloworld/apps/app-helloworld/build/libmsp430fr5994plat/lcpu.o 'msp430-elf-gcc -nostdlib -U __linux__ -U __FreeBSD__ -U __sun__ -fno-omit-frame-pointer -fno-stack-protector -Wall -Wextra -D __Unikraft__ -DUK_CODENAME="Tethys" -DUK_VERSION=0.5 -DUK_FULLVERSION=0.5.0~6f43052-custom -fno-tree-sra -fno-split-stack -nostdinc -O2 -fno-PIC   -I/home/mamu/vcs/git/unikraft-app-msp430-helloworld/apps/app-helloworld/build/include -I/home/mamu/vcs/git/unikraft-app-msp430-helloworld/unikraft/arch/msp430/msp430/include -I/home/mamu/vcs/git/unikraft-app-msp430-helloworld/unikraft/include -I/home/mamu/vcs/git/unikraft-app-msp430-helloworld/unikraft/lib/ukboot/include -I/home/mamu/vcs/git/unikraft-app-msp430-helloworld/unikraft/lib/posix-user/include -I/home/mamu/vcs/git/unikraft-app-msp430-helloworld/unikraft/lib/posix-user/musl-imported/include -I/home/mamu/vcs/git/unikraft-app-msp430-helloworld/unikraft/lib/ukdebug/include -I/home/mamu/vcs/git/unikraft-app-msp430-helloworld/unikraft/lib/ukargparse/include -I/home/mamu/vcs/git/unikraft-app-msp430-helloworld/unikraft/lib/nolibc/include -I/home/mamu/vcs/git/unikraft-app-msp430-helloworld/unikraft/lib/nolibc/arch/msp430 -I/home/mamu/vcs/git/unikraft-app-msp430-helloworld/unikraft/lib/nolibc/musl-imported/include -I/home/mamu/vcs/git/unikraft-app-msp430-helloworld/unikraft/lib/nolibc/musl-imported/arch/generic -I/home/mamu/vcs/git/unikraft-app-msp430-helloworld/unikraft/lib/ukalloc/include -I/home/mamu/vcs/git/unikraft-app-msp430-helloworld/unikraft/lib/ukallocbbuddy/include -I/home/mamu/vcs/git/unikraft-app-msp430-helloworld/unikraft/lib/syscall_shim/include -I/home/mamu/vcs/git/unikraft-app-msp430-helloworld/unikraft/lib/vfscore/include -I/home/mamu/vcs/git/unikraft-app-msp430-helloworld/unikraft/lib/devfs/include -I/home/mamu/vcs/git/unikraft-app-msp430-helloworld/unikraft/lib/uklibparam/include -I/home/mamu/vcs/git/unikraft-app-msp430-helloworld/unikraft/lib/uktime/include -I/home/mamu/vcs/git/unikraft-app-msp430-helloworld/unikraft/lib/uktime/musl-imported/include -I/home/mamu/vcs/git/unikraft-app-msp430-helloworld/unikraft/lib/uksp/include  -I/home/mamu/vcs/git/unikraft-app-msp430-helloworld/unikraft/plat/msp430fr5994/include -I/home/mamu/vcs/git/unikraft-app-msp430-helloworld/unikraft/plat/common/include     -DCC_VERSION=9.3 -fno-builtin-printf -fno-builtin-fprintf -fno-builtin-sprintf -fno-builtin-snprintf -fno-builtin-vprintf -fno-builtin-vfprintf -fno-builtin-vsprintf -fno-builtin-vsnprintf -fno-builtin-scanf -fno-builtin-fscanf -fno-builtin-sscanf -fno-builtin-vscanf -fno-builtin-vfscanf -fno-builtin-vsscanf -fno-builtin-memcpy -fno-builtin-memset -fno-builtin-memchr -fno-builtin-memcmp -fno-builtin-memmove -fno-builtin-strncpy -fno-builtin-strnlen -fno-builtin-strlen -fno-builtin-strncmp -fno-builtin-strcspn -fno-builtin-strspn -fno-builtin-strndup -fno-builtin-strftime -fno-builtin-malloc -fno-builtin-calloc -fno-builtin-realloc -fno-builtin-posix_memalign -DCONFIG_UK_NETDEV_SCRATCH_SIZE=0 -DMSP430FR5994PLAT -D __MSP430FR5994__     -g3 -D__LIBNAME__=libmsp430fr5994plat -D__BASENAME__=lcpu.c -c /home/mamu/vcs/git/unikraft-app-msp430-helloworld/unikraft/plat/msp430fr5994/lcpu.c -o /home/mamu/vcs/git/unikraft-app-msp430-helloworld/apps/app-helloworld/build/libmsp430fr5994plat/lcpu.o -Wp,-MD,/home/mamu/vcs/git/unikraft-app-msp430-helloworld/apps/app-helloworld/build/libmsp430fr5994plat/.lcpu.o.d' > /home/mamu/vcs/git/unikraft-app-msp430-helloworld/apps/app-helloworld/build/libmsp430fr5994plat/lcpu.d && rm -f /home/mamu/vcs/git/unikraft-app-msp430-helloworld/apps/app-helloworld/build/libmsp430fr5994plat/.lcpu.o.d
/home/mamu/vcs/git/unikraft-app-msp430-helloworld/unikraft/support/build/Makefile.build:48: update target '/home/mamu/vcs/git/unikraft-app-msp430-helloworld/apps/app-helloworld/build/libmsp430fr5994plat/io.o' due to: /home/mamu/vcs/git/unikraft-app-msp430-helloworld/unikraft/plat/msp430fr5994/io.c
printf '  %-7s %s\n' 'CC'  'libmsp430fr5994plat':' io.o' &&  msp430-elf-gcc  -nostdlib -U __linux__ -U __FreeBSD__ -U __sun__ -fno-omit-frame-pointer -fno-stack-protector -Wall -Wextra -D __Unikraft__ -DUK_CODENAME="Tethys" -DUK_VERSION=0.5 -DUK_FULLVERSION=0.5.0~6f43052-custom -fno-tree-sra -fno-split-stack -nostdinc -O2 -fno-PIC   -I/home/mamu/vcs/git/unikraft-app-msp430-helloworld/apps/app-helloworld/build/include -I/home/mamu/vcs/git/unikraft-app-msp430-helloworld/unikraft/arch/msp430/msp430/include -I/home/mamu/vcs/git/unikraft-app-msp430-helloworld/unikraft/include -I/home/mamu/vcs/git/unikraft-app-msp430-helloworld/unikraft/lib/ukboot/include -I/home/mamu/vcs/git/unikraft-app-msp430-helloworld/unikraft/lib/posix-user/include -I/home/mamu/vcs/git/unikraft-app-msp430-helloworld/unikraft/lib/posix-user/musl-imported/include -I/home/mamu/vcs/git/unikraft-app-msp430-helloworld/unikraft/lib/ukdebug/include -I/home/mamu/vcs/git/unikraft-app-msp430-helloworld/unikraft/lib/ukargparse/include -I/home/mamu/vcs/git/unikraft-app-msp430-helloworld/unikraft/lib/nolibc/include -I/home/mamu/vcs/git/unikraft-app-msp430-helloworld/unikraft/lib/nolibc/arch/msp430 -I/home/mamu/vcs/git/unikraft-app-msp430-helloworld/unikraft/lib/nolibc/musl-imported/include -I/home/mamu/vcs/git/unikraft-app-msp430-helloworld/unikraft/lib/nolibc/musl-imported/arch/generic -I/home/mamu/vcs/git/unikraft-app-msp430-helloworld/unikraft/lib/ukalloc/include -I/home/mamu/vcs/git/unikraft-app-msp430-helloworld/unikraft/lib/ukallocbbuddy/include -I/home/mamu/vcs/git/unikraft-app-msp430-helloworld/unikraft/lib/syscall_shim/include -I/home/mamu/vcs/git/unikraft-app-msp430-helloworld/unikraft/lib/vfscore/include -I/home/mamu/vcs/git/unikraft-app-msp430-helloworld/unikraft/lib/devfs/include -I/home/mamu/vcs/git/unikraft-app-msp430-helloworld/unikraft/lib/uklibparam/include -I/home/mamu/vcs/git/unikraft-app-msp430-helloworld/unikraft/lib/uktime/include -I/home/mamu/vcs/git/unikraft-app-msp430-helloworld/unikraft/lib/uktime/musl-imported/include -I/home/mamu/vcs/git/unikraft-app-msp430-helloworld/unikraft/lib/uksp/include  -I/home/mamu/vcs/git/unikraft-app-msp430-helloworld/unikraft/plat/msp430fr5994/include -I/home/mamu/vcs/git/unikraft-app-msp430-helloworld/unikraft/plat/common/include     -DCC_VERSION=9.3 -fno-builtin-printf -fno-builtin-fprintf -fno-builtin-sprintf -fno-builtin-snprintf -fno-builtin-vprintf -fno-builtin-vfprintf -fno-builtin-vsprintf -fno-builtin-vsnprintf -fno-builtin-scanf -fno-builtin-fscanf -fno-builtin-sscanf -fno-builtin-vscanf -fno-builtin-vfscanf -fno-builtin-vsscanf -fno-builtin-memcpy -fno-builtin-memset -fno-builtin-memchr -fno-builtin-memcmp -fno-builtin-memmove -fno-builtin-strncpy -fno-builtin-strnlen -fno-builtin-strlen -fno-builtin-strncmp -fno-builtin-strcspn -fno-builtin-strspn -fno-builtin-strndup -fno-builtin-strftime -fno-builtin-malloc -fno-builtin-calloc -fno-builtin-realloc -fno-builtin-posix_memalign -DCONFIG_UK_NETDEV_SCRATCH_SIZE=0 -DMSP430FR5994PLAT -D __MSP430FR5994__      -g3 -D__LIBNAME__=libmsp430fr5994plat -D__BASENAME__=io.c  -c /home/mamu/vcs/git/unikraft-app-msp430-helloworld/unikraft/plat/msp430fr5994/io.c -o /home/mamu/vcs/git/unikraft-app-msp430-helloworld/apps/app-helloworld/build/libmsp430fr5994plat/io.o -Wp,-MD,/home/mamu/vcs/git/unikraft-app-msp430-helloworld/apps/app-helloworld/build/libmsp430fr5994plat/.io.o.d
  CC      libmsp430fr5994plat: io.o
/home/mamu/vcs/git/unikraft-app-msp430-helloworld/apps/app-helloworld/build/kconfig/fixdep /home/mamu/vcs/git/unikraft-app-msp430-helloworld/apps/app-helloworld/build/libmsp430fr5994plat/.io.o.d /home/mamu/vcs/git/unikraft-app-msp430-helloworld/apps/app-helloworld/build/libmsp430fr5994plat/io.o 'msp430-elf-gcc -nostdlib -U __linux__ -U __FreeBSD__ -U __sun__ -fno-omit-frame-pointer -fno-stack-protector -Wall -Wextra -D __Unikraft__ -DUK_CODENAME="Tethys" -DUK_VERSION=0.5 -DUK_FULLVERSION=0.5.0~6f43052-custom -fno-tree-sra -fno-split-stack -nostdinc -O2 -fno-PIC   -I/home/mamu/vcs/git/unikraft-app-msp430-helloworld/apps/app-helloworld/build/include -I/home/mamu/vcs/git/unikraft-app-msp430-helloworld/unikraft/arch/msp430/msp430/include -I/home/mamu/vcs/git/unikraft-app-msp430-helloworld/unikraft/include -I/home/mamu/vcs/git/unikraft-app-msp430-helloworld/unikraft/lib/ukboot/include -I/home/mamu/vcs/git/unikraft-app-msp430-helloworld/unikraft/lib/posix-user/include -I/home/mamu/vcs/git/unikraft-app-msp430-helloworld/unikraft/lib/posix-user/musl-imported/include -I/home/mamu/vcs/git/unikraft-app-msp430-helloworld/unikraft/lib/ukdebug/include -I/home/mamu/vcs/git/unikraft-app-msp430-helloworld/unikraft/lib/ukargparse/include -I/home/mamu/vcs/git/unikraft-app-msp430-helloworld/unikraft/lib/nolibc/include -I/home/mamu/vcs/git/unikraft-app-msp430-helloworld/unikraft/lib/nolibc/arch/msp430 -I/home/mamu/vcs/git/unikraft-app-msp430-helloworld/unikraft/lib/nolibc/musl-imported/include -I/home/mamu/vcs/git/unikraft-app-msp430-helloworld/unikraft/lib/nolibc/musl-imported/arch/generic -I/home/mamu/vcs/git/unikraft-app-msp430-helloworld/unikraft/lib/ukalloc/include -I/home/mamu/vcs/git/unikraft-app-msp430-helloworld/unikraft/lib/ukallocbbuddy/include -I/home/mamu/vcs/git/unikraft-app-msp430-helloworld/unikraft/lib/syscall_shim/include -I/home/mamu/vcs/git/unikraft-app-msp430-helloworld/unikraft/lib/vfscore/include -I/home/mamu/vcs/git/unikraft-app-msp430-helloworld/unikraft/lib/devfs/include -I/home/mamu/vcs/git/unikraft-app-msp430-helloworld/unikraft/lib/uklibparam/include -I/home/mamu/vcs/git/unikraft-app-msp430-helloworld/unikraft/lib/uktime/include -I/home/mamu/vcs/git/unikraft-app-msp430-helloworld/unikraft/lib/uktime/musl-imported/include -I/home/mamu/vcs/git/unikraft-app-msp430-helloworld/unikraft/lib/uksp/include  -I/home/mamu/vcs/git/unikraft-app-msp430-helloworld/unikraft/plat/msp430fr5994/include -I/home/mamu/vcs/git/unikraft-app-msp430-helloworld/unikraft/plat/common/include     -DCC_VERSION=9.3 -fno-builtin-printf -fno-builtin-fprintf -fno-builtin-sprintf -fno-builtin-snprintf -fno-builtin-vprintf -fno-builtin-vfprintf -fno-builtin-vsprintf -fno-builtin-vsnprintf -fno-builtin-scanf -fno-builtin-fscanf -fno-builtin-sscanf -fno-builtin-vscanf -fno-builtin-vfscanf -fno-builtin-vsscanf -fno-builtin-memcpy -fno-builtin-memset -fno-builtin-memchr -fno-builtin-memcmp -fno-builtin-memmove -fno-builtin-strncpy -fno-builtin-strnlen -fno-builtin-strlen -fno-builtin-strncmp -fno-builtin-strcspn -fno-builtin-strspn -fno-builtin-strndup -fno-builtin-strftime -fno-builtin-malloc -fno-builtin-calloc -fno-builtin-realloc -fno-builtin-posix_memalign -DCONFIG_UK_NETDEV_SCRATCH_SIZE=0 -DMSP430FR5994PLAT -D __MSP430FR5994__     -g3 -D__LIBNAME__=libmsp430fr5994plat -D__BASENAME__=io.c -c /home/mamu/vcs/git/unikraft-app-msp430-helloworld/unikraft/plat/msp430fr5994/io.c -o /home/mamu/vcs/git/unikraft-app-msp430-helloworld/apps/app-helloworld/build/libmsp430fr5994plat/io.o -Wp,-MD,/home/mamu/vcs/git/unikraft-app-msp430-helloworld/apps/app-helloworld/build/libmsp430fr5994plat/.io.o.d' > /home/mamu/vcs/git/unikraft-app-msp430-helloworld/apps/app-helloworld/build/libmsp430fr5994plat/io.d && rm -f /home/mamu/vcs/git/unikraft-app-msp430-helloworld/apps/app-helloworld/build/libmsp430fr5994plat/.io.o.d
/home/mamu/vcs/git/unikraft-app-msp430-helloworld/unikraft/support/build/Makefile.build:48: update target '/home/mamu/vcs/git/unikraft-app-msp430-helloworld/apps/app-helloworld/build/libmsp430fr5994plat/cpu.o' due to: /home/mamu/vcs/git/unikraft-app-msp430-helloworld/unikraft/plat/msp430fr5994/cpu.c
printf '  %-7s %s\n' 'CC'  'libmsp430fr5994plat':' cpu.o' &&  msp430-elf-gcc  -nostdlib -U __linux__ -U __FreeBSD__ -U __sun__ -fno-omit-frame-pointer -fno-stack-protector -Wall -Wextra -D __Unikraft__ -DUK_CODENAME="Tethys" -DUK_VERSION=0.5 -DUK_FULLVERSION=0.5.0~6f43052-custom -fno-tree-sra -fno-split-stack -nostdinc -O2 -fno-PIC   -I/home/mamu/vcs/git/unikraft-app-msp430-helloworld/apps/app-helloworld/build/include -I/home/mamu/vcs/git/unikraft-app-msp430-helloworld/unikraft/arch/msp430/msp430/include -I/home/mamu/vcs/git/unikraft-app-msp430-helloworld/unikraft/include -I/home/mamu/vcs/git/unikraft-app-msp430-helloworld/unikraft/lib/ukboot/include -I/home/mamu/vcs/git/unikraft-app-msp430-helloworld/unikraft/lib/posix-user/include -I/home/mamu/vcs/git/unikraft-app-msp430-helloworld/unikraft/lib/posix-user/musl-imported/include -I/home/mamu/vcs/git/unikraft-app-msp430-helloworld/unikraft/lib/ukdebug/include -I/home/mamu/vcs/git/unikraft-app-msp430-helloworld/unikraft/lib/ukargparse/include -I/home/mamu/vcs/git/unikraft-app-msp430-helloworld/unikraft/lib/nolibc/include -I/home/mamu/vcs/git/unikraft-app-msp430-helloworld/unikraft/lib/nolibc/arch/msp430 -I/home/mamu/vcs/git/unikraft-app-msp430-helloworld/unikraft/lib/nolibc/musl-imported/include -I/home/mamu/vcs/git/unikraft-app-msp430-helloworld/unikraft/lib/nolibc/musl-imported/arch/generic -I/home/mamu/vcs/git/unikraft-app-msp430-helloworld/unikraft/lib/ukalloc/include -I/home/mamu/vcs/git/unikraft-app-msp430-helloworld/unikraft/lib/ukallocbbuddy/include -I/home/mamu/vcs/git/unikraft-app-msp430-helloworld/unikraft/lib/syscall_shim/include -I/home/mamu/vcs/git/unikraft-app-msp430-helloworld/unikraft/lib/vfscore/include -I/home/mamu/vcs/git/unikraft-app-msp430-helloworld/unikraft/lib/devfs/include -I/home/mamu/vcs/git/unikraft-app-msp430-helloworld/unikraft/lib/uklibparam/include -I/home/mamu/vcs/git/unikraft-app-msp430-helloworld/unikraft/lib/uktime/include -I/home/mamu/vcs/git/unikraft-app-msp430-helloworld/unikraft/lib/uktime/musl-imported/include -I/home/mamu/vcs/git/unikraft-app-msp430-helloworld/unikraft/lib/uksp/include  -I/home/mamu/vcs/git/unikraft-app-msp430-helloworld/unikraft/plat/msp430fr5994/include -I/home/mamu/vcs/git/unikraft-app-msp430-helloworld/unikraft/plat/common/include     -DCC_VERSION=9.3 -fno-builtin-printf -fno-builtin-fprintf -fno-builtin-sprintf -fno-builtin-snprintf -fno-builtin-vprintf -fno-builtin-vfprintf -fno-builtin-vsprintf -fno-builtin-vsnprintf -fno-builtin-scanf -fno-builtin-fscanf -fno-builtin-sscanf -fno-builtin-vscanf -fno-builtin-vfscanf -fno-builtin-vsscanf -fno-builtin-memcpy -fno-builtin-memset -fno-builtin-memchr -fno-builtin-memcmp -fno-builtin-memmove -fno-builtin-strncpy -fno-builtin-strnlen -fno-builtin-strlen -fno-builtin-strncmp -fno-builtin-strcspn -fno-builtin-strspn -fno-builtin-strndup -fno-builtin-strftime -fno-builtin-malloc -fno-builtin-calloc -fno-builtin-realloc -fno-builtin-posix_memalign -DCONFIG_UK_NETDEV_SCRATCH_SIZE=0 -DMSP430FR5994PLAT -D __MSP430FR5994__      -g3 -D__LIBNAME__=libmsp430fr5994plat -D__BASENAME__=cpu.c  -c /home/mamu/vcs/git/unikraft-app-msp430-helloworld/unikraft/plat/msp430fr5994/cpu.c -o /home/mamu/vcs/git/unikraft-app-msp430-helloworld/apps/app-helloworld/build/libmsp430fr5994plat/cpu.o -Wp,-MD,/home/mamu/vcs/git/unikraft-app-msp430-helloworld/apps/app-helloworld/build/libmsp430fr5994plat/.cpu.o.d
  CC      libmsp430fr5994plat: cpu.o
/home/mamu/vcs/git/unikraft-app-msp430-helloworld/apps/app-helloworld/build/kconfig/fixdep /home/mamu/vcs/git/unikraft-app-msp430-helloworld/apps/app-helloworld/build/libmsp430fr5994plat/.cpu.o.d /home/mamu/vcs/git/unikraft-app-msp430-helloworld/apps/app-helloworld/build/libmsp430fr5994plat/cpu.o 'msp430-elf-gcc -nostdlib -U __linux__ -U __FreeBSD__ -U __sun__ -fno-omit-frame-pointer -fno-stack-protector -Wall -Wextra -D __Unikraft__ -DUK_CODENAME="Tethys" -DUK_VERSION=0.5 -DUK_FULLVERSION=0.5.0~6f43052-custom -fno-tree-sra -fno-split-stack -nostdinc -O2 -fno-PIC   -I/home/mamu/vcs/git/unikraft-app-msp430-helloworld/apps/app-helloworld/build/include -I/home/mamu/vcs/git/unikraft-app-msp430-helloworld/unikraft/arch/msp430/msp430/include -I/home/mamu/vcs/git/unikraft-app-msp430-helloworld/unikraft/include -I/home/mamu/vcs/git/unikraft-app-msp430-helloworld/unikraft/lib/ukboot/include -I/home/mamu/vcs/git/unikraft-app-msp430-helloworld/unikraft/lib/posix-user/include -I/home/mamu/vcs/git/unikraft-app-msp430-helloworld/unikraft/lib/posix-user/musl-imported/include -I/home/mamu/vcs/git/unikraft-app-msp430-helloworld/unikraft/lib/ukdebug/include -I/home/mamu/vcs/git/unikraft-app-msp430-helloworld/unikraft/lib/ukargparse/include -I/home/mamu/vcs/git/unikraft-app-msp430-helloworld/unikraft/lib/nolibc/include -I/home/mamu/vcs/git/unikraft-app-msp430-helloworld/unikraft/lib/nolibc/arch/msp430 -I/home/mamu/vcs/git/unikraft-app-msp430-helloworld/unikraft/lib/nolibc/musl-imported/include -I/home/mamu/vcs/git/unikraft-app-msp430-helloworld/unikraft/lib/nolibc/musl-imported/arch/generic -I/home/mamu/vcs/git/unikraft-app-msp430-helloworld/unikraft/lib/ukalloc/include -I/home/mamu/vcs/git/unikraft-app-msp430-helloworld/unikraft/lib/ukallocbbuddy/include -I/home/mamu/vcs/git/unikraft-app-msp430-helloworld/unikraft/lib/syscall_shim/include -I/home/mamu/vcs/git/unikraft-app-msp430-helloworld/unikraft/lib/vfscore/include -I/home/mamu/vcs/git/unikraft-app-msp430-helloworld/unikraft/lib/devfs/include -I/home/mamu/vcs/git/unikraft-app-msp430-helloworld/unikraft/lib/uklibparam/include -I/home/mamu/vcs/git/unikraft-app-msp430-helloworld/unikraft/lib/uktime/include -I/home/mamu/vcs/git/unikraft-app-msp430-helloworld/unikraft/lib/uktime/musl-imported/include -I/home/mamu/vcs/git/unikraft-app-msp430-helloworld/unikraft/lib/uksp/include  -I/home/mamu/vcs/git/unikraft-app-msp430-helloworld/unikraft/plat/msp430fr5994/include -I/home/mamu/vcs/git/unikraft-app-msp430-helloworld/unikraft/plat/common/include     -DCC_VERSION=9.3 -fno-builtin-printf -fno-builtin-fprintf -fno-builtin-sprintf -fno-builtin-snprintf -fno-builtin-vprintf -fno-builtin-vfprintf -fno-builtin-vsprintf -fno-builtin-vsnprintf -fno-builtin-scanf -fno-builtin-fscanf -fno-builtin-sscanf -fno-builtin-vscanf -fno-builtin-vfscanf -fno-builtin-vsscanf -fno-builtin-memcpy -fno-builtin-memset -fno-builtin-memchr -fno-builtin-memcmp -fno-builtin-memmove -fno-builtin-strncpy -fno-builtin-strnlen -fno-builtin-strlen -fno-builtin-strncmp -fno-builtin-strcspn -fno-builtin-strspn -fno-builtin-strndup -fno-builtin-strftime -fno-builtin-malloc -fno-builtin-calloc -fno-builtin-realloc -fno-builtin-posix_memalign -DCONFIG_UK_NETDEV_SCRATCH_SIZE=0 -DMSP430FR5994PLAT -D __MSP430FR5994__     -g3 -D__LIBNAME__=libmsp430fr5994plat -D__BASENAME__=cpu.c -c /home/mamu/vcs/git/unikraft-app-msp430-helloworld/unikraft/plat/msp430fr5994/cpu.c -o /home/mamu/vcs/git/unikraft-app-msp430-helloworld/apps/app-helloworld/build/libmsp430fr5994plat/cpu.o -Wp,-MD,/home/mamu/vcs/git/unikraft-app-msp430-helloworld/apps/app-helloworld/build/libmsp430fr5994plat/.cpu.o.d' > /home/mamu/vcs/git/unikraft-app-msp430-helloworld/apps/app-helloworld/build/libmsp430fr5994plat/cpu.d && rm -f /home/mamu/vcs/git/unikraft-app-msp430-helloworld/apps/app-helloworld/build/libmsp430fr5994plat/.cpu.o.d
/home/mamu/vcs/git/unikraft-app-msp430-helloworld/unikraft/support/build/Makefile.build:48: update target '/home/mamu/vcs/git/unikraft-app-msp430-helloworld/apps/app-helloworld/build/libmsp430fr5994plat.ld.o' due to: /home/mamu/vcs/git/unikraft-app-msp430-helloworld/apps/app-helloworld/build/libmsp430fr5994plat/setup.o /home/mamu/vcs/git/unikraft-app-msp430-helloworld/apps/app-helloworld/build/libmsp430fr5994plat/console.o /home/mamu/vcs/git/unikraft-app-msp430-helloworld/apps/app-helloworld/build/libmsp430fr5994plat/shutdown.o /home/mamu/vcs/git/unikraft-app-msp430-helloworld/apps/app-helloworld/build/libmsp430fr5994plat/memory.o /home/mamu/vcs/git/unikraft-app-msp430-helloworld/apps/app-helloworld/build/libmsp430fr5994plat/lcpu.o /home/mamu/vcs/git/unikraft-app-msp430-helloworld/apps/app-helloworld/build/libmsp430fr5994plat/io.o /home/mamu/vcs/git/unikraft-app-msp430-helloworld/apps/app-helloworld/build/libmsp430fr5994plat/cpu.o
printf '  %-7s %s\n' 'LD'  'libmsp430fr5994plat.ld.o' &&  msp430-elf-gcc -nostdlib -Wl,-r -Wl,-d -Wl,--no-gc-sections -no-pie -nostdinc    /home/mamu/vcs/git/unikraft-app-msp430-helloworld/apps/app-helloworld/build/libmsp430fr5994plat/setup.o /home/mamu/vcs/git/unikraft-app-msp430-helloworld/apps/app-helloworld/build/libmsp430fr5994plat/console.o /home/mamu/vcs/git/unikraft-app-msp430-helloworld/apps/app-helloworld/build/libmsp430fr5994plat/shutdown.o /home/mamu/vcs/git/unikraft-app-msp430-helloworld/apps/app-helloworld/build/libmsp430fr5994plat/memory.o /home/mamu/vcs/git/unikraft-app-msp430-helloworld/apps/app-helloworld/build/libmsp430fr5994plat/lcpu.o /home/mamu/vcs/git/unikraft-app-msp430-helloworld/apps/app-helloworld/build/libmsp430fr5994plat/io.o /home/mamu/vcs/git/unikraft-app-msp430-helloworld/apps/app-helloworld/build/libmsp430fr5994plat/cpu.o   -Wl,--start-group     -Wl,--end-group -o /home/mamu/vcs/git/unikraft-app-msp430-helloworld/apps/app-helloworld/build/libmsp430fr5994plat.ld.o
  LD      libmsp430fr5994plat.ld.o
/home/mamu/vcs/git/unikraft-app-msp430-helloworld/unikraft/support/build/Makefile.build:48: update target '/home/mamu/vcs/git/unikraft-app-msp430-helloworld/apps/app-helloworld/build/libmsp430fr5994plat.o' due to: /home/mamu/vcs/git/unikraft-app-msp430-helloworld/apps/app-helloworld/build/libmsp430fr5994plat.ld.o
printf '  %-7s %s\n' 'OBJCOPY'  'libmsp430fr5994plat.o' &&  msp430-elf-objcopy        /home/mamu/vcs/git/unikraft-app-msp430-helloworld/apps/app-helloworld/build/libmsp430fr5994plat.ld.o /home/mamu/vcs/git/unikraft-app-msp430-helloworld/apps/app-helloworld/build/libmsp430fr5994plat.o
  OBJCOPY libmsp430fr5994plat.o
/home/mamu/vcs/git/unikraft-app-msp430-helloworld/unikraft/support/build/Makefile.build:27: update target '/home/mamu/vcs/git/unikraft-app-msp430-helloworld/apps/app-helloworld/build/apphelloworld/main.o' due to: /home/mamu/vcs/git/unikraft-app-msp430-helloworld/apps/app-helloworld/main.c
printf '  %-7s %s\n' 'CC'  'apphelloworld':' main.o' &&  msp430-elf-gcc  -nostdlib -U __linux__ -U __FreeBSD__ -U __sun__ -fno-omit-frame-pointer -fno-stack-protector -Wall -Wextra -D __Unikraft__ -DUK_CODENAME="Tethys" -DUK_VERSION=0.5 -DUK_FULLVERSION=0.5.0~6f43052-custom -fno-tree-sra -fno-split-stack -nostdinc -O2 -fno-PIC   -I/home/mamu/vcs/git/unikraft-app-msp430-helloworld/apps/app-helloworld/build/include -I/home/mamu/vcs/git/unikraft-app-msp430-helloworld/unikraft/arch/msp430/msp430/include -I/home/mamu/vcs/git/unikraft-app-msp430-helloworld/unikraft/include -I/home/mamu/vcs/git/unikraft-app-msp430-helloworld/unikraft/lib/ukboot/include -I/home/mamu/vcs/git/unikraft-app-msp430-helloworld/unikraft/lib/posix-user/include -I/home/mamu/vcs/git/unikraft-app-msp430-helloworld/unikraft/lib/posix-user/musl-imported/include -I/home/mamu/vcs/git/unikraft-app-msp430-helloworld/unikraft/lib/ukdebug/include -I/home/mamu/vcs/git/unikraft-app-msp430-helloworld/unikraft/lib/ukargparse/include -I/home/mamu/vcs/git/unikraft-app-msp430-helloworld/unikraft/lib/nolibc/include -I/home/mamu/vcs/git/unikraft-app-msp430-helloworld/unikraft/lib/nolibc/arch/msp430 -I/home/mamu/vcs/git/unikraft-app-msp430-helloworld/unikraft/lib/nolibc/musl-imported/include -I/home/mamu/vcs/git/unikraft-app-msp430-helloworld/unikraft/lib/nolibc/musl-imported/arch/generic -I/home/mamu/vcs/git/unikraft-app-msp430-helloworld/unikraft/lib/ukalloc/include -I/home/mamu/vcs/git/unikraft-app-msp430-helloworld/unikraft/lib/ukallocbbuddy/include -I/home/mamu/vcs/git/unikraft-app-msp430-helloworld/unikraft/lib/syscall_shim/include -I/home/mamu/vcs/git/unikraft-app-msp430-helloworld/unikraft/lib/vfscore/include -I/home/mamu/vcs/git/unikraft-app-msp430-helloworld/unikraft/lib/devfs/include -I/home/mamu/vcs/git/unikraft-app-msp430-helloworld/unikraft/lib/uklibparam/include -I/home/mamu/vcs/git/unikraft-app-msp430-helloworld/unikraft/lib/uktime/include -I/home/mamu/vcs/git/unikraft-app-msp430-helloworld/unikraft/lib/uktime/musl-imported/include -I/home/mamu/vcs/git/unikraft-app-msp430-helloworld/unikraft/lib/uksp/include       -DCC_VERSION=9.3 -fno-builtin-printf -fno-builtin-fprintf -fno-builtin-sprintf -fno-builtin-snprintf -fno-builtin-vprintf -fno-builtin-vfprintf -fno-builtin-vsprintf -fno-builtin-vsnprintf -fno-builtin-scanf -fno-builtin-fscanf -fno-builtin-sscanf -fno-builtin-vscanf -fno-builtin-vfscanf -fno-builtin-vsscanf -fno-builtin-memcpy -fno-builtin-memset -fno-builtin-memchr -fno-builtin-memcmp -fno-builtin-memmove -fno-builtin-strncpy -fno-builtin-strnlen -fno-builtin-strlen -fno-builtin-strncmp -fno-builtin-strcspn -fno-builtin-strspn -fno-builtin-strndup -fno-builtin-strftime -fno-builtin-malloc -fno-builtin-calloc -fno-builtin-realloc -fno-builtin-posix_memalign -DCONFIG_UK_NETDEV_SCRATCH_SIZE=0       -g3 -D__LIBNAME__=apphelloworld -D__BASENAME__=main.c  -c /home/mamu/vcs/git/unikraft-app-msp430-helloworld/apps/app-helloworld/main.c -o /home/mamu/vcs/git/unikraft-app-msp430-helloworld/apps/app-helloworld/build/apphelloworld/main.o -Wp,-MD,/home/mamu/vcs/git/unikraft-app-msp430-helloworld/apps/app-helloworld/build/apphelloworld/.main.o.d
  CC      apphelloworld: main.o
/home/mamu/vcs/git/unikraft-app-msp430-helloworld/apps/app-helloworld/build/kconfig/fixdep /home/mamu/vcs/git/unikraft-app-msp430-helloworld/apps/app-helloworld/build/apphelloworld/.main.o.d /home/mamu/vcs/git/unikraft-app-msp430-helloworld/apps/app-helloworld/build/apphelloworld/main.o 'msp430-elf-gcc -nostdlib -U __linux__ -U __FreeBSD__ -U __sun__ -fno-omit-frame-pointer -fno-stack-protector -Wall -Wextra -D __Unikraft__ -DUK_CODENAME="Tethys" -DUK_VERSION=0.5 -DUK_FULLVERSION=0.5.0~6f43052-custom -fno-tree-sra -fno-split-stack -nostdinc -O2 -fno-PIC   -I/home/mamu/vcs/git/unikraft-app-msp430-helloworld/apps/app-helloworld/build/include -I/home/mamu/vcs/git/unikraft-app-msp430-helloworld/unikraft/arch/msp430/msp430/include -I/home/mamu/vcs/git/unikraft-app-msp430-helloworld/unikraft/include -I/home/mamu/vcs/git/unikraft-app-msp430-helloworld/unikraft/lib/ukboot/include -I/home/mamu/vcs/git/unikraft-app-msp430-helloworld/unikraft/lib/posix-user/include -I/home/mamu/vcs/git/unikraft-app-msp430-helloworld/unikraft/lib/posix-user/musl-imported/include -I/home/mamu/vcs/git/unikraft-app-msp430-helloworld/unikraft/lib/ukdebug/include -I/home/mamu/vcs/git/unikraft-app-msp430-helloworld/unikraft/lib/ukargparse/include -I/home/mamu/vcs/git/unikraft-app-msp430-helloworld/unikraft/lib/nolibc/include -I/home/mamu/vcs/git/unikraft-app-msp430-helloworld/unikraft/lib/nolibc/arch/msp430 -I/home/mamu/vcs/git/unikraft-app-msp430-helloworld/unikraft/lib/nolibc/musl-imported/include -I/home/mamu/vcs/git/unikraft-app-msp430-helloworld/unikraft/lib/nolibc/musl-imported/arch/generic -I/home/mamu/vcs/git/unikraft-app-msp430-helloworld/unikraft/lib/ukalloc/include -I/home/mamu/vcs/git/unikraft-app-msp430-helloworld/unikraft/lib/ukallocbbuddy/include -I/home/mamu/vcs/git/unikraft-app-msp430-helloworld/unikraft/lib/syscall_shim/include -I/home/mamu/vcs/git/unikraft-app-msp430-helloworld/unikraft/lib/vfscore/include -I/home/mamu/vcs/git/unikraft-app-msp430-helloworld/unikraft/lib/devfs/include -I/home/mamu/vcs/git/unikraft-app-msp430-helloworld/unikraft/lib/uklibparam/include -I/home/mamu/vcs/git/unikraft-app-msp430-helloworld/unikraft/lib/uktime/include -I/home/mamu/vcs/git/unikraft-app-msp430-helloworld/unikraft/lib/uktime/musl-imported/include -I/home/mamu/vcs/git/unikraft-app-msp430-helloworld/unikraft/lib/uksp/include       -DCC_VERSION=9.3 -fno-builtin-printf -fno-builtin-fprintf -fno-builtin-sprintf -fno-builtin-snprintf -fno-builtin-vprintf -fno-builtin-vfprintf -fno-builtin-vsprintf -fno-builtin-vsnprintf -fno-builtin-scanf -fno-builtin-fscanf -fno-builtin-sscanf -fno-builtin-vscanf -fno-builtin-vfscanf -fno-builtin-vsscanf -fno-builtin-memcpy -fno-builtin-memset -fno-builtin-memchr -fno-builtin-memcmp -fno-builtin-memmove -fno-builtin-strncpy -fno-builtin-strnlen -fno-builtin-strlen -fno-builtin-strncmp -fno-builtin-strcspn -fno-builtin-strspn -fno-builtin-strndup -fno-builtin-strftime -fno-builtin-malloc -fno-builtin-calloc -fno-builtin-realloc -fno-builtin-posix_memalign -DCONFIG_UK_NETDEV_SCRATCH_SIZE=0      -g3 -D__LIBNAME__=apphelloworld -D__BASENAME__=main.c -c /home/mamu/vcs/git/unikraft-app-msp430-helloworld/apps/app-helloworld/main.c -o /home/mamu/vcs/git/unikraft-app-msp430-helloworld/apps/app-helloworld/build/apphelloworld/main.o -Wp,-MD,/home/mamu/vcs/git/unikraft-app-msp430-helloworld/apps/app-helloworld/build/apphelloworld/.main.o.d' > /home/mamu/vcs/git/unikraft-app-msp430-helloworld/apps/app-helloworld/build/apphelloworld/main.d && rm -f /home/mamu/vcs/git/unikraft-app-msp430-helloworld/apps/app-helloworld/build/apphelloworld/.main.o.d
/home/mamu/vcs/git/unikraft-app-msp430-helloworld/unikraft/support/build/Makefile.build:27: update target '/home/mamu/vcs/git/unikraft-app-msp430-helloworld/apps/app-helloworld/build/apphelloworld.ld.o' due to: /home/mamu/vcs/git/unikraft-app-msp430-helloworld/apps/app-helloworld/build/apphelloworld/main.o
printf '  %-7s %s\n' 'LD'  'apphelloworld.ld.o' &&  msp430-elf-gcc -nostdlib -Wl,-r -Wl,-d -Wl,--no-gc-sections -no-pie -nostdinc    /home/mamu/vcs/git/unikraft-app-msp430-helloworld/apps/app-helloworld/build/apphelloworld/main.o   -Wl,--start-group     -Wl,--end-group -o /home/mamu/vcs/git/unikraft-app-msp430-helloworld/apps/app-helloworld/build/apphelloworld.ld.o
  LD      apphelloworld.ld.o
/home/mamu/vcs/git/unikraft-app-msp430-helloworld/unikraft/support/build/Makefile.build:27: update target '/home/mamu/vcs/git/unikraft-app-msp430-helloworld/apps/app-helloworld/build/apphelloworld.o' due to: /home/mamu/vcs/git/unikraft-app-msp430-helloworld/apps/app-helloworld/build/apphelloworld.ld.o
printf '  %-7s %s\n' 'OBJCOPY'  'apphelloworld.o' &&  msp430-elf-objcopy        /home/mamu/vcs/git/unikraft-app-msp430-helloworld/apps/app-helloworld/build/apphelloworld.ld.o /home/mamu/vcs/git/unikraft-app-msp430-helloworld/apps/app-helloworld/build/apphelloworld.o
  OBJCOPY apphelloworld.o
/home/mamu/vcs/git/unikraft-app-msp430-helloworld/unikraft/support/build/Makefile.build:27: update target '/home/mamu/vcs/git/unikraft-app-msp430-helloworld/apps/app-helloworld/build/libukboot/boot.o' due to: /home/mamu/vcs/git/unikraft-app-msp430-helloworld/unikraft/lib/ukboot/boot.c
printf '  %-7s %s\n' 'CC'  'libukboot':' boot.o' &&  msp430-elf-gcc  -nostdlib -U __linux__ -U __FreeBSD__ -U __sun__ -fno-omit-frame-pointer -fno-stack-protector -Wall -Wextra -D __Unikraft__ -DUK_CODENAME="Tethys" -DUK_VERSION=0.5 -DUK_FULLVERSION=0.5.0~6f43052-custom -fno-tree-sra -fno-split-stack -nostdinc -O2 -fno-PIC   -I/home/mamu/vcs/git/unikraft-app-msp430-helloworld/apps/app-helloworld/build/include -I/home/mamu/vcs/git/unikraft-app-msp430-helloworld/unikraft/arch/msp430/msp430/include -I/home/mamu/vcs/git/unikraft-app-msp430-helloworld/unikraft/include -I/home/mamu/vcs/git/unikraft-app-msp430-helloworld/unikraft/lib/ukboot/include -I/home/mamu/vcs/git/unikraft-app-msp430-helloworld/unikraft/lib/posix-user/include -I/home/mamu/vcs/git/unikraft-app-msp430-helloworld/unikraft/lib/posix-user/musl-imported/include -I/home/mamu/vcs/git/unikraft-app-msp430-helloworld/unikraft/lib/ukdebug/include -I/home/mamu/vcs/git/unikraft-app-msp430-helloworld/unikraft/lib/ukargparse/include -I/home/mamu/vcs/git/unikraft-app-msp430-helloworld/unikraft/lib/nolibc/include -I/home/mamu/vcs/git/unikraft-app-msp430-helloworld/unikraft/lib/nolibc/arch/msp430 -I/home/mamu/vcs/git/unikraft-app-msp430-helloworld/unikraft/lib/nolibc/musl-imported/include -I/home/mamu/vcs/git/unikraft-app-msp430-helloworld/unikraft/lib/nolibc/musl-imported/arch/generic -I/home/mamu/vcs/git/unikraft-app-msp430-helloworld/unikraft/lib/ukalloc/include -I/home/mamu/vcs/git/unikraft-app-msp430-helloworld/unikraft/lib/ukallocbbuddy/include -I/home/mamu/vcs/git/unikraft-app-msp430-helloworld/unikraft/lib/syscall_shim/include -I/home/mamu/vcs/git/unikraft-app-msp430-helloworld/unikraft/lib/vfscore/include -I/home/mamu/vcs/git/unikraft-app-msp430-helloworld/unikraft/lib/devfs/include -I/home/mamu/vcs/git/unikraft-app-msp430-helloworld/unikraft/lib/uklibparam/include -I/home/mamu/vcs/git/unikraft-app-msp430-helloworld/unikraft/lib/uktime/include -I/home/mamu/vcs/git/unikraft-app-msp430-helloworld/unikraft/lib/uktime/musl-imported/include -I/home/mamu/vcs/git/unikraft-app-msp430-helloworld/unikraft/lib/uksp/include       -DCC_VERSION=9.3 -fno-builtin-printf -fno-builtin-fprintf -fno-builtin-sprintf -fno-builtin-snprintf -fno-builtin-vprintf -fno-builtin-vfprintf -fno-builtin-vsprintf -fno-builtin-vsnprintf -fno-builtin-scanf -fno-builtin-fscanf -fno-builtin-sscanf -fno-builtin-vscanf -fno-builtin-vfscanf -fno-builtin-vsscanf -fno-builtin-memcpy -fno-builtin-memset -fno-builtin-memchr -fno-builtin-memcmp -fno-builtin-memmove -fno-builtin-strncpy -fno-builtin-strnlen -fno-builtin-strlen -fno-builtin-strncmp -fno-builtin-strcspn -fno-builtin-strspn -fno-builtin-strndup -fno-builtin-strftime -fno-builtin-malloc -fno-builtin-calloc -fno-builtin-realloc -fno-builtin-posix_memalign -DCONFIG_UK_NETDEV_SCRATCH_SIZE=0       -g3 -D__LIBNAME__=libukboot -D__BASENAME__=boot.c  -c /home/mamu/vcs/git/unikraft-app-msp430-helloworld/unikraft/lib/ukboot/boot.c -o /home/mamu/vcs/git/unikraft-app-msp430-helloworld/apps/app-helloworld/build/libukboot/boot.o -Wp,-MD,/home/mamu/vcs/git/unikraft-app-msp430-helloworld/apps/app-helloworld/build/libukboot/.boot.o.d
  CC      libukboot: boot.o
/home/mamu/vcs/git/unikraft-app-msp430-helloworld/apps/app-helloworld/build/kconfig/fixdep /home/mamu/vcs/git/unikraft-app-msp430-helloworld/apps/app-helloworld/build/libukboot/.boot.o.d /home/mamu/vcs/git/unikraft-app-msp430-helloworld/apps/app-helloworld/build/libukboot/boot.o 'msp430-elf-gcc -nostdlib -U __linux__ -U __FreeBSD__ -U __sun__ -fno-omit-frame-pointer -fno-stack-protector -Wall -Wextra -D __Unikraft__ -DUK_CODENAME="Tethys" -DUK_VERSION=0.5 -DUK_FULLVERSION=0.5.0~6f43052-custom -fno-tree-sra -fno-split-stack -nostdinc -O2 -fno-PIC   -I/home/mamu/vcs/git/unikraft-app-msp430-helloworld/apps/app-helloworld/build/include -I/home/mamu/vcs/git/unikraft-app-msp430-helloworld/unikraft/arch/msp430/msp430/include -I/home/mamu/vcs/git/unikraft-app-msp430-helloworld/unikraft/include -I/home/mamu/vcs/git/unikraft-app-msp430-helloworld/unikraft/lib/ukboot/include -I/home/mamu/vcs/git/unikraft-app-msp430-helloworld/unikraft/lib/posix-user/include -I/home/mamu/vcs/git/unikraft-app-msp430-helloworld/unikraft/lib/posix-user/musl-imported/include -I/home/mamu/vcs/git/unikraft-app-msp430-helloworld/unikraft/lib/ukdebug/include -I/home/mamu/vcs/git/unikraft-app-msp430-helloworld/unikraft/lib/ukargparse/include -I/home/mamu/vcs/git/unikraft-app-msp430-helloworld/unikraft/lib/nolibc/include -I/home/mamu/vcs/git/unikraft-app-msp430-helloworld/unikraft/lib/nolibc/arch/msp430 -I/home/mamu/vcs/git/unikraft-app-msp430-helloworld/unikraft/lib/nolibc/musl-imported/include -I/home/mamu/vcs/git/unikraft-app-msp430-helloworld/unikraft/lib/nolibc/musl-imported/arch/generic -I/home/mamu/vcs/git/unikraft-app-msp430-helloworld/unikraft/lib/ukalloc/include -I/home/mamu/vcs/git/unikraft-app-msp430-helloworld/unikraft/lib/ukallocbbuddy/include -I/home/mamu/vcs/git/unikraft-app-msp430-helloworld/unikraft/lib/syscall_shim/include -I/home/mamu/vcs/git/unikraft-app-msp430-helloworld/unikraft/lib/vfscore/include -I/home/mamu/vcs/git/unikraft-app-msp430-helloworld/unikraft/lib/devfs/include -I/home/mamu/vcs/git/unikraft-app-msp430-helloworld/unikraft/lib/uklibparam/include -I/home/mamu/vcs/git/unikraft-app-msp430-helloworld/unikraft/lib/uktime/include -I/home/mamu/vcs/git/unikraft-app-msp430-helloworld/unikraft/lib/uktime/musl-imported/include -I/home/mamu/vcs/git/unikraft-app-msp430-helloworld/unikraft/lib/uksp/include       -DCC_VERSION=9.3 -fno-builtin-printf -fno-builtin-fprintf -fno-builtin-sprintf -fno-builtin-snprintf -fno-builtin-vprintf -fno-builtin-vfprintf -fno-builtin-vsprintf -fno-builtin-vsnprintf -fno-builtin-scanf -fno-builtin-fscanf -fno-builtin-sscanf -fno-builtin-vscanf -fno-builtin-vfscanf -fno-builtin-vsscanf -fno-builtin-memcpy -fno-builtin-memset -fno-builtin-memchr -fno-builtin-memcmp -fno-builtin-memmove -fno-builtin-strncpy -fno-builtin-strnlen -fno-builtin-strlen -fno-builtin-strncmp -fno-builtin-strcspn -fno-builtin-strspn -fno-builtin-strndup -fno-builtin-strftime -fno-builtin-malloc -fno-builtin-calloc -fno-builtin-realloc -fno-builtin-posix_memalign -DCONFIG_UK_NETDEV_SCRATCH_SIZE=0      -g3 -D__LIBNAME__=libukboot -D__BASENAME__=boot.c -c /home/mamu/vcs/git/unikraft-app-msp430-helloworld/unikraft/lib/ukboot/boot.c -o /home/mamu/vcs/git/unikraft-app-msp430-helloworld/apps/app-helloworld/build/libukboot/boot.o -Wp,-MD,/home/mamu/vcs/git/unikraft-app-msp430-helloworld/apps/app-helloworld/build/libukboot/.boot.o.d' > /home/mamu/vcs/git/unikraft-app-msp430-helloworld/apps/app-helloworld/build/libukboot/boot.d && rm -f /home/mamu/vcs/git/unikraft-app-msp430-helloworld/apps/app-helloworld/build/libukboot/.boot.o.d
/home/mamu/vcs/git/unikraft-app-msp430-helloworld/unikraft/support/build/Makefile.build:27: update target '/home/mamu/vcs/git/unikraft-app-msp430-helloworld/apps/app-helloworld/build/libukboot/version.o' due to: /home/mamu/vcs/git/unikraft-app-msp430-helloworld/unikraft/lib/ukboot/version.c
printf '  %-7s %s\n' 'CC'  'libukboot':' version.o' &&  msp430-elf-gcc  -nostdlib -U __linux__ -U __FreeBSD__ -U __sun__ -fno-omit-frame-pointer -fno-stack-protector -Wall -Wextra -D __Unikraft__ -DUK_CODENAME="Tethys" -DUK_VERSION=0.5 -DUK_FULLVERSION=0.5.0~6f43052-custom -fno-tree-sra -fno-split-stack -nostdinc -O2 -fno-PIC   -I/home/mamu/vcs/git/unikraft-app-msp430-helloworld/apps/app-helloworld/build/include -I/home/mamu/vcs/git/unikraft-app-msp430-helloworld/unikraft/arch/msp430/msp430/include -I/home/mamu/vcs/git/unikraft-app-msp430-helloworld/unikraft/include -I/home/mamu/vcs/git/unikraft-app-msp430-helloworld/unikraft/lib/ukboot/include -I/home/mamu/vcs/git/unikraft-app-msp430-helloworld/unikraft/lib/posix-user/include -I/home/mamu/vcs/git/unikraft-app-msp430-helloworld/unikraft/lib/posix-user/musl-imported/include -I/home/mamu/vcs/git/unikraft-app-msp430-helloworld/unikraft/lib/ukdebug/include -I/home/mamu/vcs/git/unikraft-app-msp430-helloworld/unikraft/lib/ukargparse/include -I/home/mamu/vcs/git/unikraft-app-msp430-helloworld/unikraft/lib/nolibc/include -I/home/mamu/vcs/git/unikraft-app-msp430-helloworld/unikraft/lib/nolibc/arch/msp430 -I/home/mamu/vcs/git/unikraft-app-msp430-helloworld/unikraft/lib/nolibc/musl-imported/include -I/home/mamu/vcs/git/unikraft-app-msp430-helloworld/unikraft/lib/nolibc/musl-imported/arch/generic -I/home/mamu/vcs/git/unikraft-app-msp430-helloworld/unikraft/lib/ukalloc/include -I/home/mamu/vcs/git/unikraft-app-msp430-helloworld/unikraft/lib/ukallocbbuddy/include -I/home/mamu/vcs/git/unikraft-app-msp430-helloworld/unikraft/lib/syscall_shim/include -I/home/mamu/vcs/git/unikraft-app-msp430-helloworld/unikraft/lib/vfscore/include -I/home/mamu/vcs/git/unikraft-app-msp430-helloworld/unikraft/lib/devfs/include -I/home/mamu/vcs/git/unikraft-app-msp430-helloworld/unikraft/lib/uklibparam/include -I/home/mamu/vcs/git/unikraft-app-msp430-helloworld/unikraft/lib/uktime/include -I/home/mamu/vcs/git/unikraft-app-msp430-helloworld/unikraft/lib/uktime/musl-imported/include -I/home/mamu/vcs/git/unikraft-app-msp430-helloworld/unikraft/lib/uksp/include       -DCC_VERSION=9.3 -fno-builtin-printf -fno-builtin-fprintf -fno-builtin-sprintf -fno-builtin-snprintf -fno-builtin-vprintf -fno-builtin-vfprintf -fno-builtin-vsprintf -fno-builtin-vsnprintf -fno-builtin-scanf -fno-builtin-fscanf -fno-builtin-sscanf -fno-builtin-vscanf -fno-builtin-vfscanf -fno-builtin-vsscanf -fno-builtin-memcpy -fno-builtin-memset -fno-builtin-memchr -fno-builtin-memcmp -fno-builtin-memmove -fno-builtin-strncpy -fno-builtin-strnlen -fno-builtin-strlen -fno-builtin-strncmp -fno-builtin-strcspn -fno-builtin-strspn -fno-builtin-strndup -fno-builtin-strftime -fno-builtin-malloc -fno-builtin-calloc -fno-builtin-realloc -fno-builtin-posix_memalign -DCONFIG_UK_NETDEV_SCRATCH_SIZE=0       -g3 -D__LIBNAME__=libukboot -D__BASENAME__=version.c  -c /home/mamu/vcs/git/unikraft-app-msp430-helloworld/unikraft/lib/ukboot/version.c -o /home/mamu/vcs/git/unikraft-app-msp430-helloworld/apps/app-helloworld/build/libukboot/version.o -Wp,-MD,/home/mamu/vcs/git/unikraft-app-msp430-helloworld/apps/app-helloworld/build/libukboot/.version.o.d
  CC      libukboot: version.o
/home/mamu/vcs/git/unikraft-app-msp430-helloworld/apps/app-helloworld/build/kconfig/fixdep /home/mamu/vcs/git/unikraft-app-msp430-helloworld/apps/app-helloworld/build/libukboot/.version.o.d /home/mamu/vcs/git/unikraft-app-msp430-helloworld/apps/app-helloworld/build/libukboot/version.o 'msp430-elf-gcc -nostdlib -U __linux__ -U __FreeBSD__ -U __sun__ -fno-omit-frame-pointer -fno-stack-protector -Wall -Wextra -D __Unikraft__ -DUK_CODENAME="Tethys" -DUK_VERSION=0.5 -DUK_FULLVERSION=0.5.0~6f43052-custom -fno-tree-sra -fno-split-stack -nostdinc -O2 -fno-PIC   -I/home/mamu/vcs/git/unikraft-app-msp430-helloworld/apps/app-helloworld/build/include -I/home/mamu/vcs/git/unikraft-app-msp430-helloworld/unikraft/arch/msp430/msp430/include -I/home/mamu/vcs/git/unikraft-app-msp430-helloworld/unikraft/include -I/home/mamu/vcs/git/unikraft-app-msp430-helloworld/unikraft/lib/ukboot/include -I/home/mamu/vcs/git/unikraft-app-msp430-helloworld/unikraft/lib/posix-user/include -I/home/mamu/vcs/git/unikraft-app-msp430-helloworld/unikraft/lib/posix-user/musl-imported/include -I/home/mamu/vcs/git/unikraft-app-msp430-helloworld/unikraft/lib/ukdebug/include -I/home/mamu/vcs/git/unikraft-app-msp430-helloworld/unikraft/lib/ukargparse/include -I/home/mamu/vcs/git/unikraft-app-msp430-helloworld/unikraft/lib/nolibc/include -I/home/mamu/vcs/git/unikraft-app-msp430-helloworld/unikraft/lib/nolibc/arch/msp430 -I/home/mamu/vcs/git/unikraft-app-msp430-helloworld/unikraft/lib/nolibc/musl-imported/include -I/home/mamu/vcs/git/unikraft-app-msp430-helloworld/unikraft/lib/nolibc/musl-imported/arch/generic -I/home/mamu/vcs/git/unikraft-app-msp430-helloworld/unikraft/lib/ukalloc/include -I/home/mamu/vcs/git/unikraft-app-msp430-helloworld/unikraft/lib/ukallocbbuddy/include -I/home/mamu/vcs/git/unikraft-app-msp430-helloworld/unikraft/lib/syscall_shim/include -I/home/mamu/vcs/git/unikraft-app-msp430-helloworld/unikraft/lib/vfscore/include -I/home/mamu/vcs/git/unikraft-app-msp430-helloworld/unikraft/lib/devfs/include -I/home/mamu/vcs/git/unikraft-app-msp430-helloworld/unikraft/lib/uklibparam/include -I/home/mamu/vcs/git/unikraft-app-msp430-helloworld/unikraft/lib/uktime/include -I/home/mamu/vcs/git/unikraft-app-msp430-helloworld/unikraft/lib/uktime/musl-imported/include -I/home/mamu/vcs/git/unikraft-app-msp430-helloworld/unikraft/lib/uksp/include       -DCC_VERSION=9.3 -fno-builtin-printf -fno-builtin-fprintf -fno-builtin-sprintf -fno-builtin-snprintf -fno-builtin-vprintf -fno-builtin-vfprintf -fno-builtin-vsprintf -fno-builtin-vsnprintf -fno-builtin-scanf -fno-builtin-fscanf -fno-builtin-sscanf -fno-builtin-vscanf -fno-builtin-vfscanf -fno-builtin-vsscanf -fno-builtin-memcpy -fno-builtin-memset -fno-builtin-memchr -fno-builtin-memcmp -fno-builtin-memmove -fno-builtin-strncpy -fno-builtin-strnlen -fno-builtin-strlen -fno-builtin-strncmp -fno-builtin-strcspn -fno-builtin-strspn -fno-builtin-strndup -fno-builtin-strftime -fno-builtin-malloc -fno-builtin-calloc -fno-builtin-realloc -fno-builtin-posix_memalign -DCONFIG_UK_NETDEV_SCRATCH_SIZE=0      -g3 -D__LIBNAME__=libukboot -D__BASENAME__=version.c -c /home/mamu/vcs/git/unikraft-app-msp430-helloworld/unikraft/lib/ukboot/version.c -o /home/mamu/vcs/git/unikraft-app-msp430-helloworld/apps/app-helloworld/build/libukboot/version.o -Wp,-MD,/home/mamu/vcs/git/unikraft-app-msp430-helloworld/apps/app-helloworld/build/libukboot/.version.o.d' > /home/mamu/vcs/git/unikraft-app-msp430-helloworld/apps/app-helloworld/build/libukboot/version.d && rm -f /home/mamu/vcs/git/unikraft-app-msp430-helloworld/apps/app-helloworld/build/libukboot/.version.o.d
/home/mamu/vcs/git/unikraft-app-msp430-helloworld/unikraft/support/build/Makefile.build:27: update target '/home/mamu/vcs/git/unikraft-app-msp430-helloworld/apps/app-helloworld/build/libukboot/banner.o' due to: /home/mamu/vcs/git/unikraft-app-msp430-helloworld/unikraft/lib/ukboot/banner.c
printf '  %-7s %s\n' 'CC'  'libukboot':' banner.o' &&  msp430-elf-gcc  -nostdlib -U __linux__ -U __FreeBSD__ -U __sun__ -fno-omit-frame-pointer -fno-stack-protector -Wall -Wextra -D __Unikraft__ -DUK_CODENAME="Tethys" -DUK_VERSION=0.5 -DUK_FULLVERSION=0.5.0~6f43052-custom -fno-tree-sra -fno-split-stack -nostdinc -O2 -fno-PIC   -I/home/mamu/vcs/git/unikraft-app-msp430-helloworld/apps/app-helloworld/build/include -I/home/mamu/vcs/git/unikraft-app-msp430-helloworld/unikraft/arch/msp430/msp430/include -I/home/mamu/vcs/git/unikraft-app-msp430-helloworld/unikraft/include -I/home/mamu/vcs/git/unikraft-app-msp430-helloworld/unikraft/lib/ukboot/include -I/home/mamu/vcs/git/unikraft-app-msp430-helloworld/unikraft/lib/posix-user/include -I/home/mamu/vcs/git/unikraft-app-msp430-helloworld/unikraft/lib/posix-user/musl-imported/include -I/home/mamu/vcs/git/unikraft-app-msp430-helloworld/unikraft/lib/ukdebug/include -I/home/mamu/vcs/git/unikraft-app-msp430-helloworld/unikraft/lib/ukargparse/include -I/home/mamu/vcs/git/unikraft-app-msp430-helloworld/unikraft/lib/nolibc/include -I/home/mamu/vcs/git/unikraft-app-msp430-helloworld/unikraft/lib/nolibc/arch/msp430 -I/home/mamu/vcs/git/unikraft-app-msp430-helloworld/unikraft/lib/nolibc/musl-imported/include -I/home/mamu/vcs/git/unikraft-app-msp430-helloworld/unikraft/lib/nolibc/musl-imported/arch/generic -I/home/mamu/vcs/git/unikraft-app-msp430-helloworld/unikraft/lib/ukalloc/include -I/home/mamu/vcs/git/unikraft-app-msp430-helloworld/unikraft/lib/ukallocbbuddy/include -I/home/mamu/vcs/git/unikraft-app-msp430-helloworld/unikraft/lib/syscall_shim/include -I/home/mamu/vcs/git/unikraft-app-msp430-helloworld/unikraft/lib/vfscore/include -I/home/mamu/vcs/git/unikraft-app-msp430-helloworld/unikraft/lib/devfs/include -I/home/mamu/vcs/git/unikraft-app-msp430-helloworld/unikraft/lib/uklibparam/include -I/home/mamu/vcs/git/unikraft-app-msp430-helloworld/unikraft/lib/uktime/include -I/home/mamu/vcs/git/unikraft-app-msp430-helloworld/unikraft/lib/uktime/musl-imported/include -I/home/mamu/vcs/git/unikraft-app-msp430-helloworld/unikraft/lib/uksp/include       -DCC_VERSION=9.3 -fno-builtin-printf -fno-builtin-fprintf -fno-builtin-sprintf -fno-builtin-snprintf -fno-builtin-vprintf -fno-builtin-vfprintf -fno-builtin-vsprintf -fno-builtin-vsnprintf -fno-builtin-scanf -fno-builtin-fscanf -fno-builtin-sscanf -fno-builtin-vscanf -fno-builtin-vfscanf -fno-builtin-vsscanf -fno-builtin-memcpy -fno-builtin-memset -fno-builtin-memchr -fno-builtin-memcmp -fno-builtin-memmove -fno-builtin-strncpy -fno-builtin-strnlen -fno-builtin-strlen -fno-builtin-strncmp -fno-builtin-strcspn -fno-builtin-strspn -fno-builtin-strndup -fno-builtin-strftime -fno-builtin-malloc -fno-builtin-calloc -fno-builtin-realloc -fno-builtin-posix_memalign -DCONFIG_UK_NETDEV_SCRATCH_SIZE=0       -g3 -D__LIBNAME__=libukboot -D__BASENAME__=banner.c  -c /home/mamu/vcs/git/unikraft-app-msp430-helloworld/unikraft/lib/ukboot/banner.c -o /home/mamu/vcs/git/unikraft-app-msp430-helloworld/apps/app-helloworld/build/libukboot/banner.o -Wp,-MD,/home/mamu/vcs/git/unikraft-app-msp430-helloworld/apps/app-helloworld/build/libukboot/.banner.o.d
  CC      libukboot: banner.o
/home/mamu/vcs/git/unikraft-app-msp430-helloworld/apps/app-helloworld/build/kconfig/fixdep /home/mamu/vcs/git/unikraft-app-msp430-helloworld/apps/app-helloworld/build/libukboot/.banner.o.d /home/mamu/vcs/git/unikraft-app-msp430-helloworld/apps/app-helloworld/build/libukboot/banner.o 'msp430-elf-gcc -nostdlib -U __linux__ -U __FreeBSD__ -U __sun__ -fno-omit-frame-pointer -fno-stack-protector -Wall -Wextra -D __Unikraft__ -DUK_CODENAME="Tethys" -DUK_VERSION=0.5 -DUK_FULLVERSION=0.5.0~6f43052-custom -fno-tree-sra -fno-split-stack -nostdinc -O2 -fno-PIC   -I/home/mamu/vcs/git/unikraft-app-msp430-helloworld/apps/app-helloworld/build/include -I/home/mamu/vcs/git/unikraft-app-msp430-helloworld/unikraft/arch/msp430/msp430/include -I/home/mamu/vcs/git/unikraft-app-msp430-helloworld/unikraft/include -I/home/mamu/vcs/git/unikraft-app-msp430-helloworld/unikraft/lib/ukboot/include -I/home/mamu/vcs/git/unikraft-app-msp430-helloworld/unikraft/lib/posix-user/include -I/home/mamu/vcs/git/unikraft-app-msp430-helloworld/unikraft/lib/posix-user/musl-imported/include -I/home/mamu/vcs/git/unikraft-app-msp430-helloworld/unikraft/lib/ukdebug/include -I/home/mamu/vcs/git/unikraft-app-msp430-helloworld/unikraft/lib/ukargparse/include -I/home/mamu/vcs/git/unikraft-app-msp430-helloworld/unikraft/lib/nolibc/include -I/home/mamu/vcs/git/unikraft-app-msp430-helloworld/unikraft/lib/nolibc/arch/msp430 -I/home/mamu/vcs/git/unikraft-app-msp430-helloworld/unikraft/lib/nolibc/musl-imported/include -I/home/mamu/vcs/git/unikraft-app-msp430-helloworld/unikraft/lib/nolibc/musl-imported/arch/generic -I/home/mamu/vcs/git/unikraft-app-msp430-helloworld/unikraft/lib/ukalloc/include -I/home/mamu/vcs/git/unikraft-app-msp430-helloworld/unikraft/lib/ukallocbbuddy/include -I/home/mamu/vcs/git/unikraft-app-msp430-helloworld/unikraft/lib/syscall_shim/include -I/home/mamu/vcs/git/unikraft-app-msp430-helloworld/unikraft/lib/vfscore/include -I/home/mamu/vcs/git/unikraft-app-msp430-helloworld/unikraft/lib/devfs/include -I/home/mamu/vcs/git/unikraft-app-msp430-helloworld/unikraft/lib/uklibparam/include -I/home/mamu/vcs/git/unikraft-app-msp430-helloworld/unikraft/lib/uktime/include -I/home/mamu/vcs/git/unikraft-app-msp430-helloworld/unikraft/lib/uktime/musl-imported/include -I/home/mamu/vcs/git/unikraft-app-msp430-helloworld/unikraft/lib/uksp/include       -DCC_VERSION=9.3 -fno-builtin-printf -fno-builtin-fprintf -fno-builtin-sprintf -fno-builtin-snprintf -fno-builtin-vprintf -fno-builtin-vfprintf -fno-builtin-vsprintf -fno-builtin-vsnprintf -fno-builtin-scanf -fno-builtin-fscanf -fno-builtin-sscanf -fno-builtin-vscanf -fno-builtin-vfscanf -fno-builtin-vsscanf -fno-builtin-memcpy -fno-builtin-memset -fno-builtin-memchr -fno-builtin-memcmp -fno-builtin-memmove -fno-builtin-strncpy -fno-builtin-strnlen -fno-builtin-strlen -fno-builtin-strncmp -fno-builtin-strcspn -fno-builtin-strspn -fno-builtin-strndup -fno-builtin-strftime -fno-builtin-malloc -fno-builtin-calloc -fno-builtin-realloc -fno-builtin-posix_memalign -DCONFIG_UK_NETDEV_SCRATCH_SIZE=0      -g3 -D__LIBNAME__=libukboot -D__BASENAME__=banner.c -c /home/mamu/vcs/git/unikraft-app-msp430-helloworld/unikraft/lib/ukboot/banner.c -o /home/mamu/vcs/git/unikraft-app-msp430-helloworld/apps/app-helloworld/build/libukboot/banner.o -Wp,-MD,/home/mamu/vcs/git/unikraft-app-msp430-helloworld/apps/app-helloworld/build/libukboot/.banner.o.d' > /home/mamu/vcs/git/unikraft-app-msp430-helloworld/apps/app-helloworld/build/libukboot/banner.d && rm -f /home/mamu/vcs/git/unikraft-app-msp430-helloworld/apps/app-helloworld/build/libukboot/.banner.o.d
/home/mamu/vcs/git/unikraft-app-msp430-helloworld/unikraft/support/build/Makefile.build:27: update target '/home/mamu/vcs/git/unikraft-app-msp430-helloworld/apps/app-helloworld/build/libukboot.ld.o' due to: /home/mamu/vcs/git/unikraft-app-msp430-helloworld/apps/app-helloworld/build/libukboot/boot.o /home/mamu/vcs/git/unikraft-app-msp430-helloworld/apps/app-helloworld/build/libukboot/version.o /home/mamu/vcs/git/unikraft-app-msp430-helloworld/apps/app-helloworld/build/libukboot/banner.o
printf '  %-7s %s\n' 'LD'  'libukboot.ld.o' &&  msp430-elf-gcc -nostdlib -Wl,-r -Wl,-d -Wl,--no-gc-sections -no-pie -nostdinc    /home/mamu/vcs/git/unikraft-app-msp430-helloworld/apps/app-helloworld/build/libukboot/boot.o /home/mamu/vcs/git/unikraft-app-msp430-helloworld/apps/app-helloworld/build/libukboot/version.o /home/mamu/vcs/git/unikraft-app-msp430-helloworld/apps/app-helloworld/build/libukboot/banner.o   -Wl,--start-group     -Wl,--end-group -o /home/mamu/vcs/git/unikraft-app-msp430-helloworld/apps/app-helloworld/build/libukboot.ld.o
  LD      libukboot.ld.o
/home/mamu/vcs/git/unikraft-app-msp430-helloworld/unikraft/support/build/Makefile.build:27: update target '/home/mamu/vcs/git/unikraft-app-msp430-helloworld/apps/app-helloworld/build/libukboot.o' due to: /home/mamu/vcs/git/unikraft-app-msp430-helloworld/apps/app-helloworld/build/libukboot.ld.o /home/mamu/vcs/git/unikraft-app-msp430-helloworld/unikraft/lib/ukboot/exportsyms.uk
printf '  %-7s %s\n' 'OBJCOPY'  'libukboot.o' &&  msp430-elf-objcopy --keep-global-symbols=/home/mamu/vcs/git/unikraft-app-msp430-helloworld/unikraft/lib/ukboot/exportsyms.uk       /home/mamu/vcs/git/unikraft-app-msp430-helloworld/apps/app-helloworld/build/libukboot.ld.o /home/mamu/vcs/git/unikraft-app-msp430-helloworld/apps/app-helloworld/build/libukboot.o
  OBJCOPY libukboot.o
/home/mamu/vcs/git/unikraft-app-msp430-helloworld/unikraft/support/build/Makefile.build:27: update target '/home/mamu/vcs/git/unikraft-app-msp430-helloworld/apps/app-helloworld/build/libukboot_main/weak_main.o' due to: /home/mamu/vcs/git/unikraft-app-msp430-helloworld/unikraft/lib/ukboot/weak_main.c
printf '  %-7s %s\n' 'CC'  'libukboot_main':' weak_main.o' &&  msp430-elf-gcc  -nostdlib -U __linux__ -U __FreeBSD__ -U __sun__ -fno-omit-frame-pointer -fno-stack-protector -Wall -Wextra -D __Unikraft__ -DUK_CODENAME="Tethys" -DUK_VERSION=0.5 -DUK_FULLVERSION=0.5.0~6f43052-custom -fno-tree-sra -fno-split-stack -nostdinc -O2 -fno-PIC   -I/home/mamu/vcs/git/unikraft-app-msp430-helloworld/apps/app-helloworld/build/include -I/home/mamu/vcs/git/unikraft-app-msp430-helloworld/unikraft/arch/msp430/msp430/include -I/home/mamu/vcs/git/unikraft-app-msp430-helloworld/unikraft/include -I/home/mamu/vcs/git/unikraft-app-msp430-helloworld/unikraft/lib/ukboot/include -I/home/mamu/vcs/git/unikraft-app-msp430-helloworld/unikraft/lib/posix-user/include -I/home/mamu/vcs/git/unikraft-app-msp430-helloworld/unikraft/lib/posix-user/musl-imported/include -I/home/mamu/vcs/git/unikraft-app-msp430-helloworld/unikraft/lib/ukdebug/include -I/home/mamu/vcs/git/unikraft-app-msp430-helloworld/unikraft/lib/ukargparse/include -I/home/mamu/vcs/git/unikraft-app-msp430-helloworld/unikraft/lib/nolibc/include -I/home/mamu/vcs/git/unikraft-app-msp430-helloworld/unikraft/lib/nolibc/arch/msp430 -I/home/mamu/vcs/git/unikraft-app-msp430-helloworld/unikraft/lib/nolibc/musl-imported/include -I/home/mamu/vcs/git/unikraft-app-msp430-helloworld/unikraft/lib/nolibc/musl-imported/arch/generic -I/home/mamu/vcs/git/unikraft-app-msp430-helloworld/unikraft/lib/ukalloc/include -I/home/mamu/vcs/git/unikraft-app-msp430-helloworld/unikraft/lib/ukallocbbuddy/include -I/home/mamu/vcs/git/unikraft-app-msp430-helloworld/unikraft/lib/syscall_shim/include -I/home/mamu/vcs/git/unikraft-app-msp430-helloworld/unikraft/lib/vfscore/include -I/home/mamu/vcs/git/unikraft-app-msp430-helloworld/unikraft/lib/devfs/include -I/home/mamu/vcs/git/unikraft-app-msp430-helloworld/unikraft/lib/uklibparam/include -I/home/mamu/vcs/git/unikraft-app-msp430-helloworld/unikraft/lib/uktime/include -I/home/mamu/vcs/git/unikraft-app-msp430-helloworld/unikraft/lib/uktime/musl-imported/include -I/home/mamu/vcs/git/unikraft-app-msp430-helloworld/unikraft/lib/uksp/include       -DCC_VERSION=9.3 -fno-builtin-printf -fno-builtin-fprintf -fno-builtin-sprintf -fno-builtin-snprintf -fno-builtin-vprintf -fno-builtin-vfprintf -fno-builtin-vsprintf -fno-builtin-vsnprintf -fno-builtin-scanf -fno-builtin-fscanf -fno-builtin-sscanf -fno-builtin-vscanf -fno-builtin-vfscanf -fno-builtin-vsscanf -fno-builtin-memcpy -fno-builtin-memset -fno-builtin-memchr -fno-builtin-memcmp -fno-builtin-memmove -fno-builtin-strncpy -fno-builtin-strnlen -fno-builtin-strlen -fno-builtin-strncmp -fno-builtin-strcspn -fno-builtin-strspn -fno-builtin-strndup -fno-builtin-strftime -fno-builtin-malloc -fno-builtin-calloc -fno-builtin-realloc -fno-builtin-posix_memalign -DCONFIG_UK_NETDEV_SCRATCH_SIZE=0       -g3 -D__LIBNAME__=libukboot_main -D__BASENAME__=weak_main.c  -c /home/mamu/vcs/git/unikraft-app-msp430-helloworld/unikraft/lib/ukboot/weak_main.c -o /home/mamu/vcs/git/unikraft-app-msp430-helloworld/apps/app-helloworld/build/libukboot_main/weak_main.o -Wp,-MD,/home/mamu/vcs/git/unikraft-app-msp430-helloworld/apps/app-helloworld/build/libukboot_main/.weak_main.o.d
  CC      libukboot_main: weak_main.o
/home/mamu/vcs/git/unikraft-app-msp430-helloworld/apps/app-helloworld/build/kconfig/fixdep /home/mamu/vcs/git/unikraft-app-msp430-helloworld/apps/app-helloworld/build/libukboot_main/.weak_main.o.d /home/mamu/vcs/git/unikraft-app-msp430-helloworld/apps/app-helloworld/build/libukboot_main/weak_main.o 'msp430-elf-gcc -nostdlib -U __linux__ -U __FreeBSD__ -U __sun__ -fno-omit-frame-pointer -fno-stack-protector -Wall -Wextra -D __Unikraft__ -DUK_CODENAME="Tethys" -DUK_VERSION=0.5 -DUK_FULLVERSION=0.5.0~6f43052-custom -fno-tree-sra -fno-split-stack -nostdinc -O2 -fno-PIC   -I/home/mamu/vcs/git/unikraft-app-msp430-helloworld/apps/app-helloworld/build/include -I/home/mamu/vcs/git/unikraft-app-msp430-helloworld/unikraft/arch/msp430/msp430/include -I/home/mamu/vcs/git/unikraft-app-msp430-helloworld/unikraft/include -I/home/mamu/vcs/git/unikraft-app-msp430-helloworld/unikraft/lib/ukboot/include -I/home/mamu/vcs/git/unikraft-app-msp430-helloworld/unikraft/lib/posix-user/include -I/home/mamu/vcs/git/unikraft-app-msp430-helloworld/unikraft/lib/posix-user/musl-imported/include -I/home/mamu/vcs/git/unikraft-app-msp430-helloworld/unikraft/lib/ukdebug/include -I/home/mamu/vcs/git/unikraft-app-msp430-helloworld/unikraft/lib/ukargparse/include -I/home/mamu/vcs/git/unikraft-app-msp430-helloworld/unikraft/lib/nolibc/include -I/home/mamu/vcs/git/unikraft-app-msp430-helloworld/unikraft/lib/nolibc/arch/msp430 -I/home/mamu/vcs/git/unikraft-app-msp430-helloworld/unikraft/lib/nolibc/musl-imported/include -I/home/mamu/vcs/git/unikraft-app-msp430-helloworld/unikraft/lib/nolibc/musl-imported/arch/generic -I/home/mamu/vcs/git/unikraft-app-msp430-helloworld/unikraft/lib/ukalloc/include -I/home/mamu/vcs/git/unikraft-app-msp430-helloworld/unikraft/lib/ukallocbbuddy/include -I/home/mamu/vcs/git/unikraft-app-msp430-helloworld/unikraft/lib/syscall_shim/include -I/home/mamu/vcs/git/unikraft-app-msp430-helloworld/unikraft/lib/vfscore/include -I/home/mamu/vcs/git/unikraft-app-msp430-helloworld/unikraft/lib/devfs/include -I/home/mamu/vcs/git/unikraft-app-msp430-helloworld/unikraft/lib/uklibparam/include -I/home/mamu/vcs/git/unikraft-app-msp430-helloworld/unikraft/lib/uktime/include -I/home/mamu/vcs/git/unikraft-app-msp430-helloworld/unikraft/lib/uktime/musl-imported/include -I/home/mamu/vcs/git/unikraft-app-msp430-helloworld/unikraft/lib/uksp/include       -DCC_VERSION=9.3 -fno-builtin-printf -fno-builtin-fprintf -fno-builtin-sprintf -fno-builtin-snprintf -fno-builtin-vprintf -fno-builtin-vfprintf -fno-builtin-vsprintf -fno-builtin-vsnprintf -fno-builtin-scanf -fno-builtin-fscanf -fno-builtin-sscanf -fno-builtin-vscanf -fno-builtin-vfscanf -fno-builtin-vsscanf -fno-builtin-memcpy -fno-builtin-memset -fno-builtin-memchr -fno-builtin-memcmp -fno-builtin-memmove -fno-builtin-strncpy -fno-builtin-strnlen -fno-builtin-strlen -fno-builtin-strncmp -fno-builtin-strcspn -fno-builtin-strspn -fno-builtin-strndup -fno-builtin-strftime -fno-builtin-malloc -fno-builtin-calloc -fno-builtin-realloc -fno-builtin-posix_memalign -DCONFIG_UK_NETDEV_SCRATCH_SIZE=0      -g3 -D__LIBNAME__=libukboot_main -D__BASENAME__=weak_main.c -c /home/mamu/vcs/git/unikraft-app-msp430-helloworld/unikraft/lib/ukboot/weak_main.c -o /home/mamu/vcs/git/unikraft-app-msp430-helloworld/apps/app-helloworld/build/libukboot_main/weak_main.o -Wp,-MD,/home/mamu/vcs/git/unikraft-app-msp430-helloworld/apps/app-helloworld/build/libukboot_main/.weak_main.o.d' > /home/mamu/vcs/git/unikraft-app-msp430-helloworld/apps/app-helloworld/build/libukboot_main/weak_main.d && rm -f /home/mamu/vcs/git/unikraft-app-msp430-helloworld/apps/app-helloworld/build/libukboot_main/.weak_main.o.d
/home/mamu/vcs/git/unikraft-app-msp430-helloworld/unikraft/support/build/Makefile.build:27: update target '/home/mamu/vcs/git/unikraft-app-msp430-helloworld/apps/app-helloworld/build/libukboot_main.ld.o' due to: /home/mamu/vcs/git/unikraft-app-msp430-helloworld/apps/app-helloworld/build/libukboot_main/weak_main.o
printf '  %-7s %s\n' 'LD'  'libukboot_main.ld.o' &&  msp430-elf-gcc -nostdlib -Wl,-r -Wl,-d -Wl,--no-gc-sections -no-pie -nostdinc    /home/mamu/vcs/git/unikraft-app-msp430-helloworld/apps/app-helloworld/build/libukboot_main/weak_main.o   -Wl,--start-group     -Wl,--end-group -o /home/mamu/vcs/git/unikraft-app-msp430-helloworld/apps/app-helloworld/build/libukboot_main.ld.o
  LD      libukboot_main.ld.o
/home/mamu/vcs/git/unikraft-app-msp430-helloworld/unikraft/support/build/Makefile.build:27: update target '/home/mamu/vcs/git/unikraft-app-msp430-helloworld/apps/app-helloworld/build/libukboot_main.o' due to: /home/mamu/vcs/git/unikraft-app-msp430-helloworld/apps/app-helloworld/build/libukboot_main.ld.o /home/mamu/vcs/git/unikraft-app-msp430-helloworld/unikraft/lib/ukboot/exportsyms.uk
printf '  %-7s %s\n' 'OBJCOPY'  'libukboot_main.o' &&  msp430-elf-objcopy --keep-global-symbols=/home/mamu/vcs/git/unikraft-app-msp430-helloworld/unikraft/lib/ukboot/exportsyms.uk       /home/mamu/vcs/git/unikraft-app-msp430-helloworld/apps/app-helloworld/build/libukboot_main.ld.o /home/mamu/vcs/git/unikraft-app-msp430-helloworld/apps/app-helloworld/build/libukboot_main.o
  OBJCOPY libukboot_main.o
/home/mamu/vcs/git/unikraft-app-msp430-helloworld/unikraft/support/build/Makefile.build:27: update target '/home/mamu/vcs/git/unikraft-app-msp430-helloworld/apps/app-helloworld/build/libukdebug/print.o' due to: /home/mamu/vcs/git/unikraft-app-msp430-helloworld/unikraft/lib/ukdebug/print.c
printf '  %-7s %s\n' 'CC'  'libukdebug':' print.o' &&  msp430-elf-gcc  -nostdlib -U __linux__ -U __FreeBSD__ -U __sun__ -fno-omit-frame-pointer -fno-stack-protector -Wall -Wextra -D __Unikraft__ -DUK_CODENAME="Tethys" -DUK_VERSION=0.5 -DUK_FULLVERSION=0.5.0~6f43052-custom -fno-tree-sra -fno-split-stack -nostdinc -O2 -fno-PIC   -I/home/mamu/vcs/git/unikraft-app-msp430-helloworld/apps/app-helloworld/build/include -I/home/mamu/vcs/git/unikraft-app-msp430-helloworld/unikraft/arch/msp430/msp430/include -I/home/mamu/vcs/git/unikraft-app-msp430-helloworld/unikraft/include -I/home/mamu/vcs/git/unikraft-app-msp430-helloworld/unikraft/lib/ukboot/include -I/home/mamu/vcs/git/unikraft-app-msp430-helloworld/unikraft/lib/posix-user/include -I/home/mamu/vcs/git/unikraft-app-msp430-helloworld/unikraft/lib/posix-user/musl-imported/include -I/home/mamu/vcs/git/unikraft-app-msp430-helloworld/unikraft/lib/ukdebug/include -I/home/mamu/vcs/git/unikraft-app-msp430-helloworld/unikraft/lib/ukargparse/include -I/home/mamu/vcs/git/unikraft-app-msp430-helloworld/unikraft/lib/nolibc/include -I/home/mamu/vcs/git/unikraft-app-msp430-helloworld/unikraft/lib/nolibc/arch/msp430 -I/home/mamu/vcs/git/unikraft-app-msp430-helloworld/unikraft/lib/nolibc/musl-imported/include -I/home/mamu/vcs/git/unikraft-app-msp430-helloworld/unikraft/lib/nolibc/musl-imported/arch/generic -I/home/mamu/vcs/git/unikraft-app-msp430-helloworld/unikraft/lib/ukalloc/include -I/home/mamu/vcs/git/unikraft-app-msp430-helloworld/unikraft/lib/ukallocbbuddy/include -I/home/mamu/vcs/git/unikraft-app-msp430-helloworld/unikraft/lib/syscall_shim/include -I/home/mamu/vcs/git/unikraft-app-msp430-helloworld/unikraft/lib/vfscore/include -I/home/mamu/vcs/git/unikraft-app-msp430-helloworld/unikraft/lib/devfs/include -I/home/mamu/vcs/git/unikraft-app-msp430-helloworld/unikraft/lib/uklibparam/include -I/home/mamu/vcs/git/unikraft-app-msp430-helloworld/unikraft/lib/uktime/include -I/home/mamu/vcs/git/unikraft-app-msp430-helloworld/unikraft/lib/uktime/musl-imported/include -I/home/mamu/vcs/git/unikraft-app-msp430-helloworld/unikraft/lib/uksp/include       -DCC_VERSION=9.3 -fno-builtin-printf -fno-builtin-fprintf -fno-builtin-sprintf -fno-builtin-snprintf -fno-builtin-vprintf -fno-builtin-vfprintf -fno-builtin-vsprintf -fno-builtin-vsnprintf -fno-builtin-scanf -fno-builtin-fscanf -fno-builtin-sscanf -fno-builtin-vscanf -fno-builtin-vfscanf -fno-builtin-vsscanf -fno-builtin-memcpy -fno-builtin-memset -fno-builtin-memchr -fno-builtin-memcmp -fno-builtin-memmove -fno-builtin-strncpy -fno-builtin-strnlen -fno-builtin-strlen -fno-builtin-strncmp -fno-builtin-strcspn -fno-builtin-strspn -fno-builtin-strndup -fno-builtin-strftime -fno-builtin-malloc -fno-builtin-calloc -fno-builtin-realloc -fno-builtin-posix_memalign -DCONFIG_UK_NETDEV_SCRATCH_SIZE=0  -D__IN_LIBUKDEBUG__     -g3 -D__LIBNAME__=libukdebug -D__BASENAME__=print.c  -c /home/mamu/vcs/git/unikraft-app-msp430-helloworld/unikraft/lib/ukdebug/print.c -o /home/mamu/vcs/git/unikraft-app-msp430-helloworld/apps/app-helloworld/build/libukdebug/print.o -Wp,-MD,/home/mamu/vcs/git/unikraft-app-msp430-helloworld/apps/app-helloworld/build/libukdebug/.print.o.d
  CC      libukdebug: print.o
/home/mamu/vcs/git/unikraft-app-msp430-helloworld/apps/app-helloworld/build/kconfig/fixdep /home/mamu/vcs/git/unikraft-app-msp430-helloworld/apps/app-helloworld/build/libukdebug/.print.o.d /home/mamu/vcs/git/unikraft-app-msp430-helloworld/apps/app-helloworld/build/libukdebug/print.o 'msp430-elf-gcc -nostdlib -U __linux__ -U __FreeBSD__ -U __sun__ -fno-omit-frame-pointer -fno-stack-protector -Wall -Wextra -D __Unikraft__ -DUK_CODENAME="Tethys" -DUK_VERSION=0.5 -DUK_FULLVERSION=0.5.0~6f43052-custom -fno-tree-sra -fno-split-stack -nostdinc -O2 -fno-PIC   -I/home/mamu/vcs/git/unikraft-app-msp430-helloworld/apps/app-helloworld/build/include -I/home/mamu/vcs/git/unikraft-app-msp430-helloworld/unikraft/arch/msp430/msp430/include -I/home/mamu/vcs/git/unikraft-app-msp430-helloworld/unikraft/include -I/home/mamu/vcs/git/unikraft-app-msp430-helloworld/unikraft/lib/ukboot/include -I/home/mamu/vcs/git/unikraft-app-msp430-helloworld/unikraft/lib/posix-user/include -I/home/mamu/vcs/git/unikraft-app-msp430-helloworld/unikraft/lib/posix-user/musl-imported/include -I/home/mamu/vcs/git/unikraft-app-msp430-helloworld/unikraft/lib/ukdebug/include -I/home/mamu/vcs/git/unikraft-app-msp430-helloworld/unikraft/lib/ukargparse/include -I/home/mamu/vcs/git/unikraft-app-msp430-helloworld/unikraft/lib/nolibc/include -I/home/mamu/vcs/git/unikraft-app-msp430-helloworld/unikraft/lib/nolibc/arch/msp430 -I/home/mamu/vcs/git/unikraft-app-msp430-helloworld/unikraft/lib/nolibc/musl-imported/include -I/home/mamu/vcs/git/unikraft-app-msp430-helloworld/unikraft/lib/nolibc/musl-imported/arch/generic -I/home/mamu/vcs/git/unikraft-app-msp430-helloworld/unikraft/lib/ukalloc/include -I/home/mamu/vcs/git/unikraft-app-msp430-helloworld/unikraft/lib/ukallocbbuddy/include -I/home/mamu/vcs/git/unikraft-app-msp430-helloworld/unikraft/lib/syscall_shim/include -I/home/mamu/vcs/git/unikraft-app-msp430-helloworld/unikraft/lib/vfscore/include -I/home/mamu/vcs/git/unikraft-app-msp430-helloworld/unikraft/lib/devfs/include -I/home/mamu/vcs/git/unikraft-app-msp430-helloworld/unikraft/lib/uklibparam/include -I/home/mamu/vcs/git/unikraft-app-msp430-helloworld/unikraft/lib/uktime/include -I/home/mamu/vcs/git/unikraft-app-msp430-helloworld/unikraft/lib/uktime/musl-imported/include -I/home/mamu/vcs/git/unikraft-app-msp430-helloworld/unikraft/lib/uksp/include       -DCC_VERSION=9.3 -fno-builtin-printf -fno-builtin-fprintf -fno-builtin-sprintf -fno-builtin-snprintf -fno-builtin-vprintf -fno-builtin-vfprintf -fno-builtin-vsprintf -fno-builtin-vsnprintf -fno-builtin-scanf -fno-builtin-fscanf -fno-builtin-sscanf -fno-builtin-vscanf -fno-builtin-vfscanf -fno-builtin-vsscanf -fno-builtin-memcpy -fno-builtin-memset -fno-builtin-memchr -fno-builtin-memcmp -fno-builtin-memmove -fno-builtin-strncpy -fno-builtin-strnlen -fno-builtin-strlen -fno-builtin-strncmp -fno-builtin-strcspn -fno-builtin-strspn -fno-builtin-strndup -fno-builtin-strftime -fno-builtin-malloc -fno-builtin-calloc -fno-builtin-realloc -fno-builtin-posix_memalign -DCONFIG_UK_NETDEV_SCRATCH_SIZE=0  -D__IN_LIBUKDEBUG__    -g3 -D__LIBNAME__=libukdebug -D__BASENAME__=print.c -c /home/mamu/vcs/git/unikraft-app-msp430-helloworld/unikraft/lib/ukdebug/print.c -o /home/mamu/vcs/git/unikraft-app-msp430-helloworld/apps/app-helloworld/build/libukdebug/print.o -Wp,-MD,/home/mamu/vcs/git/unikraft-app-msp430-helloworld/apps/app-helloworld/build/libukdebug/.print.o.d' > /home/mamu/vcs/git/unikraft-app-msp430-helloworld/apps/app-helloworld/build/libukdebug/print.d && rm -f /home/mamu/vcs/git/unikraft-app-msp430-helloworld/apps/app-helloworld/build/libukdebug/.print.o.d
/home/mamu/vcs/git/unikraft-app-msp430-helloworld/unikraft/support/build/Makefile.build:27: update target '/home/mamu/vcs/git/unikraft-app-msp430-helloworld/apps/app-helloworld/build/libukdebug/outf.o' due to: /home/mamu/vcs/git/unikraft-app-msp430-helloworld/unikraft/lib/ukdebug/outf.c
printf '  %-7s %s\n' 'CC'  'libukdebug':' outf.o' &&  msp430-elf-gcc  -nostdlib -U __linux__ -U __FreeBSD__ -U __sun__ -fno-omit-frame-pointer -fno-stack-protector -Wall -Wextra -D __Unikraft__ -DUK_CODENAME="Tethys" -DUK_VERSION=0.5 -DUK_FULLVERSION=0.5.0~6f43052-custom -fno-tree-sra -fno-split-stack -nostdinc -O2 -fno-PIC   -I/home/mamu/vcs/git/unikraft-app-msp430-helloworld/apps/app-helloworld/build/include -I/home/mamu/vcs/git/unikraft-app-msp430-helloworld/unikraft/arch/msp430/msp430/include -I/home/mamu/vcs/git/unikraft-app-msp430-helloworld/unikraft/include -I/home/mamu/vcs/git/unikraft-app-msp430-helloworld/unikraft/lib/ukboot/include -I/home/mamu/vcs/git/unikraft-app-msp430-helloworld/unikraft/lib/posix-user/include -I/home/mamu/vcs/git/unikraft-app-msp430-helloworld/unikraft/lib/posix-user/musl-imported/include -I/home/mamu/vcs/git/unikraft-app-msp430-helloworld/unikraft/lib/ukdebug/include -I/home/mamu/vcs/git/unikraft-app-msp430-helloworld/unikraft/lib/ukargparse/include -I/home/mamu/vcs/git/unikraft-app-msp430-helloworld/unikraft/lib/nolibc/include -I/home/mamu/vcs/git/unikraft-app-msp430-helloworld/unikraft/lib/nolibc/arch/msp430 -I/home/mamu/vcs/git/unikraft-app-msp430-helloworld/unikraft/lib/nolibc/musl-imported/include -I/home/mamu/vcs/git/unikraft-app-msp430-helloworld/unikraft/lib/nolibc/musl-imported/arch/generic -I/home/mamu/vcs/git/unikraft-app-msp430-helloworld/unikraft/lib/ukalloc/include -I/home/mamu/vcs/git/unikraft-app-msp430-helloworld/unikraft/lib/ukallocbbuddy/include -I/home/mamu/vcs/git/unikraft-app-msp430-helloworld/unikraft/lib/syscall_shim/include -I/home/mamu/vcs/git/unikraft-app-msp430-helloworld/unikraft/lib/vfscore/include -I/home/mamu/vcs/git/unikraft-app-msp430-helloworld/unikraft/lib/devfs/include -I/home/mamu/vcs/git/unikraft-app-msp430-helloworld/unikraft/lib/uklibparam/include -I/home/mamu/vcs/git/unikraft-app-msp430-helloworld/unikraft/lib/uktime/include -I/home/mamu/vcs/git/unikraft-app-msp430-helloworld/unikraft/lib/uktime/musl-imported/include -I/home/mamu/vcs/git/unikraft-app-msp430-helloworld/unikraft/lib/uksp/include       -DCC_VERSION=9.3 -fno-builtin-printf -fno-builtin-fprintf -fno-builtin-sprintf -fno-builtin-snprintf -fno-builtin-vprintf -fno-builtin-vfprintf -fno-builtin-vsprintf -fno-builtin-vsnprintf -fno-builtin-scanf -fno-builtin-fscanf -fno-builtin-sscanf -fno-builtin-vscanf -fno-builtin-vfscanf -fno-builtin-vsscanf -fno-builtin-memcpy -fno-builtin-memset -fno-builtin-memchr -fno-builtin-memcmp -fno-builtin-memmove -fno-builtin-strncpy -fno-builtin-strnlen -fno-builtin-strlen -fno-builtin-strncmp -fno-builtin-strcspn -fno-builtin-strspn -fno-builtin-strndup -fno-builtin-strftime -fno-builtin-malloc -fno-builtin-calloc -fno-builtin-realloc -fno-builtin-posix_memalign -DCONFIG_UK_NETDEV_SCRATCH_SIZE=0  -D__IN_LIBUKDEBUG__     -g3 -D__LIBNAME__=libukdebug -D__BASENAME__=outf.c  -c /home/mamu/vcs/git/unikraft-app-msp430-helloworld/unikraft/lib/ukdebug/outf.c -o /home/mamu/vcs/git/unikraft-app-msp430-helloworld/apps/app-helloworld/build/libukdebug/outf.o -Wp,-MD,/home/mamu/vcs/git/unikraft-app-msp430-helloworld/apps/app-helloworld/build/libukdebug/.outf.o.d
  CC      libukdebug: outf.o
/home/mamu/vcs/git/unikraft-app-msp430-helloworld/apps/app-helloworld/build/kconfig/fixdep /home/mamu/vcs/git/unikraft-app-msp430-helloworld/apps/app-helloworld/build/libukdebug/.outf.o.d /home/mamu/vcs/git/unikraft-app-msp430-helloworld/apps/app-helloworld/build/libukdebug/outf.o 'msp430-elf-gcc -nostdlib -U __linux__ -U __FreeBSD__ -U __sun__ -fno-omit-frame-pointer -fno-stack-protector -Wall -Wextra -D __Unikraft__ -DUK_CODENAME="Tethys" -DUK_VERSION=0.5 -DUK_FULLVERSION=0.5.0~6f43052-custom -fno-tree-sra -fno-split-stack -nostdinc -O2 -fno-PIC   -I/home/mamu/vcs/git/unikraft-app-msp430-helloworld/apps/app-helloworld/build/include -I/home/mamu/vcs/git/unikraft-app-msp430-helloworld/unikraft/arch/msp430/msp430/include -I/home/mamu/vcs/git/unikraft-app-msp430-helloworld/unikraft/include -I/home/mamu/vcs/git/unikraft-app-msp430-helloworld/unikraft/lib/ukboot/include -I/home/mamu/vcs/git/unikraft-app-msp430-helloworld/unikraft/lib/posix-user/include -I/home/mamu/vcs/git/unikraft-app-msp430-helloworld/unikraft/lib/posix-user/musl-imported/include -I/home/mamu/vcs/git/unikraft-app-msp430-helloworld/unikraft/lib/ukdebug/include -I/home/mamu/vcs/git/unikraft-app-msp430-helloworld/unikraft/lib/ukargparse/include -I/home/mamu/vcs/git/unikraft-app-msp430-helloworld/unikraft/lib/nolibc/include -I/home/mamu/vcs/git/unikraft-app-msp430-helloworld/unikraft/lib/nolibc/arch/msp430 -I/home/mamu/vcs/git/unikraft-app-msp430-helloworld/unikraft/lib/nolibc/musl-imported/include -I/home/mamu/vcs/git/unikraft-app-msp430-helloworld/unikraft/lib/nolibc/musl-imported/arch/generic -I/home/mamu/vcs/git/unikraft-app-msp430-helloworld/unikraft/lib/ukalloc/include -I/home/mamu/vcs/git/unikraft-app-msp430-helloworld/unikraft/lib/ukallocbbuddy/include -I/home/mamu/vcs/git/unikraft-app-msp430-helloworld/unikraft/lib/syscall_shim/include -I/home/mamu/vcs/git/unikraft-app-msp430-helloworld/unikraft/lib/vfscore/include -I/home/mamu/vcs/git/unikraft-app-msp430-helloworld/unikraft/lib/devfs/include -I/home/mamu/vcs/git/unikraft-app-msp430-helloworld/unikraft/lib/uklibparam/include -I/home/mamu/vcs/git/unikraft-app-msp430-helloworld/unikraft/lib/uktime/include -I/home/mamu/vcs/git/unikraft-app-msp430-helloworld/unikraft/lib/uktime/musl-imported/include -I/home/mamu/vcs/git/unikraft-app-msp430-helloworld/unikraft/lib/uksp/include       -DCC_VERSION=9.3 -fno-builtin-printf -fno-builtin-fprintf -fno-builtin-sprintf -fno-builtin-snprintf -fno-builtin-vprintf -fno-builtin-vfprintf -fno-builtin-vsprintf -fno-builtin-vsnprintf -fno-builtin-scanf -fno-builtin-fscanf -fno-builtin-sscanf -fno-builtin-vscanf -fno-builtin-vfscanf -fno-builtin-vsscanf -fno-builtin-memcpy -fno-builtin-memset -fno-builtin-memchr -fno-builtin-memcmp -fno-builtin-memmove -fno-builtin-strncpy -fno-builtin-strnlen -fno-builtin-strlen -fno-builtin-strncmp -fno-builtin-strcspn -fno-builtin-strspn -fno-builtin-strndup -fno-builtin-strftime -fno-builtin-malloc -fno-builtin-calloc -fno-builtin-realloc -fno-builtin-posix_memalign -DCONFIG_UK_NETDEV_SCRATCH_SIZE=0  -D__IN_LIBUKDEBUG__    -g3 -D__LIBNAME__=libukdebug -D__BASENAME__=outf.c -c /home/mamu/vcs/git/unikraft-app-msp430-helloworld/unikraft/lib/ukdebug/outf.c -o /home/mamu/vcs/git/unikraft-app-msp430-helloworld/apps/app-helloworld/build/libukdebug/outf.o -Wp,-MD,/home/mamu/vcs/git/unikraft-app-msp430-helloworld/apps/app-helloworld/build/libukdebug/.outf.o.d' > /home/mamu/vcs/git/unikraft-app-msp430-helloworld/apps/app-helloworld/build/libukdebug/outf.d && rm -f /home/mamu/vcs/git/unikraft-app-msp430-helloworld/apps/app-helloworld/build/libukdebug/.outf.o.d
/home/mamu/vcs/git/unikraft-app-msp430-helloworld/unikraft/support/build/Makefile.build:27: update target '/home/mamu/vcs/git/unikraft-app-msp430-helloworld/apps/app-helloworld/build/libukdebug/hexdump.o' due to: /home/mamu/vcs/git/unikraft-app-msp430-helloworld/unikraft/lib/ukdebug/hexdump.c
printf '  %-7s %s\n' 'CC'  'libukdebug':' hexdump.o' &&  msp430-elf-gcc  -nostdlib -U __linux__ -U __FreeBSD__ -U __sun__ -fno-omit-frame-pointer -fno-stack-protector -Wall -Wextra -D __Unikraft__ -DUK_CODENAME="Tethys" -DUK_VERSION=0.5 -DUK_FULLVERSION=0.5.0~6f43052-custom -fno-tree-sra -fno-split-stack -nostdinc -O2 -fno-PIC   -I/home/mamu/vcs/git/unikraft-app-msp430-helloworld/apps/app-helloworld/build/include -I/home/mamu/vcs/git/unikraft-app-msp430-helloworld/unikraft/arch/msp430/msp430/include -I/home/mamu/vcs/git/unikraft-app-msp430-helloworld/unikraft/include -I/home/mamu/vcs/git/unikraft-app-msp430-helloworld/unikraft/lib/ukboot/include -I/home/mamu/vcs/git/unikraft-app-msp430-helloworld/unikraft/lib/posix-user/include -I/home/mamu/vcs/git/unikraft-app-msp430-helloworld/unikraft/lib/posix-user/musl-imported/include -I/home/mamu/vcs/git/unikraft-app-msp430-helloworld/unikraft/lib/ukdebug/include -I/home/mamu/vcs/git/unikraft-app-msp430-helloworld/unikraft/lib/ukargparse/include -I/home/mamu/vcs/git/unikraft-app-msp430-helloworld/unikraft/lib/nolibc/include -I/home/mamu/vcs/git/unikraft-app-msp430-helloworld/unikraft/lib/nolibc/arch/msp430 -I/home/mamu/vcs/git/unikraft-app-msp430-helloworld/unikraft/lib/nolibc/musl-imported/include -I/home/mamu/vcs/git/unikraft-app-msp430-helloworld/unikraft/lib/nolibc/musl-imported/arch/generic -I/home/mamu/vcs/git/unikraft-app-msp430-helloworld/unikraft/lib/ukalloc/include -I/home/mamu/vcs/git/unikraft-app-msp430-helloworld/unikraft/lib/ukallocbbuddy/include -I/home/mamu/vcs/git/unikraft-app-msp430-helloworld/unikraft/lib/syscall_shim/include -I/home/mamu/vcs/git/unikraft-app-msp430-helloworld/unikraft/lib/vfscore/include -I/home/mamu/vcs/git/unikraft-app-msp430-helloworld/unikraft/lib/devfs/include -I/home/mamu/vcs/git/unikraft-app-msp430-helloworld/unikraft/lib/uklibparam/include -I/home/mamu/vcs/git/unikraft-app-msp430-helloworld/unikraft/lib/uktime/include -I/home/mamu/vcs/git/unikraft-app-msp430-helloworld/unikraft/lib/uktime/musl-imported/include -I/home/mamu/vcs/git/unikraft-app-msp430-helloworld/unikraft/lib/uksp/include       -DCC_VERSION=9.3 -fno-builtin-printf -fno-builtin-fprintf -fno-builtin-sprintf -fno-builtin-snprintf -fno-builtin-vprintf -fno-builtin-vfprintf -fno-builtin-vsprintf -fno-builtin-vsnprintf -fno-builtin-scanf -fno-builtin-fscanf -fno-builtin-sscanf -fno-builtin-vscanf -fno-builtin-vfscanf -fno-builtin-vsscanf -fno-builtin-memcpy -fno-builtin-memset -fno-builtin-memchr -fno-builtin-memcmp -fno-builtin-memmove -fno-builtin-strncpy -fno-builtin-strnlen -fno-builtin-strlen -fno-builtin-strncmp -fno-builtin-strcspn -fno-builtin-strspn -fno-builtin-strndup -fno-builtin-strftime -fno-builtin-malloc -fno-builtin-calloc -fno-builtin-realloc -fno-builtin-posix_memalign -DCONFIG_UK_NETDEV_SCRATCH_SIZE=0  -D__IN_LIBUKDEBUG__     -g3 -D__LIBNAME__=libukdebug -D__BASENAME__=hexdump.c  -c /home/mamu/vcs/git/unikraft-app-msp430-helloworld/unikraft/lib/ukdebug/hexdump.c -o /home/mamu/vcs/git/unikraft-app-msp430-helloworld/apps/app-helloworld/build/libukdebug/hexdump.o -Wp,-MD,/home/mamu/vcs/git/unikraft-app-msp430-helloworld/apps/app-helloworld/build/libukdebug/.hexdump.o.d
  CC      libukdebug: hexdump.o
/home/mamu/vcs/git/unikraft-app-msp430-helloworld/apps/app-helloworld/build/kconfig/fixdep /home/mamu/vcs/git/unikraft-app-msp430-helloworld/apps/app-helloworld/build/libukdebug/.hexdump.o.d /home/mamu/vcs/git/unikraft-app-msp430-helloworld/apps/app-helloworld/build/libukdebug/hexdump.o 'msp430-elf-gcc -nostdlib -U __linux__ -U __FreeBSD__ -U __sun__ -fno-omit-frame-pointer -fno-stack-protector -Wall -Wextra -D __Unikraft__ -DUK_CODENAME="Tethys" -DUK_VERSION=0.5 -DUK_FULLVERSION=0.5.0~6f43052-custom -fno-tree-sra -fno-split-stack -nostdinc -O2 -fno-PIC   -I/home/mamu/vcs/git/unikraft-app-msp430-helloworld/apps/app-helloworld/build/include -I/home/mamu/vcs/git/unikraft-app-msp430-helloworld/unikraft/arch/msp430/msp430/include -I/home/mamu/vcs/git/unikraft-app-msp430-helloworld/unikraft/include -I/home/mamu/vcs/git/unikraft-app-msp430-helloworld/unikraft/lib/ukboot/include -I/home/mamu/vcs/git/unikraft-app-msp430-helloworld/unikraft/lib/posix-user/include -I/home/mamu/vcs/git/unikraft-app-msp430-helloworld/unikraft/lib/posix-user/musl-imported/include -I/home/mamu/vcs/git/unikraft-app-msp430-helloworld/unikraft/lib/ukdebug/include -I/home/mamu/vcs/git/unikraft-app-msp430-helloworld/unikraft/lib/ukargparse/include -I/home/mamu/vcs/git/unikraft-app-msp430-helloworld/unikraft/lib/nolibc/include -I/home/mamu/vcs/git/unikraft-app-msp430-helloworld/unikraft/lib/nolibc/arch/msp430 -I/home/mamu/vcs/git/unikraft-app-msp430-helloworld/unikraft/lib/nolibc/musl-imported/include -I/home/mamu/vcs/git/unikraft-app-msp430-helloworld/unikraft/lib/nolibc/musl-imported/arch/generic -I/home/mamu/vcs/git/unikraft-app-msp430-helloworld/unikraft/lib/ukalloc/include -I/home/mamu/vcs/git/unikraft-app-msp430-helloworld/unikraft/lib/ukallocbbuddy/include -I/home/mamu/vcs/git/unikraft-app-msp430-helloworld/unikraft/lib/syscall_shim/include -I/home/mamu/vcs/git/unikraft-app-msp430-helloworld/unikraft/lib/vfscore/include -I/home/mamu/vcs/git/unikraft-app-msp430-helloworld/unikraft/lib/devfs/include -I/home/mamu/vcs/git/unikraft-app-msp430-helloworld/unikraft/lib/uklibparam/include -I/home/mamu/vcs/git/unikraft-app-msp430-helloworld/unikraft/lib/uktime/include -I/home/mamu/vcs/git/unikraft-app-msp430-helloworld/unikraft/lib/uktime/musl-imported/include -I/home/mamu/vcs/git/unikraft-app-msp430-helloworld/unikraft/lib/uksp/include       -DCC_VERSION=9.3 -fno-builtin-printf -fno-builtin-fprintf -fno-builtin-sprintf -fno-builtin-snprintf -fno-builtin-vprintf -fno-builtin-vfprintf -fno-builtin-vsprintf -fno-builtin-vsnprintf -fno-builtin-scanf -fno-builtin-fscanf -fno-builtin-sscanf -fno-builtin-vscanf -fno-builtin-vfscanf -fno-builtin-vsscanf -fno-builtin-memcpy -fno-builtin-memset -fno-builtin-memchr -fno-builtin-memcmp -fno-builtin-memmove -fno-builtin-strncpy -fno-builtin-strnlen -fno-builtin-strlen -fno-builtin-strncmp -fno-builtin-strcspn -fno-builtin-strspn -fno-builtin-strndup -fno-builtin-strftime -fno-builtin-malloc -fno-builtin-calloc -fno-builtin-realloc -fno-builtin-posix_memalign -DCONFIG_UK_NETDEV_SCRATCH_SIZE=0  -D__IN_LIBUKDEBUG__    -g3 -D__LIBNAME__=libukdebug -D__BASENAME__=hexdump.c -c /home/mamu/vcs/git/unikraft-app-msp430-helloworld/unikraft/lib/ukdebug/hexdump.c -o /home/mamu/vcs/git/unikraft-app-msp430-helloworld/apps/app-helloworld/build/libukdebug/hexdump.o -Wp,-MD,/home/mamu/vcs/git/unikraft-app-msp430-helloworld/apps/app-helloworld/build/libukdebug/.hexdump.o.d' > /home/mamu/vcs/git/unikraft-app-msp430-helloworld/apps/app-helloworld/build/libukdebug/hexdump.d && rm -f /home/mamu/vcs/git/unikraft-app-msp430-helloworld/apps/app-helloworld/build/libukdebug/.hexdump.o.d
/home/mamu/vcs/git/unikraft-app-msp430-helloworld/unikraft/support/build/Makefile.build:27: update target '/home/mamu/vcs/git/unikraft-app-msp430-helloworld/apps/app-helloworld/build/libukdebug.ld.o' due to: /home/mamu/vcs/git/unikraft-app-msp430-helloworld/apps/app-helloworld/build/libukdebug/print.o /home/mamu/vcs/git/unikraft-app-msp430-helloworld/apps/app-helloworld/build/libukdebug/outf.o /home/mamu/vcs/git/unikraft-app-msp430-helloworld/apps/app-helloworld/build/libukdebug/hexdump.o
printf '  %-7s %s\n' 'LD'  'libukdebug.ld.o' &&  msp430-elf-gcc -nostdlib -Wl,-r -Wl,-d -Wl,--no-gc-sections -no-pie -nostdinc    /home/mamu/vcs/git/unikraft-app-msp430-helloworld/apps/app-helloworld/build/libukdebug/print.o /home/mamu/vcs/git/unikraft-app-msp430-helloworld/apps/app-helloworld/build/libukdebug/outf.o /home/mamu/vcs/git/unikraft-app-msp430-helloworld/apps/app-helloworld/build/libukdebug/hexdump.o   -Wl,--start-group     -Wl,--end-group -o /home/mamu/vcs/git/unikraft-app-msp430-helloworld/apps/app-helloworld/build/libukdebug.ld.o
  LD      libukdebug.ld.o
/home/mamu/vcs/git/unikraft-app-msp430-helloworld/unikraft/support/build/Makefile.build:27: update target '/home/mamu/vcs/git/unikraft-app-msp430-helloworld/apps/app-helloworld/build/libukdebug.o' due to: /home/mamu/vcs/git/unikraft-app-msp430-helloworld/apps/app-helloworld/build/libukdebug.ld.o /home/mamu/vcs/git/unikraft-app-msp430-helloworld/unikraft/lib/ukdebug/exportsyms.uk
printf '  %-7s %s\n' 'OBJCOPY'  'libukdebug.o' &&  msp430-elf-objcopy --keep-global-symbols=/home/mamu/vcs/git/unikraft-app-msp430-helloworld/unikraft/lib/ukdebug/exportsyms.uk       /home/mamu/vcs/git/unikraft-app-msp430-helloworld/apps/app-helloworld/build/libukdebug.ld.o /home/mamu/vcs/git/unikraft-app-msp430-helloworld/apps/app-helloworld/build/libukdebug.o
  OBJCOPY libukdebug.o
/home/mamu/vcs/git/unikraft-app-msp430-helloworld/unikraft/support/build/Makefile.build:27: update target '/home/mamu/vcs/git/unikraft-app-msp430-helloworld/apps/app-helloworld/build/libukargparse/argparse.o' due to: /home/mamu/vcs/git/unikraft-app-msp430-helloworld/unikraft/lib/ukargparse/argparse.c
printf '  %-7s %s\n' 'CC'  'libukargparse':' argparse.o' &&  msp430-elf-gcc  -nostdlib -U __linux__ -U __FreeBSD__ -U __sun__ -fno-omit-frame-pointer -fno-stack-protector -Wall -Wextra -D __Unikraft__ -DUK_CODENAME="Tethys" -DUK_VERSION=0.5 -DUK_FULLVERSION=0.5.0~6f43052-custom -fno-tree-sra -fno-split-stack -nostdinc -O2 -fno-PIC   -I/home/mamu/vcs/git/unikraft-app-msp430-helloworld/apps/app-helloworld/build/include -I/home/mamu/vcs/git/unikraft-app-msp430-helloworld/unikraft/arch/msp430/msp430/include -I/home/mamu/vcs/git/unikraft-app-msp430-helloworld/unikraft/include -I/home/mamu/vcs/git/unikraft-app-msp430-helloworld/unikraft/lib/ukboot/include -I/home/mamu/vcs/git/unikraft-app-msp430-helloworld/unikraft/lib/posix-user/include -I/home/mamu/vcs/git/unikraft-app-msp430-helloworld/unikraft/lib/posix-user/musl-imported/include -I/home/mamu/vcs/git/unikraft-app-msp430-helloworld/unikraft/lib/ukdebug/include -I/home/mamu/vcs/git/unikraft-app-msp430-helloworld/unikraft/lib/ukargparse/include -I/home/mamu/vcs/git/unikraft-app-msp430-helloworld/unikraft/lib/nolibc/include -I/home/mamu/vcs/git/unikraft-app-msp430-helloworld/unikraft/lib/nolibc/arch/msp430 -I/home/mamu/vcs/git/unikraft-app-msp430-helloworld/unikraft/lib/nolibc/musl-imported/include -I/home/mamu/vcs/git/unikraft-app-msp430-helloworld/unikraft/lib/nolibc/musl-imported/arch/generic -I/home/mamu/vcs/git/unikraft-app-msp430-helloworld/unikraft/lib/ukalloc/include -I/home/mamu/vcs/git/unikraft-app-msp430-helloworld/unikraft/lib/ukallocbbuddy/include -I/home/mamu/vcs/git/unikraft-app-msp430-helloworld/unikraft/lib/syscall_shim/include -I/home/mamu/vcs/git/unikraft-app-msp430-helloworld/unikraft/lib/vfscore/include -I/home/mamu/vcs/git/unikraft-app-msp430-helloworld/unikraft/lib/devfs/include -I/home/mamu/vcs/git/unikraft-app-msp430-helloworld/unikraft/lib/uklibparam/include -I/home/mamu/vcs/git/unikraft-app-msp430-helloworld/unikraft/lib/uktime/include -I/home/mamu/vcs/git/unikraft-app-msp430-helloworld/unikraft/lib/uktime/musl-imported/include -I/home/mamu/vcs/git/unikraft-app-msp430-helloworld/unikraft/lib/uksp/include       -DCC_VERSION=9.3 -fno-builtin-printf -fno-builtin-fprintf -fno-builtin-sprintf -fno-builtin-snprintf -fno-builtin-vprintf -fno-builtin-vfprintf -fno-builtin-vsprintf -fno-builtin-vsnprintf -fno-builtin-scanf -fno-builtin-fscanf -fno-builtin-sscanf -fno-builtin-vscanf -fno-builtin-vfscanf -fno-builtin-vsscanf -fno-builtin-memcpy -fno-builtin-memset -fno-builtin-memchr -fno-builtin-memcmp -fno-builtin-memmove -fno-builtin-strncpy -fno-builtin-strnlen -fno-builtin-strlen -fno-builtin-strncmp -fno-builtin-strcspn -fno-builtin-strspn -fno-builtin-strndup -fno-builtin-strftime -fno-builtin-malloc -fno-builtin-calloc -fno-builtin-realloc -fno-builtin-posix_memalign -DCONFIG_UK_NETDEV_SCRATCH_SIZE=0       -g3 -D__LIBNAME__=libukargparse -D__BASENAME__=argparse.c  -c /home/mamu/vcs/git/unikraft-app-msp430-helloworld/unikraft/lib/ukargparse/argparse.c -o /home/mamu/vcs/git/unikraft-app-msp430-helloworld/apps/app-helloworld/build/libukargparse/argparse.o -Wp,-MD,/home/mamu/vcs/git/unikraft-app-msp430-helloworld/apps/app-helloworld/build/libukargparse/.argparse.o.d
  CC      libukargparse: argparse.o
/home/mamu/vcs/git/unikraft-app-msp430-helloworld/apps/app-helloworld/build/kconfig/fixdep /home/mamu/vcs/git/unikraft-app-msp430-helloworld/apps/app-helloworld/build/libukargparse/.argparse.o.d /home/mamu/vcs/git/unikraft-app-msp430-helloworld/apps/app-helloworld/build/libukargparse/argparse.o 'msp430-elf-gcc -nostdlib -U __linux__ -U __FreeBSD__ -U __sun__ -fno-omit-frame-pointer -fno-stack-protector -Wall -Wextra -D __Unikraft__ -DUK_CODENAME="Tethys" -DUK_VERSION=0.5 -DUK_FULLVERSION=0.5.0~6f43052-custom -fno-tree-sra -fno-split-stack -nostdinc -O2 -fno-PIC   -I/home/mamu/vcs/git/unikraft-app-msp430-helloworld/apps/app-helloworld/build/include -I/home/mamu/vcs/git/unikraft-app-msp430-helloworld/unikraft/arch/msp430/msp430/include -I/home/mamu/vcs/git/unikraft-app-msp430-helloworld/unikraft/include -I/home/mamu/vcs/git/unikraft-app-msp430-helloworld/unikraft/lib/ukboot/include -I/home/mamu/vcs/git/unikraft-app-msp430-helloworld/unikraft/lib/posix-user/include -I/home/mamu/vcs/git/unikraft-app-msp430-helloworld/unikraft/lib/posix-user/musl-imported/include -I/home/mamu/vcs/git/unikraft-app-msp430-helloworld/unikraft/lib/ukdebug/include -I/home/mamu/vcs/git/unikraft-app-msp430-helloworld/unikraft/lib/ukargparse/include -I/home/mamu/vcs/git/unikraft-app-msp430-helloworld/unikraft/lib/nolibc/include -I/home/mamu/vcs/git/unikraft-app-msp430-helloworld/unikraft/lib/nolibc/arch/msp430 -I/home/mamu/vcs/git/unikraft-app-msp430-helloworld/unikraft/lib/nolibc/musl-imported/include -I/home/mamu/vcs/git/unikraft-app-msp430-helloworld/unikraft/lib/nolibc/musl-imported/arch/generic -I/home/mamu/vcs/git/unikraft-app-msp430-helloworld/unikraft/lib/ukalloc/include -I/home/mamu/vcs/git/unikraft-app-msp430-helloworld/unikraft/lib/ukallocbbuddy/include -I/home/mamu/vcs/git/unikraft-app-msp430-helloworld/unikraft/lib/syscall_shim/include -I/home/mamu/vcs/git/unikraft-app-msp430-helloworld/unikraft/lib/vfscore/include -I/home/mamu/vcs/git/unikraft-app-msp430-helloworld/unikraft/lib/devfs/include -I/home/mamu/vcs/git/unikraft-app-msp430-helloworld/unikraft/lib/uklibparam/include -I/home/mamu/vcs/git/unikraft-app-msp430-helloworld/unikraft/lib/uktime/include -I/home/mamu/vcs/git/unikraft-app-msp430-helloworld/unikraft/lib/uktime/musl-imported/include -I/home/mamu/vcs/git/unikraft-app-msp430-helloworld/unikraft/lib/uksp/include       -DCC_VERSION=9.3 -fno-builtin-printf -fno-builtin-fprintf -fno-builtin-sprintf -fno-builtin-snprintf -fno-builtin-vprintf -fno-builtin-vfprintf -fno-builtin-vsprintf -fno-builtin-vsnprintf -fno-builtin-scanf -fno-builtin-fscanf -fno-builtin-sscanf -fno-builtin-vscanf -fno-builtin-vfscanf -fno-builtin-vsscanf -fno-builtin-memcpy -fno-builtin-memset -fno-builtin-memchr -fno-builtin-memcmp -fno-builtin-memmove -fno-builtin-strncpy -fno-builtin-strnlen -fno-builtin-strlen -fno-builtin-strncmp -fno-builtin-strcspn -fno-builtin-strspn -fno-builtin-strndup -fno-builtin-strftime -fno-builtin-malloc -fno-builtin-calloc -fno-builtin-realloc -fno-builtin-posix_memalign -DCONFIG_UK_NETDEV_SCRATCH_SIZE=0      -g3 -D__LIBNAME__=libukargparse -D__BASENAME__=argparse.c -c /home/mamu/vcs/git/unikraft-app-msp430-helloworld/unikraft/lib/ukargparse/argparse.c -o /home/mamu/vcs/git/unikraft-app-msp430-helloworld/apps/app-helloworld/build/libukargparse/argparse.o -Wp,-MD,/home/mamu/vcs/git/unikraft-app-msp430-helloworld/apps/app-helloworld/build/libukargparse/.argparse.o.d' > /home/mamu/vcs/git/unikraft-app-msp430-helloworld/apps/app-helloworld/build/libukargparse/argparse.d && rm -f /home/mamu/vcs/git/unikraft-app-msp430-helloworld/apps/app-helloworld/build/libukargparse/.argparse.o.d
/home/mamu/vcs/git/unikraft-app-msp430-helloworld/unikraft/support/build/Makefile.build:27: update target '/home/mamu/vcs/git/unikraft-app-msp430-helloworld/apps/app-helloworld/build/libukargparse.ld.o' due to: /home/mamu/vcs/git/unikraft-app-msp430-helloworld/apps/app-helloworld/build/libukargparse/argparse.o
printf '  %-7s %s\n' 'LD'  'libukargparse.ld.o' &&  msp430-elf-gcc -nostdlib -Wl,-r -Wl,-d -Wl,--no-gc-sections -no-pie -nostdinc    /home/mamu/vcs/git/unikraft-app-msp430-helloworld/apps/app-helloworld/build/libukargparse/argparse.o   -Wl,--start-group     -Wl,--end-group -o /home/mamu/vcs/git/unikraft-app-msp430-helloworld/apps/app-helloworld/build/libukargparse.ld.o
  LD      libukargparse.ld.o
/home/mamu/vcs/git/unikraft-app-msp430-helloworld/unikraft/support/build/Makefile.build:27: update target '/home/mamu/vcs/git/unikraft-app-msp430-helloworld/apps/app-helloworld/build/libukargparse.o' due to: /home/mamu/vcs/git/unikraft-app-msp430-helloworld/apps/app-helloworld/build/libukargparse.ld.o /home/mamu/vcs/git/unikraft-app-msp430-helloworld/unikraft/lib/ukargparse/exportsyms.uk
printf '  %-7s %s\n' 'OBJCOPY'  'libukargparse.o' &&  msp430-elf-objcopy --keep-global-symbols=/home/mamu/vcs/git/unikraft-app-msp430-helloworld/unikraft/lib/ukargparse/exportsyms.uk       /home/mamu/vcs/git/unikraft-app-msp430-helloworld/apps/app-helloworld/build/libukargparse.ld.o /home/mamu/vcs/git/unikraft-app-msp430-helloworld/apps/app-helloworld/build/libukargparse.o
  OBJCOPY libukargparse.o
/home/mamu/vcs/git/unikraft-app-msp430-helloworld/unikraft/support/build/Makefile.build:27: update target '/home/mamu/vcs/git/unikraft-app-msp430-helloworld/apps/app-helloworld/build/libnolibc/errno.o' due to: /home/mamu/vcs/git/unikraft-app-msp430-helloworld/unikraft/lib/nolibc/errno.c
printf '  %-7s %s\n' 'CC'  'libnolibc':' errno.o' &&  msp430-elf-gcc  -nostdlib -U __linux__ -U __FreeBSD__ -U __sun__ -fno-omit-frame-pointer -fno-stack-protector -Wall -Wextra -D __Unikraft__ -DUK_CODENAME="Tethys" -DUK_VERSION=0.5 -DUK_FULLVERSION=0.5.0~6f43052-custom -fno-tree-sra -fno-split-stack -nostdinc -O2 -fno-PIC   -I/home/mamu/vcs/git/unikraft-app-msp430-helloworld/apps/app-helloworld/build/include -I/home/mamu/vcs/git/unikraft-app-msp430-helloworld/unikraft/arch/msp430/msp430/include -I/home/mamu/vcs/git/unikraft-app-msp430-helloworld/unikraft/include -I/home/mamu/vcs/git/unikraft-app-msp430-helloworld/unikraft/lib/ukboot/include -I/home/mamu/vcs/git/unikraft-app-msp430-helloworld/unikraft/lib/posix-user/include -I/home/mamu/vcs/git/unikraft-app-msp430-helloworld/unikraft/lib/posix-user/musl-imported/include -I/home/mamu/vcs/git/unikraft-app-msp430-helloworld/unikraft/lib/ukdebug/include -I/home/mamu/vcs/git/unikraft-app-msp430-helloworld/unikraft/lib/ukargparse/include -I/home/mamu/vcs/git/unikraft-app-msp430-helloworld/unikraft/lib/nolibc/include -I/home/mamu/vcs/git/unikraft-app-msp430-helloworld/unikraft/lib/nolibc/arch/msp430 -I/home/mamu/vcs/git/unikraft-app-msp430-helloworld/unikraft/lib/nolibc/musl-imported/include -I/home/mamu/vcs/git/unikraft-app-msp430-helloworld/unikraft/lib/nolibc/musl-imported/arch/generic -I/home/mamu/vcs/git/unikraft-app-msp430-helloworld/unikraft/lib/ukalloc/include -I/home/mamu/vcs/git/unikraft-app-msp430-helloworld/unikraft/lib/ukallocbbuddy/include -I/home/mamu/vcs/git/unikraft-app-msp430-helloworld/unikraft/lib/syscall_shim/include -I/home/mamu/vcs/git/unikraft-app-msp430-helloworld/unikraft/lib/vfscore/include -I/home/mamu/vcs/git/unikraft-app-msp430-helloworld/unikraft/lib/devfs/include -I/home/mamu/vcs/git/unikraft-app-msp430-helloworld/unikraft/lib/uklibparam/include -I/home/mamu/vcs/git/unikraft-app-msp430-helloworld/unikraft/lib/uktime/include -I/home/mamu/vcs/git/unikraft-app-msp430-helloworld/unikraft/lib/uktime/musl-imported/include -I/home/mamu/vcs/git/unikraft-app-msp430-helloworld/unikraft/lib/uksp/include       -DCC_VERSION=9.3 -fno-builtin-printf -fno-builtin-fprintf -fno-builtin-sprintf -fno-builtin-snprintf -fno-builtin-vprintf -fno-builtin-vfprintf -fno-builtin-vsprintf -fno-builtin-vsnprintf -fno-builtin-scanf -fno-builtin-fscanf -fno-builtin-sscanf -fno-builtin-vscanf -fno-builtin-vfscanf -fno-builtin-vsscanf -fno-builtin-memcpy -fno-builtin-memset -fno-builtin-memchr -fno-builtin-memcmp -fno-builtin-memmove -fno-builtin-strncpy -fno-builtin-strnlen -fno-builtin-strlen -fno-builtin-strncmp -fno-builtin-strcspn -fno-builtin-strspn -fno-builtin-strndup -fno-builtin-strftime -fno-builtin-malloc -fno-builtin-calloc -fno-builtin-realloc -fno-builtin-posix_memalign -DCONFIG_UK_NETDEV_SCRATCH_SIZE=0       -g3 -D__LIBNAME__=libnolibc -D__BASENAME__=errno.c  -c /home/mamu/vcs/git/unikraft-app-msp430-helloworld/unikraft/lib/nolibc/errno.c -o /home/mamu/vcs/git/unikraft-app-msp430-helloworld/apps/app-helloworld/build/libnolibc/errno.o -Wp,-MD,/home/mamu/vcs/git/unikraft-app-msp430-helloworld/apps/app-helloworld/build/libnolibc/.errno.o.d
  CC      libnolibc: errno.o
/home/mamu/vcs/git/unikraft-app-msp430-helloworld/apps/app-helloworld/build/kconfig/fixdep /home/mamu/vcs/git/unikraft-app-msp430-helloworld/apps/app-helloworld/build/libnolibc/.errno.o.d /home/mamu/vcs/git/unikraft-app-msp430-helloworld/apps/app-helloworld/build/libnolibc/errno.o 'msp430-elf-gcc -nostdlib -U __linux__ -U __FreeBSD__ -U __sun__ -fno-omit-frame-pointer -fno-stack-protector -Wall -Wextra -D __Unikraft__ -DUK_CODENAME="Tethys" -DUK_VERSION=0.5 -DUK_FULLVERSION=0.5.0~6f43052-custom -fno-tree-sra -fno-split-stack -nostdinc -O2 -fno-PIC   -I/home/mamu/vcs/git/unikraft-app-msp430-helloworld/apps/app-helloworld/build/include -I/home/mamu/vcs/git/unikraft-app-msp430-helloworld/unikraft/arch/msp430/msp430/include -I/home/mamu/vcs/git/unikraft-app-msp430-helloworld/unikraft/include -I/home/mamu/vcs/git/unikraft-app-msp430-helloworld/unikraft/lib/ukboot/include -I/home/mamu/vcs/git/unikraft-app-msp430-helloworld/unikraft/lib/posix-user/include -I/home/mamu/vcs/git/unikraft-app-msp430-helloworld/unikraft/lib/posix-user/musl-imported/include -I/home/mamu/vcs/git/unikraft-app-msp430-helloworld/unikraft/lib/ukdebug/include -I/home/mamu/vcs/git/unikraft-app-msp430-helloworld/unikraft/lib/ukargparse/include -I/home/mamu/vcs/git/unikraft-app-msp430-helloworld/unikraft/lib/nolibc/include -I/home/mamu/vcs/git/unikraft-app-msp430-helloworld/unikraft/lib/nolibc/arch/msp430 -I/home/mamu/vcs/git/unikraft-app-msp430-helloworld/unikraft/lib/nolibc/musl-imported/include -I/home/mamu/vcs/git/unikraft-app-msp430-helloworld/unikraft/lib/nolibc/musl-imported/arch/generic -I/home/mamu/vcs/git/unikraft-app-msp430-helloworld/unikraft/lib/ukalloc/include -I/home/mamu/vcs/git/unikraft-app-msp430-helloworld/unikraft/lib/ukallocbbuddy/include -I/home/mamu/vcs/git/unikraft-app-msp430-helloworld/unikraft/lib/syscall_shim/include -I/home/mamu/vcs/git/unikraft-app-msp430-helloworld/unikraft/lib/vfscore/include -I/home/mamu/vcs/git/unikraft-app-msp430-helloworld/unikraft/lib/devfs/include -I/home/mamu/vcs/git/unikraft-app-msp430-helloworld/unikraft/lib/uklibparam/include -I/home/mamu/vcs/git/unikraft-app-msp430-helloworld/unikraft/lib/uktime/include -I/home/mamu/vcs/git/unikraft-app-msp430-helloworld/unikraft/lib/uktime/musl-imported/include -I/home/mamu/vcs/git/unikraft-app-msp430-helloworld/unikraft/lib/uksp/include       -DCC_VERSION=9.3 -fno-builtin-printf -fno-builtin-fprintf -fno-builtin-sprintf -fno-builtin-snprintf -fno-builtin-vprintf -fno-builtin-vfprintf -fno-builtin-vsprintf -fno-builtin-vsnprintf -fno-builtin-scanf -fno-builtin-fscanf -fno-builtin-sscanf -fno-builtin-vscanf -fno-builtin-vfscanf -fno-builtin-vsscanf -fno-builtin-memcpy -fno-builtin-memset -fno-builtin-memchr -fno-builtin-memcmp -fno-builtin-memmove -fno-builtin-strncpy -fno-builtin-strnlen -fno-builtin-strlen -fno-builtin-strncmp -fno-builtin-strcspn -fno-builtin-strspn -fno-builtin-strndup -fno-builtin-strftime -fno-builtin-malloc -fno-builtin-calloc -fno-builtin-realloc -fno-builtin-posix_memalign -DCONFIG_UK_NETDEV_SCRATCH_SIZE=0      -g3 -D__LIBNAME__=libnolibc -D__BASENAME__=errno.c -c /home/mamu/vcs/git/unikraft-app-msp430-helloworld/unikraft/lib/nolibc/errno.c -o /home/mamu/vcs/git/unikraft-app-msp430-helloworld/apps/app-helloworld/build/libnolibc/errno.o -Wp,-MD,/home/mamu/vcs/git/unikraft-app-msp430-helloworld/apps/app-helloworld/build/libnolibc/.errno.o.d' > /home/mamu/vcs/git/unikraft-app-msp430-helloworld/apps/app-helloworld/build/libnolibc/errno.d && rm -f /home/mamu/vcs/git/unikraft-app-msp430-helloworld/apps/app-helloworld/build/libnolibc/.errno.o.d
/home/mamu/vcs/git/unikraft-app-msp430-helloworld/unikraft/support/build/Makefile.build:27: update target '/home/mamu/vcs/git/unikraft-app-msp430-helloworld/apps/app-helloworld/build/libnolibc/stdio.o' due to: /home/mamu/vcs/git/unikraft-app-msp430-helloworld/unikraft/lib/nolibc/stdio.c
printf '  %-7s %s\n' 'CC'  'libnolibc':' stdio.o' &&  msp430-elf-gcc  -nostdlib -U __linux__ -U __FreeBSD__ -U __sun__ -fno-omit-frame-pointer -fno-stack-protector -Wall -Wextra -D __Unikraft__ -DUK_CODENAME="Tethys" -DUK_VERSION=0.5 -DUK_FULLVERSION=0.5.0~6f43052-custom -fno-tree-sra -fno-split-stack -nostdinc -O2 -fno-PIC   -I/home/mamu/vcs/git/unikraft-app-msp430-helloworld/apps/app-helloworld/build/include -I/home/mamu/vcs/git/unikraft-app-msp430-helloworld/unikraft/arch/msp430/msp430/include -I/home/mamu/vcs/git/unikraft-app-msp430-helloworld/unikraft/include -I/home/mamu/vcs/git/unikraft-app-msp430-helloworld/unikraft/lib/ukboot/include -I/home/mamu/vcs/git/unikraft-app-msp430-helloworld/unikraft/lib/posix-user/include -I/home/mamu/vcs/git/unikraft-app-msp430-helloworld/unikraft/lib/posix-user/musl-imported/include -I/home/mamu/vcs/git/unikraft-app-msp430-helloworld/unikraft/lib/ukdebug/include -I/home/mamu/vcs/git/unikraft-app-msp430-helloworld/unikraft/lib/ukargparse/include -I/home/mamu/vcs/git/unikraft-app-msp430-helloworld/unikraft/lib/nolibc/include -I/home/mamu/vcs/git/unikraft-app-msp430-helloworld/unikraft/lib/nolibc/arch/msp430 -I/home/mamu/vcs/git/unikraft-app-msp430-helloworld/unikraft/lib/nolibc/musl-imported/include -I/home/mamu/vcs/git/unikraft-app-msp430-helloworld/unikraft/lib/nolibc/musl-imported/arch/generic -I/home/mamu/vcs/git/unikraft-app-msp430-helloworld/unikraft/lib/ukalloc/include -I/home/mamu/vcs/git/unikraft-app-msp430-helloworld/unikraft/lib/ukallocbbuddy/include -I/home/mamu/vcs/git/unikraft-app-msp430-helloworld/unikraft/lib/syscall_shim/include -I/home/mamu/vcs/git/unikraft-app-msp430-helloworld/unikraft/lib/vfscore/include -I/home/mamu/vcs/git/unikraft-app-msp430-helloworld/unikraft/lib/devfs/include -I/home/mamu/vcs/git/unikraft-app-msp430-helloworld/unikraft/lib/uklibparam/include -I/home/mamu/vcs/git/unikraft-app-msp430-helloworld/unikraft/lib/uktime/include -I/home/mamu/vcs/git/unikraft-app-msp430-helloworld/unikraft/lib/uktime/musl-imported/include -I/home/mamu/vcs/git/unikraft-app-msp430-helloworld/unikraft/lib/uksp/include       -DCC_VERSION=9.3 -fno-builtin-printf -fno-builtin-fprintf -fno-builtin-sprintf -fno-builtin-snprintf -fno-builtin-vprintf -fno-builtin-vfprintf -fno-builtin-vsprintf -fno-builtin-vsnprintf -fno-builtin-scanf -fno-builtin-fscanf -fno-builtin-sscanf -fno-builtin-vscanf -fno-builtin-vfscanf -fno-builtin-vsscanf -fno-builtin-memcpy -fno-builtin-memset -fno-builtin-memchr -fno-builtin-memcmp -fno-builtin-memmove -fno-builtin-strncpy -fno-builtin-strnlen -fno-builtin-strlen -fno-builtin-strncmp -fno-builtin-strcspn -fno-builtin-strspn -fno-builtin-strndup -fno-builtin-strftime -fno-builtin-malloc -fno-builtin-calloc -fno-builtin-realloc -fno-builtin-posix_memalign -DCONFIG_UK_NETDEV_SCRATCH_SIZE=0       -g3 -D__LIBNAME__=libnolibc -D__BASENAME__=stdio.c  -c /home/mamu/vcs/git/unikraft-app-msp430-helloworld/unikraft/lib/nolibc/stdio.c -o /home/mamu/vcs/git/unikraft-app-msp430-helloworld/apps/app-helloworld/build/libnolibc/stdio.o -Wp,-MD,/home/mamu/vcs/git/unikraft-app-msp430-helloworld/apps/app-helloworld/build/libnolibc/.stdio.o.d
  CC      libnolibc: stdio.o
/home/mamu/vcs/git/unikraft-app-msp430-helloworld/apps/app-helloworld/build/kconfig/fixdep /home/mamu/vcs/git/unikraft-app-msp430-helloworld/apps/app-helloworld/build/libnolibc/.stdio.o.d /home/mamu/vcs/git/unikraft-app-msp430-helloworld/apps/app-helloworld/build/libnolibc/stdio.o 'msp430-elf-gcc -nostdlib -U __linux__ -U __FreeBSD__ -U __sun__ -fno-omit-frame-pointer -fno-stack-protector -Wall -Wextra -D __Unikraft__ -DUK_CODENAME="Tethys" -DUK_VERSION=0.5 -DUK_FULLVERSION=0.5.0~6f43052-custom -fno-tree-sra -fno-split-stack -nostdinc -O2 -fno-PIC   -I/home/mamu/vcs/git/unikraft-app-msp430-helloworld/apps/app-helloworld/build/include -I/home/mamu/vcs/git/unikraft-app-msp430-helloworld/unikraft/arch/msp430/msp430/include -I/home/mamu/vcs/git/unikraft-app-msp430-helloworld/unikraft/include -I/home/mamu/vcs/git/unikraft-app-msp430-helloworld/unikraft/lib/ukboot/include -I/home/mamu/vcs/git/unikraft-app-msp430-helloworld/unikraft/lib/posix-user/include -I/home/mamu/vcs/git/unikraft-app-msp430-helloworld/unikraft/lib/posix-user/musl-imported/include -I/home/mamu/vcs/git/unikraft-app-msp430-helloworld/unikraft/lib/ukdebug/include -I/home/mamu/vcs/git/unikraft-app-msp430-helloworld/unikraft/lib/ukargparse/include -I/home/mamu/vcs/git/unikraft-app-msp430-helloworld/unikraft/lib/nolibc/include -I/home/mamu/vcs/git/unikraft-app-msp430-helloworld/unikraft/lib/nolibc/arch/msp430 -I/home/mamu/vcs/git/unikraft-app-msp430-helloworld/unikraft/lib/nolibc/musl-imported/include -I/home/mamu/vcs/git/unikraft-app-msp430-helloworld/unikraft/lib/nolibc/musl-imported/arch/generic -I/home/mamu/vcs/git/unikraft-app-msp430-helloworld/unikraft/lib/ukalloc/include -I/home/mamu/vcs/git/unikraft-app-msp430-helloworld/unikraft/lib/ukallocbbuddy/include -I/home/mamu/vcs/git/unikraft-app-msp430-helloworld/unikraft/lib/syscall_shim/include -I/home/mamu/vcs/git/unikraft-app-msp430-helloworld/unikraft/lib/vfscore/include -I/home/mamu/vcs/git/unikraft-app-msp430-helloworld/unikraft/lib/devfs/include -I/home/mamu/vcs/git/unikraft-app-msp430-helloworld/unikraft/lib/uklibparam/include -I/home/mamu/vcs/git/unikraft-app-msp430-helloworld/unikraft/lib/uktime/include -I/home/mamu/vcs/git/unikraft-app-msp430-helloworld/unikraft/lib/uktime/musl-imported/include -I/home/mamu/vcs/git/unikraft-app-msp430-helloworld/unikraft/lib/uksp/include       -DCC_VERSION=9.3 -fno-builtin-printf -fno-builtin-fprintf -fno-builtin-sprintf -fno-builtin-snprintf -fno-builtin-vprintf -fno-builtin-vfprintf -fno-builtin-vsprintf -fno-builtin-vsnprintf -fno-builtin-scanf -fno-builtin-fscanf -fno-builtin-sscanf -fno-builtin-vscanf -fno-builtin-vfscanf -fno-builtin-vsscanf -fno-builtin-memcpy -fno-builtin-memset -fno-builtin-memchr -fno-builtin-memcmp -fno-builtin-memmove -fno-builtin-strncpy -fno-builtin-strnlen -fno-builtin-strlen -fno-builtin-strncmp -fno-builtin-strcspn -fno-builtin-strspn -fno-builtin-strndup -fno-builtin-strftime -fno-builtin-malloc -fno-builtin-calloc -fno-builtin-realloc -fno-builtin-posix_memalign -DCONFIG_UK_NETDEV_SCRATCH_SIZE=0      -g3 -D__LIBNAME__=libnolibc -D__BASENAME__=stdio.c -c /home/mamu/vcs/git/unikraft-app-msp430-helloworld/unikraft/lib/nolibc/stdio.c -o /home/mamu/vcs/git/unikraft-app-msp430-helloworld/apps/app-helloworld/build/libnolibc/stdio.o -Wp,-MD,/home/mamu/vcs/git/unikraft-app-msp430-helloworld/apps/app-helloworld/build/libnolibc/.stdio.o.d' > /home/mamu/vcs/git/unikraft-app-msp430-helloworld/apps/app-helloworld/build/libnolibc/stdio.d && rm -f /home/mamu/vcs/git/unikraft-app-msp430-helloworld/apps/app-helloworld/build/libnolibc/.stdio.o.d
/home/mamu/vcs/git/unikraft-app-msp430-helloworld/unikraft/support/build/Makefile.build:27: update target '/home/mamu/vcs/git/unikraft-app-msp430-helloworld/apps/app-helloworld/build/libnolibc/ctype.o' due to: /home/mamu/vcs/git/unikraft-app-msp430-helloworld/unikraft/lib/nolibc/ctype.c
printf '  %-7s %s\n' 'CC'  'libnolibc':' ctype.o' &&  msp430-elf-gcc  -nostdlib -U __linux__ -U __FreeBSD__ -U __sun__ -fno-omit-frame-pointer -fno-stack-protector -Wall -Wextra -D __Unikraft__ -DUK_CODENAME="Tethys" -DUK_VERSION=0.5 -DUK_FULLVERSION=0.5.0~6f43052-custom -fno-tree-sra -fno-split-stack -nostdinc -O2 -fno-PIC   -I/home/mamu/vcs/git/unikraft-app-msp430-helloworld/apps/app-helloworld/build/include -I/home/mamu/vcs/git/unikraft-app-msp430-helloworld/unikraft/arch/msp430/msp430/include -I/home/mamu/vcs/git/unikraft-app-msp430-helloworld/unikraft/include -I/home/mamu/vcs/git/unikraft-app-msp430-helloworld/unikraft/lib/ukboot/include -I/home/mamu/vcs/git/unikraft-app-msp430-helloworld/unikraft/lib/posix-user/include -I/home/mamu/vcs/git/unikraft-app-msp430-helloworld/unikraft/lib/posix-user/musl-imported/include -I/home/mamu/vcs/git/unikraft-app-msp430-helloworld/unikraft/lib/ukdebug/include -I/home/mamu/vcs/git/unikraft-app-msp430-helloworld/unikraft/lib/ukargparse/include -I/home/mamu/vcs/git/unikraft-app-msp430-helloworld/unikraft/lib/nolibc/include -I/home/mamu/vcs/git/unikraft-app-msp430-helloworld/unikraft/lib/nolibc/arch/msp430 -I/home/mamu/vcs/git/unikraft-app-msp430-helloworld/unikraft/lib/nolibc/musl-imported/include -I/home/mamu/vcs/git/unikraft-app-msp430-helloworld/unikraft/lib/nolibc/musl-imported/arch/generic -I/home/mamu/vcs/git/unikraft-app-msp430-helloworld/unikraft/lib/ukalloc/include -I/home/mamu/vcs/git/unikraft-app-msp430-helloworld/unikraft/lib/ukallocbbuddy/include -I/home/mamu/vcs/git/unikraft-app-msp430-helloworld/unikraft/lib/syscall_shim/include -I/home/mamu/vcs/git/unikraft-app-msp430-helloworld/unikraft/lib/vfscore/include -I/home/mamu/vcs/git/unikraft-app-msp430-helloworld/unikraft/lib/devfs/include -I/home/mamu/vcs/git/unikraft-app-msp430-helloworld/unikraft/lib/uklibparam/include -I/home/mamu/vcs/git/unikraft-app-msp430-helloworld/unikraft/lib/uktime/include -I/home/mamu/vcs/git/unikraft-app-msp430-helloworld/unikraft/lib/uktime/musl-imported/include -I/home/mamu/vcs/git/unikraft-app-msp430-helloworld/unikraft/lib/uksp/include       -DCC_VERSION=9.3 -fno-builtin-printf -fno-builtin-fprintf -fno-builtin-sprintf -fno-builtin-snprintf -fno-builtin-vprintf -fno-builtin-vfprintf -fno-builtin-vsprintf -fno-builtin-vsnprintf -fno-builtin-scanf -fno-builtin-fscanf -fno-builtin-sscanf -fno-builtin-vscanf -fno-builtin-vfscanf -fno-builtin-vsscanf -fno-builtin-memcpy -fno-builtin-memset -fno-builtin-memchr -fno-builtin-memcmp -fno-builtin-memmove -fno-builtin-strncpy -fno-builtin-strnlen -fno-builtin-strlen -fno-builtin-strncmp -fno-builtin-strcspn -fno-builtin-strspn -fno-builtin-strndup -fno-builtin-strftime -fno-builtin-malloc -fno-builtin-calloc -fno-builtin-realloc -fno-builtin-posix_memalign -DCONFIG_UK_NETDEV_SCRATCH_SIZE=0       -g3 -D__LIBNAME__=libnolibc -D__BASENAME__=ctype.c  -c /home/mamu/vcs/git/unikraft-app-msp430-helloworld/unikraft/lib/nolibc/ctype.c -o /home/mamu/vcs/git/unikraft-app-msp430-helloworld/apps/app-helloworld/build/libnolibc/ctype.o -Wp,-MD,/home/mamu/vcs/git/unikraft-app-msp430-helloworld/apps/app-helloworld/build/libnolibc/.ctype.o.d
  CC      libnolibc: ctype.o
/home/mamu/vcs/git/unikraft-app-msp430-helloworld/apps/app-helloworld/build/kconfig/fixdep /home/mamu/vcs/git/unikraft-app-msp430-helloworld/apps/app-helloworld/build/libnolibc/.ctype.o.d /home/mamu/vcs/git/unikraft-app-msp430-helloworld/apps/app-helloworld/build/libnolibc/ctype.o 'msp430-elf-gcc -nostdlib -U __linux__ -U __FreeBSD__ -U __sun__ -fno-omit-frame-pointer -fno-stack-protector -Wall -Wextra -D __Unikraft__ -DUK_CODENAME="Tethys" -DUK_VERSION=0.5 -DUK_FULLVERSION=0.5.0~6f43052-custom -fno-tree-sra -fno-split-stack -nostdinc -O2 -fno-PIC   -I/home/mamu/vcs/git/unikraft-app-msp430-helloworld/apps/app-helloworld/build/include -I/home/mamu/vcs/git/unikraft-app-msp430-helloworld/unikraft/arch/msp430/msp430/include -I/home/mamu/vcs/git/unikraft-app-msp430-helloworld/unikraft/include -I/home/mamu/vcs/git/unikraft-app-msp430-helloworld/unikraft/lib/ukboot/include -I/home/mamu/vcs/git/unikraft-app-msp430-helloworld/unikraft/lib/posix-user/include -I/home/mamu/vcs/git/unikraft-app-msp430-helloworld/unikraft/lib/posix-user/musl-imported/include -I/home/mamu/vcs/git/unikraft-app-msp430-helloworld/unikraft/lib/ukdebug/include -I/home/mamu/vcs/git/unikraft-app-msp430-helloworld/unikraft/lib/ukargparse/include -I/home/mamu/vcs/git/unikraft-app-msp430-helloworld/unikraft/lib/nolibc/include -I/home/mamu/vcs/git/unikraft-app-msp430-helloworld/unikraft/lib/nolibc/arch/msp430 -I/home/mamu/vcs/git/unikraft-app-msp430-helloworld/unikraft/lib/nolibc/musl-imported/include -I/home/mamu/vcs/git/unikraft-app-msp430-helloworld/unikraft/lib/nolibc/musl-imported/arch/generic -I/home/mamu/vcs/git/unikraft-app-msp430-helloworld/unikraft/lib/ukalloc/include -I/home/mamu/vcs/git/unikraft-app-msp430-helloworld/unikraft/lib/ukallocbbuddy/include -I/home/mamu/vcs/git/unikraft-app-msp430-helloworld/unikraft/lib/syscall_shim/include -I/home/mamu/vcs/git/unikraft-app-msp430-helloworld/unikraft/lib/vfscore/include -I/home/mamu/vcs/git/unikraft-app-msp430-helloworld/unikraft/lib/devfs/include -I/home/mamu/vcs/git/unikraft-app-msp430-helloworld/unikraft/lib/uklibparam/include -I/home/mamu/vcs/git/unikraft-app-msp430-helloworld/unikraft/lib/uktime/include -I/home/mamu/vcs/git/unikraft-app-msp430-helloworld/unikraft/lib/uktime/musl-imported/include -I/home/mamu/vcs/git/unikraft-app-msp430-helloworld/unikraft/lib/uksp/include       -DCC_VERSION=9.3 -fno-builtin-printf -fno-builtin-fprintf -fno-builtin-sprintf -fno-builtin-snprintf -fno-builtin-vprintf -fno-builtin-vfprintf -fno-builtin-vsprintf -fno-builtin-vsnprintf -fno-builtin-scanf -fno-builtin-fscanf -fno-builtin-sscanf -fno-builtin-vscanf -fno-builtin-vfscanf -fno-builtin-vsscanf -fno-builtin-memcpy -fno-builtin-memset -fno-builtin-memchr -fno-builtin-memcmp -fno-builtin-memmove -fno-builtin-strncpy -fno-builtin-strnlen -fno-builtin-strlen -fno-builtin-strncmp -fno-builtin-strcspn -fno-builtin-strspn -fno-builtin-strndup -fno-builtin-strftime -fno-builtin-malloc -fno-builtin-calloc -fno-builtin-realloc -fno-builtin-posix_memalign -DCONFIG_UK_NETDEV_SCRATCH_SIZE=0      -g3 -D__LIBNAME__=libnolibc -D__BASENAME__=ctype.c -c /home/mamu/vcs/git/unikraft-app-msp430-helloworld/unikraft/lib/nolibc/ctype.c -o /home/mamu/vcs/git/unikraft-app-msp430-helloworld/apps/app-helloworld/build/libnolibc/ctype.o -Wp,-MD,/home/mamu/vcs/git/unikraft-app-msp430-helloworld/apps/app-helloworld/build/libnolibc/.ctype.o.d' > /home/mamu/vcs/git/unikraft-app-msp430-helloworld/apps/app-helloworld/build/libnolibc/ctype.d && rm -f /home/mamu/vcs/git/unikraft-app-msp430-helloworld/apps/app-helloworld/build/libnolibc/.ctype.o.d
/home/mamu/vcs/git/unikraft-app-msp430-helloworld/unikraft/support/build/Makefile.build:27: update target '/home/mamu/vcs/git/unikraft-app-msp430-helloworld/apps/app-helloworld/build/libnolibc/stdlib.o' due to: /home/mamu/vcs/git/unikraft-app-msp430-helloworld/unikraft/lib/nolibc/stdlib.c
printf '  %-7s %s\n' 'CC'  'libnolibc':' stdlib.o' &&  msp430-elf-gcc  -nostdlib -U __linux__ -U __FreeBSD__ -U __sun__ -fno-omit-frame-pointer -fno-stack-protector -Wall -Wextra -D __Unikraft__ -DUK_CODENAME="Tethys" -DUK_VERSION=0.5 -DUK_FULLVERSION=0.5.0~6f43052-custom -fno-tree-sra -fno-split-stack -nostdinc -O2 -fno-PIC   -I/home/mamu/vcs/git/unikraft-app-msp430-helloworld/apps/app-helloworld/build/include -I/home/mamu/vcs/git/unikraft-app-msp430-helloworld/unikraft/arch/msp430/msp430/include -I/home/mamu/vcs/git/unikraft-app-msp430-helloworld/unikraft/include -I/home/mamu/vcs/git/unikraft-app-msp430-helloworld/unikraft/lib/ukboot/include -I/home/mamu/vcs/git/unikraft-app-msp430-helloworld/unikraft/lib/posix-user/include -I/home/mamu/vcs/git/unikraft-app-msp430-helloworld/unikraft/lib/posix-user/musl-imported/include -I/home/mamu/vcs/git/unikraft-app-msp430-helloworld/unikraft/lib/ukdebug/include -I/home/mamu/vcs/git/unikraft-app-msp430-helloworld/unikraft/lib/ukargparse/include -I/home/mamu/vcs/git/unikraft-app-msp430-helloworld/unikraft/lib/nolibc/include -I/home/mamu/vcs/git/unikraft-app-msp430-helloworld/unikraft/lib/nolibc/arch/msp430 -I/home/mamu/vcs/git/unikraft-app-msp430-helloworld/unikraft/lib/nolibc/musl-imported/include -I/home/mamu/vcs/git/unikraft-app-msp430-helloworld/unikraft/lib/nolibc/musl-imported/arch/generic -I/home/mamu/vcs/git/unikraft-app-msp430-helloworld/unikraft/lib/ukalloc/include -I/home/mamu/vcs/git/unikraft-app-msp430-helloworld/unikraft/lib/ukallocbbuddy/include -I/home/mamu/vcs/git/unikraft-app-msp430-helloworld/unikraft/lib/syscall_shim/include -I/home/mamu/vcs/git/unikraft-app-msp430-helloworld/unikraft/lib/vfscore/include -I/home/mamu/vcs/git/unikraft-app-msp430-helloworld/unikraft/lib/devfs/include -I/home/mamu/vcs/git/unikraft-app-msp430-helloworld/unikraft/lib/uklibparam/include -I/home/mamu/vcs/git/unikraft-app-msp430-helloworld/unikraft/lib/uktime/include -I/home/mamu/vcs/git/unikraft-app-msp430-helloworld/unikraft/lib/uktime/musl-imported/include -I/home/mamu/vcs/git/unikraft-app-msp430-helloworld/unikraft/lib/uksp/include       -DCC_VERSION=9.3 -fno-builtin-printf -fno-builtin-fprintf -fno-builtin-sprintf -fno-builtin-snprintf -fno-builtin-vprintf -fno-builtin-vfprintf -fno-builtin-vsprintf -fno-builtin-vsnprintf -fno-builtin-scanf -fno-builtin-fscanf -fno-builtin-sscanf -fno-builtin-vscanf -fno-builtin-vfscanf -fno-builtin-vsscanf -fno-builtin-memcpy -fno-builtin-memset -fno-builtin-memchr -fno-builtin-memcmp -fno-builtin-memmove -fno-builtin-strncpy -fno-builtin-strnlen -fno-builtin-strlen -fno-builtin-strncmp -fno-builtin-strcspn -fno-builtin-strspn -fno-builtin-strndup -fno-builtin-strftime -fno-builtin-malloc -fno-builtin-calloc -fno-builtin-realloc -fno-builtin-posix_memalign -DCONFIG_UK_NETDEV_SCRATCH_SIZE=0       -g3 -D__LIBNAME__=libnolibc -D__BASENAME__=stdlib.c  -c /home/mamu/vcs/git/unikraft-app-msp430-helloworld/unikraft/lib/nolibc/stdlib.c -o /home/mamu/vcs/git/unikraft-app-msp430-helloworld/apps/app-helloworld/build/libnolibc/stdlib.o -Wp,-MD,/home/mamu/vcs/git/unikraft-app-msp430-helloworld/apps/app-helloworld/build/libnolibc/.stdlib.o.d
  CC      libnolibc: stdlib.o
/home/mamu/vcs/git/unikraft-app-msp430-helloworld/apps/app-helloworld/build/kconfig/fixdep /home/mamu/vcs/git/unikraft-app-msp430-helloworld/apps/app-helloworld/build/libnolibc/.stdlib.o.d /home/mamu/vcs/git/unikraft-app-msp430-helloworld/apps/app-helloworld/build/libnolibc/stdlib.o 'msp430-elf-gcc -nostdlib -U __linux__ -U __FreeBSD__ -U __sun__ -fno-omit-frame-pointer -fno-stack-protector -Wall -Wextra -D __Unikraft__ -DUK_CODENAME="Tethys" -DUK_VERSION=0.5 -DUK_FULLVERSION=0.5.0~6f43052-custom -fno-tree-sra -fno-split-stack -nostdinc -O2 -fno-PIC   -I/home/mamu/vcs/git/unikraft-app-msp430-helloworld/apps/app-helloworld/build/include -I/home/mamu/vcs/git/unikraft-app-msp430-helloworld/unikraft/arch/msp430/msp430/include -I/home/mamu/vcs/git/unikraft-app-msp430-helloworld/unikraft/include -I/home/mamu/vcs/git/unikraft-app-msp430-helloworld/unikraft/lib/ukboot/include -I/home/mamu/vcs/git/unikraft-app-msp430-helloworld/unikraft/lib/posix-user/include -I/home/mamu/vcs/git/unikraft-app-msp430-helloworld/unikraft/lib/posix-user/musl-imported/include -I/home/mamu/vcs/git/unikraft-app-msp430-helloworld/unikraft/lib/ukdebug/include -I/home/mamu/vcs/git/unikraft-app-msp430-helloworld/unikraft/lib/ukargparse/include -I/home/mamu/vcs/git/unikraft-app-msp430-helloworld/unikraft/lib/nolibc/include -I/home/mamu/vcs/git/unikraft-app-msp430-helloworld/unikraft/lib/nolibc/arch/msp430 -I/home/mamu/vcs/git/unikraft-app-msp430-helloworld/unikraft/lib/nolibc/musl-imported/include -I/home/mamu/vcs/git/unikraft-app-msp430-helloworld/unikraft/lib/nolibc/musl-imported/arch/generic -I/home/mamu/vcs/git/unikraft-app-msp430-helloworld/unikraft/lib/ukalloc/include -I/home/mamu/vcs/git/unikraft-app-msp430-helloworld/unikraft/lib/ukallocbbuddy/include -I/home/mamu/vcs/git/unikraft-app-msp430-helloworld/unikraft/lib/syscall_shim/include -I/home/mamu/vcs/git/unikraft-app-msp430-helloworld/unikraft/lib/vfscore/include -I/home/mamu/vcs/git/unikraft-app-msp430-helloworld/unikraft/lib/devfs/include -I/home/mamu/vcs/git/unikraft-app-msp430-helloworld/unikraft/lib/uklibparam/include -I/home/mamu/vcs/git/unikraft-app-msp430-helloworld/unikraft/lib/uktime/include -I/home/mamu/vcs/git/unikraft-app-msp430-helloworld/unikraft/lib/uktime/musl-imported/include -I/home/mamu/vcs/git/unikraft-app-msp430-helloworld/unikraft/lib/uksp/include       -DCC_VERSION=9.3 -fno-builtin-printf -fno-builtin-fprintf -fno-builtin-sprintf -fno-builtin-snprintf -fno-builtin-vprintf -fno-builtin-vfprintf -fno-builtin-vsprintf -fno-builtin-vsnprintf -fno-builtin-scanf -fno-builtin-fscanf -fno-builtin-sscanf -fno-builtin-vscanf -fno-builtin-vfscanf -fno-builtin-vsscanf -fno-builtin-memcpy -fno-builtin-memset -fno-builtin-memchr -fno-builtin-memcmp -fno-builtin-memmove -fno-builtin-strncpy -fno-builtin-strnlen -fno-builtin-strlen -fno-builtin-strncmp -fno-builtin-strcspn -fno-builtin-strspn -fno-builtin-strndup -fno-builtin-strftime -fno-builtin-malloc -fno-builtin-calloc -fno-builtin-realloc -fno-builtin-posix_memalign -DCONFIG_UK_NETDEV_SCRATCH_SIZE=0      -g3 -D__LIBNAME__=libnolibc -D__BASENAME__=stdlib.c -c /home/mamu/vcs/git/unikraft-app-msp430-helloworld/unikraft/lib/nolibc/stdlib.c -o /home/mamu/vcs/git/unikraft-app-msp430-helloworld/apps/app-helloworld/build/libnolibc/stdlib.o -Wp,-MD,/home/mamu/vcs/git/unikraft-app-msp430-helloworld/apps/app-helloworld/build/libnolibc/.stdlib.o.d' > /home/mamu/vcs/git/unikraft-app-msp430-helloworld/apps/app-helloworld/build/libnolibc/stdlib.d && rm -f /home/mamu/vcs/git/unikraft-app-msp430-helloworld/apps/app-helloworld/build/libnolibc/.stdlib.o.d
/home/mamu/vcs/git/unikraft-app-msp430-helloworld/unikraft/support/build/Makefile.build:27: update target '/home/mamu/vcs/git/unikraft-app-msp430-helloworld/apps/app-helloworld/build/libnolibc/string.o' due to: /home/mamu/vcs/git/unikraft-app-msp430-helloworld/unikraft/lib/nolibc/string.c
printf '  %-7s %s\n' 'CC'  'libnolibc':' string.o' &&  msp430-elf-gcc  -nostdlib -U __linux__ -U __FreeBSD__ -U __sun__ -fno-omit-frame-pointer -fno-stack-protector -Wall -Wextra -D __Unikraft__ -DUK_CODENAME="Tethys" -DUK_VERSION=0.5 -DUK_FULLVERSION=0.5.0~6f43052-custom -fno-tree-sra -fno-split-stack -nostdinc -O2 -fno-PIC   -I/home/mamu/vcs/git/unikraft-app-msp430-helloworld/apps/app-helloworld/build/include -I/home/mamu/vcs/git/unikraft-app-msp430-helloworld/unikraft/arch/msp430/msp430/include -I/home/mamu/vcs/git/unikraft-app-msp430-helloworld/unikraft/include -I/home/mamu/vcs/git/unikraft-app-msp430-helloworld/unikraft/lib/ukboot/include -I/home/mamu/vcs/git/unikraft-app-msp430-helloworld/unikraft/lib/posix-user/include -I/home/mamu/vcs/git/unikraft-app-msp430-helloworld/unikraft/lib/posix-user/musl-imported/include -I/home/mamu/vcs/git/unikraft-app-msp430-helloworld/unikraft/lib/ukdebug/include -I/home/mamu/vcs/git/unikraft-app-msp430-helloworld/unikraft/lib/ukargparse/include -I/home/mamu/vcs/git/unikraft-app-msp430-helloworld/unikraft/lib/nolibc/include -I/home/mamu/vcs/git/unikraft-app-msp430-helloworld/unikraft/lib/nolibc/arch/msp430 -I/home/mamu/vcs/git/unikraft-app-msp430-helloworld/unikraft/lib/nolibc/musl-imported/include -I/home/mamu/vcs/git/unikraft-app-msp430-helloworld/unikraft/lib/nolibc/musl-imported/arch/generic -I/home/mamu/vcs/git/unikraft-app-msp430-helloworld/unikraft/lib/ukalloc/include -I/home/mamu/vcs/git/unikraft-app-msp430-helloworld/unikraft/lib/ukallocbbuddy/include -I/home/mamu/vcs/git/unikraft-app-msp430-helloworld/unikraft/lib/syscall_shim/include -I/home/mamu/vcs/git/unikraft-app-msp430-helloworld/unikraft/lib/vfscore/include -I/home/mamu/vcs/git/unikraft-app-msp430-helloworld/unikraft/lib/devfs/include -I/home/mamu/vcs/git/unikraft-app-msp430-helloworld/unikraft/lib/uklibparam/include -I/home/mamu/vcs/git/unikraft-app-msp430-helloworld/unikraft/lib/uktime/include -I/home/mamu/vcs/git/unikraft-app-msp430-helloworld/unikraft/lib/uktime/musl-imported/include -I/home/mamu/vcs/git/unikraft-app-msp430-helloworld/unikraft/lib/uksp/include       -DCC_VERSION=9.3 -fno-builtin-printf -fno-builtin-fprintf -fno-builtin-sprintf -fno-builtin-snprintf -fno-builtin-vprintf -fno-builtin-vfprintf -fno-builtin-vsprintf -fno-builtin-vsnprintf -fno-builtin-scanf -fno-builtin-fscanf -fno-builtin-sscanf -fno-builtin-vscanf -fno-builtin-vfscanf -fno-builtin-vsscanf -fno-builtin-memcpy -fno-builtin-memset -fno-builtin-memchr -fno-builtin-memcmp -fno-builtin-memmove -fno-builtin-strncpy -fno-builtin-strnlen -fno-builtin-strlen -fno-builtin-strncmp -fno-builtin-strcspn -fno-builtin-strspn -fno-builtin-strndup -fno-builtin-strftime -fno-builtin-malloc -fno-builtin-calloc -fno-builtin-realloc -fno-builtin-posix_memalign -DCONFIG_UK_NETDEV_SCRATCH_SIZE=0       -g3 -D__LIBNAME__=libnolibc -D__BASENAME__=string.c  -c /home/mamu/vcs/git/unikraft-app-msp430-helloworld/unikraft/lib/nolibc/string.c -o /home/mamu/vcs/git/unikraft-app-msp430-helloworld/apps/app-helloworld/build/libnolibc/string.o -Wp,-MD,/home/mamu/vcs/git/unikraft-app-msp430-helloworld/apps/app-helloworld/build/libnolibc/.string.o.d
  CC      libnolibc: string.o
/home/mamu/vcs/git/unikraft-app-msp430-helloworld/apps/app-helloworld/build/kconfig/fixdep /home/mamu/vcs/git/unikraft-app-msp430-helloworld/apps/app-helloworld/build/libnolibc/.string.o.d /home/mamu/vcs/git/unikraft-app-msp430-helloworld/apps/app-helloworld/build/libnolibc/string.o 'msp430-elf-gcc -nostdlib -U __linux__ -U __FreeBSD__ -U __sun__ -fno-omit-frame-pointer -fno-stack-protector -Wall -Wextra -D __Unikraft__ -DUK_CODENAME="Tethys" -DUK_VERSION=0.5 -DUK_FULLVERSION=0.5.0~6f43052-custom -fno-tree-sra -fno-split-stack -nostdinc -O2 -fno-PIC   -I/home/mamu/vcs/git/unikraft-app-msp430-helloworld/apps/app-helloworld/build/include -I/home/mamu/vcs/git/unikraft-app-msp430-helloworld/unikraft/arch/msp430/msp430/include -I/home/mamu/vcs/git/unikraft-app-msp430-helloworld/unikraft/include -I/home/mamu/vcs/git/unikraft-app-msp430-helloworld/unikraft/lib/ukboot/include -I/home/mamu/vcs/git/unikraft-app-msp430-helloworld/unikraft/lib/posix-user/include -I/home/mamu/vcs/git/unikraft-app-msp430-helloworld/unikraft/lib/posix-user/musl-imported/include -I/home/mamu/vcs/git/unikraft-app-msp430-helloworld/unikraft/lib/ukdebug/include -I/home/mamu/vcs/git/unikraft-app-msp430-helloworld/unikraft/lib/ukargparse/include -I/home/mamu/vcs/git/unikraft-app-msp430-helloworld/unikraft/lib/nolibc/include -I/home/mamu/vcs/git/unikraft-app-msp430-helloworld/unikraft/lib/nolibc/arch/msp430 -I/home/mamu/vcs/git/unikraft-app-msp430-helloworld/unikraft/lib/nolibc/musl-imported/include -I/home/mamu/vcs/git/unikraft-app-msp430-helloworld/unikraft/lib/nolibc/musl-imported/arch/generic -I/home/mamu/vcs/git/unikraft-app-msp430-helloworld/unikraft/lib/ukalloc/include -I/home/mamu/vcs/git/unikraft-app-msp430-helloworld/unikraft/lib/ukallocbbuddy/include -I/home/mamu/vcs/git/unikraft-app-msp430-helloworld/unikraft/lib/syscall_shim/include -I/home/mamu/vcs/git/unikraft-app-msp430-helloworld/unikraft/lib/vfscore/include -I/home/mamu/vcs/git/unikraft-app-msp430-helloworld/unikraft/lib/devfs/include -I/home/mamu/vcs/git/unikraft-app-msp430-helloworld/unikraft/lib/uklibparam/include -I/home/mamu/vcs/git/unikraft-app-msp430-helloworld/unikraft/lib/uktime/include -I/home/mamu/vcs/git/unikraft-app-msp430-helloworld/unikraft/lib/uktime/musl-imported/include -I/home/mamu/vcs/git/unikraft-app-msp430-helloworld/unikraft/lib/uksp/include       -DCC_VERSION=9.3 -fno-builtin-printf -fno-builtin-fprintf -fno-builtin-sprintf -fno-builtin-snprintf -fno-builtin-vprintf -fno-builtin-vfprintf -fno-builtin-vsprintf -fno-builtin-vsnprintf -fno-builtin-scanf -fno-builtin-fscanf -fno-builtin-sscanf -fno-builtin-vscanf -fno-builtin-vfscanf -fno-builtin-vsscanf -fno-builtin-memcpy -fno-builtin-memset -fno-builtin-memchr -fno-builtin-memcmp -fno-builtin-memmove -fno-builtin-strncpy -fno-builtin-strnlen -fno-builtin-strlen -fno-builtin-strncmp -fno-builtin-strcspn -fno-builtin-strspn -fno-builtin-strndup -fno-builtin-strftime -fno-builtin-malloc -fno-builtin-calloc -fno-builtin-realloc -fno-builtin-posix_memalign -DCONFIG_UK_NETDEV_SCRATCH_SIZE=0      -g3 -D__LIBNAME__=libnolibc -D__BASENAME__=string.c -c /home/mamu/vcs/git/unikraft-app-msp430-helloworld/unikraft/lib/nolibc/string.c -o /home/mamu/vcs/git/unikraft-app-msp430-helloworld/apps/app-helloworld/build/libnolibc/string.o -Wp,-MD,/home/mamu/vcs/git/unikraft-app-msp430-helloworld/apps/app-helloworld/build/libnolibc/.string.o.d' > /home/mamu/vcs/git/unikraft-app-msp430-helloworld/apps/app-helloworld/build/libnolibc/string.d && rm -f /home/mamu/vcs/git/unikraft-app-msp430-helloworld/apps/app-helloworld/build/libnolibc/.string.o.d
/home/mamu/vcs/git/unikraft-app-msp430-helloworld/unikraft/support/build/Makefile.build:27: update target '/home/mamu/vcs/git/unikraft-app-msp430-helloworld/apps/app-helloworld/build/libnolibc/strsignal.o' due to: /home/mamu/vcs/git/unikraft-app-msp430-helloworld/unikraft/lib/nolibc/musl-imported/src/string/strsignal.c
printf '  %-7s %s\n' 'CC'  'libnolibc':' strsignal.o' &&  msp430-elf-gcc  -nostdlib -U __linux__ -U __FreeBSD__ -U __sun__ -fno-omit-frame-pointer -fno-stack-protector -Wall -Wextra -D __Unikraft__ -DUK_CODENAME="Tethys" -DUK_VERSION=0.5 -DUK_FULLVERSION=0.5.0~6f43052-custom -fno-tree-sra -fno-split-stack -nostdinc -O2 -fno-PIC   -I/home/mamu/vcs/git/unikraft-app-msp430-helloworld/apps/app-helloworld/build/include -I/home/mamu/vcs/git/unikraft-app-msp430-helloworld/unikraft/arch/msp430/msp430/include -I/home/mamu/vcs/git/unikraft-app-msp430-helloworld/unikraft/include -I/home/mamu/vcs/git/unikraft-app-msp430-helloworld/unikraft/lib/ukboot/include -I/home/mamu/vcs/git/unikraft-app-msp430-helloworld/unikraft/lib/posix-user/include -I/home/mamu/vcs/git/unikraft-app-msp430-helloworld/unikraft/lib/posix-user/musl-imported/include -I/home/mamu/vcs/git/unikraft-app-msp430-helloworld/unikraft/lib/ukdebug/include -I/home/mamu/vcs/git/unikraft-app-msp430-helloworld/unikraft/lib/ukargparse/include -I/home/mamu/vcs/git/unikraft-app-msp430-helloworld/unikraft/lib/nolibc/include -I/home/mamu/vcs/git/unikraft-app-msp430-helloworld/unikraft/lib/nolibc/arch/msp430 -I/home/mamu/vcs/git/unikraft-app-msp430-helloworld/unikraft/lib/nolibc/musl-imported/include -I/home/mamu/vcs/git/unikraft-app-msp430-helloworld/unikraft/lib/nolibc/musl-imported/arch/generic -I/home/mamu/vcs/git/unikraft-app-msp430-helloworld/unikraft/lib/ukalloc/include -I/home/mamu/vcs/git/unikraft-app-msp430-helloworld/unikraft/lib/ukallocbbuddy/include -I/home/mamu/vcs/git/unikraft-app-msp430-helloworld/unikraft/lib/syscall_shim/include -I/home/mamu/vcs/git/unikraft-app-msp430-helloworld/unikraft/lib/vfscore/include -I/home/mamu/vcs/git/unikraft-app-msp430-helloworld/unikraft/lib/devfs/include -I/home/mamu/vcs/git/unikraft-app-msp430-helloworld/unikraft/lib/uklibparam/include -I/home/mamu/vcs/git/unikraft-app-msp430-helloworld/unikraft/lib/uktime/include -I/home/mamu/vcs/git/unikraft-app-msp430-helloworld/unikraft/lib/uktime/musl-imported/include -I/home/mamu/vcs/git/unikraft-app-msp430-helloworld/unikraft/lib/uksp/include       -DCC_VERSION=9.3 -fno-builtin-printf -fno-builtin-fprintf -fno-builtin-sprintf -fno-builtin-snprintf -fno-builtin-vprintf -fno-builtin-vfprintf -fno-builtin-vsprintf -fno-builtin-vsnprintf -fno-builtin-scanf -fno-builtin-fscanf -fno-builtin-sscanf -fno-builtin-vscanf -fno-builtin-vfscanf -fno-builtin-vsscanf -fno-builtin-memcpy -fno-builtin-memset -fno-builtin-memchr -fno-builtin-memcmp -fno-builtin-memmove -fno-builtin-strncpy -fno-builtin-strnlen -fno-builtin-strlen -fno-builtin-strncmp -fno-builtin-strcspn -fno-builtin-strspn -fno-builtin-strndup -fno-builtin-strftime -fno-builtin-malloc -fno-builtin-calloc -fno-builtin-realloc -fno-builtin-posix_memalign -DCONFIG_UK_NETDEV_SCRATCH_SIZE=0       -g3 -D__LIBNAME__=libnolibc -D__BASENAME__=strsignal.c  -c /home/mamu/vcs/git/unikraft-app-msp430-helloworld/unikraft/lib/nolibc/musl-imported/src/string/strsignal.c -o /home/mamu/vcs/git/unikraft-app-msp430-helloworld/apps/app-helloworld/build/libnolibc/strsignal.o -Wp,-MD,/home/mamu/vcs/git/unikraft-app-msp430-helloworld/apps/app-helloworld/build/libnolibc/.strsignal.o.d
  CC      libnolibc: strsignal.o
/home/mamu/vcs/git/unikraft-app-msp430-helloworld/apps/app-helloworld/build/kconfig/fixdep /home/mamu/vcs/git/unikraft-app-msp430-helloworld/apps/app-helloworld/build/libnolibc/.strsignal.o.d /home/mamu/vcs/git/unikraft-app-msp430-helloworld/apps/app-helloworld/build/libnolibc/strsignal.o 'msp430-elf-gcc -nostdlib -U __linux__ -U __FreeBSD__ -U __sun__ -fno-omit-frame-pointer -fno-stack-protector -Wall -Wextra -D __Unikraft__ -DUK_CODENAME="Tethys" -DUK_VERSION=0.5 -DUK_FULLVERSION=0.5.0~6f43052-custom -fno-tree-sra -fno-split-stack -nostdinc -O2 -fno-PIC   -I/home/mamu/vcs/git/unikraft-app-msp430-helloworld/apps/app-helloworld/build/include -I/home/mamu/vcs/git/unikraft-app-msp430-helloworld/unikraft/arch/msp430/msp430/include -I/home/mamu/vcs/git/unikraft-app-msp430-helloworld/unikraft/include -I/home/mamu/vcs/git/unikraft-app-msp430-helloworld/unikraft/lib/ukboot/include -I/home/mamu/vcs/git/unikraft-app-msp430-helloworld/unikraft/lib/posix-user/include -I/home/mamu/vcs/git/unikraft-app-msp430-helloworld/unikraft/lib/posix-user/musl-imported/include -I/home/mamu/vcs/git/unikraft-app-msp430-helloworld/unikraft/lib/ukdebug/include -I/home/mamu/vcs/git/unikraft-app-msp430-helloworld/unikraft/lib/ukargparse/include -I/home/mamu/vcs/git/unikraft-app-msp430-helloworld/unikraft/lib/nolibc/include -I/home/mamu/vcs/git/unikraft-app-msp430-helloworld/unikraft/lib/nolibc/arch/msp430 -I/home/mamu/vcs/git/unikraft-app-msp430-helloworld/unikraft/lib/nolibc/musl-imported/include -I/home/mamu/vcs/git/unikraft-app-msp430-helloworld/unikraft/lib/nolibc/musl-imported/arch/generic -I/home/mamu/vcs/git/unikraft-app-msp430-helloworld/unikraft/lib/ukalloc/include -I/home/mamu/vcs/git/unikraft-app-msp430-helloworld/unikraft/lib/ukallocbbuddy/include -I/home/mamu/vcs/git/unikraft-app-msp430-helloworld/unikraft/lib/syscall_shim/include -I/home/mamu/vcs/git/unikraft-app-msp430-helloworld/unikraft/lib/vfscore/include -I/home/mamu/vcs/git/unikraft-app-msp430-helloworld/unikraft/lib/devfs/include -I/home/mamu/vcs/git/unikraft-app-msp430-helloworld/unikraft/lib/uklibparam/include -I/home/mamu/vcs/git/unikraft-app-msp430-helloworld/unikraft/lib/uktime/include -I/home/mamu/vcs/git/unikraft-app-msp430-helloworld/unikraft/lib/uktime/musl-imported/include -I/home/mamu/vcs/git/unikraft-app-msp430-helloworld/unikraft/lib/uksp/include       -DCC_VERSION=9.3 -fno-builtin-printf -fno-builtin-fprintf -fno-builtin-sprintf -fno-builtin-snprintf -fno-builtin-vprintf -fno-builtin-vfprintf -fno-builtin-vsprintf -fno-builtin-vsnprintf -fno-builtin-scanf -fno-builtin-fscanf -fno-builtin-sscanf -fno-builtin-vscanf -fno-builtin-vfscanf -fno-builtin-vsscanf -fno-builtin-memcpy -fno-builtin-memset -fno-builtin-memchr -fno-builtin-memcmp -fno-builtin-memmove -fno-builtin-strncpy -fno-builtin-strnlen -fno-builtin-strlen -fno-builtin-strncmp -fno-builtin-strcspn -fno-builtin-strspn -fno-builtin-strndup -fno-builtin-strftime -fno-builtin-malloc -fno-builtin-calloc -fno-builtin-realloc -fno-builtin-posix_memalign -DCONFIG_UK_NETDEV_SCRATCH_SIZE=0      -g3 -D__LIBNAME__=libnolibc -D__BASENAME__=strsignal.c -c /home/mamu/vcs/git/unikraft-app-msp430-helloworld/unikraft/lib/nolibc/musl-imported/src/string/strsignal.c -o /home/mamu/vcs/git/unikraft-app-msp430-helloworld/apps/app-helloworld/build/libnolibc/strsignal.o -Wp,-MD,/home/mamu/vcs/git/unikraft-app-msp430-helloworld/apps/app-helloworld/build/libnolibc/.strsignal.o.d' > /home/mamu/vcs/git/unikraft-app-msp430-helloworld/apps/app-helloworld/build/libnolibc/strsignal.d && rm -f /home/mamu/vcs/git/unikraft-app-msp430-helloworld/apps/app-helloworld/build/libnolibc/.strsignal.o.d
/home/mamu/vcs/git/unikraft-app-msp430-helloworld/unikraft/support/build/Makefile.build:27: update target '/home/mamu/vcs/git/unikraft-app-msp430-helloworld/apps/app-helloworld/build/libnolibc/psignal.o' due to: /home/mamu/vcs/git/unikraft-app-msp430-helloworld/unikraft/lib/nolibc/musl-imported/src/signal/psignal.c
printf '  %-7s %s\n' 'CC'  'libnolibc':' psignal.o' &&  msp430-elf-gcc  -nostdlib -U __linux__ -U __FreeBSD__ -U __sun__ -fno-omit-frame-pointer -fno-stack-protector -Wall -Wextra -D __Unikraft__ -DUK_CODENAME="Tethys" -DUK_VERSION=0.5 -DUK_FULLVERSION=0.5.0~6f43052-custom -fno-tree-sra -fno-split-stack -nostdinc -O2 -fno-PIC   -I/home/mamu/vcs/git/unikraft-app-msp430-helloworld/apps/app-helloworld/build/include -I/home/mamu/vcs/git/unikraft-app-msp430-helloworld/unikraft/arch/msp430/msp430/include -I/home/mamu/vcs/git/unikraft-app-msp430-helloworld/unikraft/include -I/home/mamu/vcs/git/unikraft-app-msp430-helloworld/unikraft/lib/ukboot/include -I/home/mamu/vcs/git/unikraft-app-msp430-helloworld/unikraft/lib/posix-user/include -I/home/mamu/vcs/git/unikraft-app-msp430-helloworld/unikraft/lib/posix-user/musl-imported/include -I/home/mamu/vcs/git/unikraft-app-msp430-helloworld/unikraft/lib/ukdebug/include -I/home/mamu/vcs/git/unikraft-app-msp430-helloworld/unikraft/lib/ukargparse/include -I/home/mamu/vcs/git/unikraft-app-msp430-helloworld/unikraft/lib/nolibc/include -I/home/mamu/vcs/git/unikraft-app-msp430-helloworld/unikraft/lib/nolibc/arch/msp430 -I/home/mamu/vcs/git/unikraft-app-msp430-helloworld/unikraft/lib/nolibc/musl-imported/include -I/home/mamu/vcs/git/unikraft-app-msp430-helloworld/unikraft/lib/nolibc/musl-imported/arch/generic -I/home/mamu/vcs/git/unikraft-app-msp430-helloworld/unikraft/lib/ukalloc/include -I/home/mamu/vcs/git/unikraft-app-msp430-helloworld/unikraft/lib/ukallocbbuddy/include -I/home/mamu/vcs/git/unikraft-app-msp430-helloworld/unikraft/lib/syscall_shim/include -I/home/mamu/vcs/git/unikraft-app-msp430-helloworld/unikraft/lib/vfscore/include -I/home/mamu/vcs/git/unikraft-app-msp430-helloworld/unikraft/lib/devfs/include -I/home/mamu/vcs/git/unikraft-app-msp430-helloworld/unikraft/lib/uklibparam/include -I/home/mamu/vcs/git/unikraft-app-msp430-helloworld/unikraft/lib/uktime/include -I/home/mamu/vcs/git/unikraft-app-msp430-helloworld/unikraft/lib/uktime/musl-imported/include -I/home/mamu/vcs/git/unikraft-app-msp430-helloworld/unikraft/lib/uksp/include       -DCC_VERSION=9.3 -fno-builtin-printf -fno-builtin-fprintf -fno-builtin-sprintf -fno-builtin-snprintf -fno-builtin-vprintf -fno-builtin-vfprintf -fno-builtin-vsprintf -fno-builtin-vsnprintf -fno-builtin-scanf -fno-builtin-fscanf -fno-builtin-sscanf -fno-builtin-vscanf -fno-builtin-vfscanf -fno-builtin-vsscanf -fno-builtin-memcpy -fno-builtin-memset -fno-builtin-memchr -fno-builtin-memcmp -fno-builtin-memmove -fno-builtin-strncpy -fno-builtin-strnlen -fno-builtin-strlen -fno-builtin-strncmp -fno-builtin-strcspn -fno-builtin-strspn -fno-builtin-strndup -fno-builtin-strftime -fno-builtin-malloc -fno-builtin-calloc -fno-builtin-realloc -fno-builtin-posix_memalign -DCONFIG_UK_NETDEV_SCRATCH_SIZE=0       -g3 -D__LIBNAME__=libnolibc -D__BASENAME__=psignal.c  -c /home/mamu/vcs/git/unikraft-app-msp430-helloworld/unikraft/lib/nolibc/musl-imported/src/signal/psignal.c -o /home/mamu/vcs/git/unikraft-app-msp430-helloworld/apps/app-helloworld/build/libnolibc/psignal.o -Wp,-MD,/home/mamu/vcs/git/unikraft-app-msp430-helloworld/apps/app-helloworld/build/libnolibc/.psignal.o.d
  CC      libnolibc: psignal.o
/home/mamu/vcs/git/unikraft-app-msp430-helloworld/apps/app-helloworld/build/kconfig/fixdep /home/mamu/vcs/git/unikraft-app-msp430-helloworld/apps/app-helloworld/build/libnolibc/.psignal.o.d /home/mamu/vcs/git/unikraft-app-msp430-helloworld/apps/app-helloworld/build/libnolibc/psignal.o 'msp430-elf-gcc -nostdlib -U __linux__ -U __FreeBSD__ -U __sun__ -fno-omit-frame-pointer -fno-stack-protector -Wall -Wextra -D __Unikraft__ -DUK_CODENAME="Tethys" -DUK_VERSION=0.5 -DUK_FULLVERSION=0.5.0~6f43052-custom -fno-tree-sra -fno-split-stack -nostdinc -O2 -fno-PIC   -I/home/mamu/vcs/git/unikraft-app-msp430-helloworld/apps/app-helloworld/build/include -I/home/mamu/vcs/git/unikraft-app-msp430-helloworld/unikraft/arch/msp430/msp430/include -I/home/mamu/vcs/git/unikraft-app-msp430-helloworld/unikraft/include -I/home/mamu/vcs/git/unikraft-app-msp430-helloworld/unikraft/lib/ukboot/include -I/home/mamu/vcs/git/unikraft-app-msp430-helloworld/unikraft/lib/posix-user/include -I/home/mamu/vcs/git/unikraft-app-msp430-helloworld/unikraft/lib/posix-user/musl-imported/include -I/home/mamu/vcs/git/unikraft-app-msp430-helloworld/unikraft/lib/ukdebug/include -I/home/mamu/vcs/git/unikraft-app-msp430-helloworld/unikraft/lib/ukargparse/include -I/home/mamu/vcs/git/unikraft-app-msp430-helloworld/unikraft/lib/nolibc/include -I/home/mamu/vcs/git/unikraft-app-msp430-helloworld/unikraft/lib/nolibc/arch/msp430 -I/home/mamu/vcs/git/unikraft-app-msp430-helloworld/unikraft/lib/nolibc/musl-imported/include -I/home/mamu/vcs/git/unikraft-app-msp430-helloworld/unikraft/lib/nolibc/musl-imported/arch/generic -I/home/mamu/vcs/git/unikraft-app-msp430-helloworld/unikraft/lib/ukalloc/include -I/home/mamu/vcs/git/unikraft-app-msp430-helloworld/unikraft/lib/ukallocbbuddy/include -I/home/mamu/vcs/git/unikraft-app-msp430-helloworld/unikraft/lib/syscall_shim/include -I/home/mamu/vcs/git/unikraft-app-msp430-helloworld/unikraft/lib/vfscore/include -I/home/mamu/vcs/git/unikraft-app-msp430-helloworld/unikraft/lib/devfs/include -I/home/mamu/vcs/git/unikraft-app-msp430-helloworld/unikraft/lib/uklibparam/include -I/home/mamu/vcs/git/unikraft-app-msp430-helloworld/unikraft/lib/uktime/include -I/home/mamu/vcs/git/unikraft-app-msp430-helloworld/unikraft/lib/uktime/musl-imported/include -I/home/mamu/vcs/git/unikraft-app-msp430-helloworld/unikraft/lib/uksp/include       -DCC_VERSION=9.3 -fno-builtin-printf -fno-builtin-fprintf -fno-builtin-sprintf -fno-builtin-snprintf -fno-builtin-vprintf -fno-builtin-vfprintf -fno-builtin-vsprintf -fno-builtin-vsnprintf -fno-builtin-scanf -fno-builtin-fscanf -fno-builtin-sscanf -fno-builtin-vscanf -fno-builtin-vfscanf -fno-builtin-vsscanf -fno-builtin-memcpy -fno-builtin-memset -fno-builtin-memchr -fno-builtin-memcmp -fno-builtin-memmove -fno-builtin-strncpy -fno-builtin-strnlen -fno-builtin-strlen -fno-builtin-strncmp -fno-builtin-strcspn -fno-builtin-strspn -fno-builtin-strndup -fno-builtin-strftime -fno-builtin-malloc -fno-builtin-calloc -fno-builtin-realloc -fno-builtin-posix_memalign -DCONFIG_UK_NETDEV_SCRATCH_SIZE=0      -g3 -D__LIBNAME__=libnolibc -D__BASENAME__=psignal.c -c /home/mamu/vcs/git/unikraft-app-msp430-helloworld/unikraft/lib/nolibc/musl-imported/src/signal/psignal.c -o /home/mamu/vcs/git/unikraft-app-msp430-helloworld/apps/app-helloworld/build/libnolibc/psignal.o -Wp,-MD,/home/mamu/vcs/git/unikraft-app-msp430-helloworld/apps/app-helloworld/build/libnolibc/.psignal.o.d' > /home/mamu/vcs/git/unikraft-app-msp430-helloworld/apps/app-helloworld/build/libnolibc/psignal.d && rm -f /home/mamu/vcs/git/unikraft-app-msp430-helloworld/apps/app-helloworld/build/libnolibc/.psignal.o.d
/home/mamu/vcs/git/unikraft-app-msp430-helloworld/unikraft/support/build/Makefile.build:27: update target '/home/mamu/vcs/git/unikraft-app-msp430-helloworld/apps/app-helloworld/build/libnolibc/getopt.o' due to: /home/mamu/vcs/git/unikraft-app-msp430-helloworld/unikraft/lib/nolibc/getopt.c
printf '  %-7s %s\n' 'CC'  'libnolibc':' getopt.o' &&  msp430-elf-gcc  -nostdlib -U __linux__ -U __FreeBSD__ -U __sun__ -fno-omit-frame-pointer -fno-stack-protector -Wall -Wextra -D __Unikraft__ -DUK_CODENAME="Tethys" -DUK_VERSION=0.5 -DUK_FULLVERSION=0.5.0~6f43052-custom -fno-tree-sra -fno-split-stack -nostdinc -O2 -fno-PIC   -I/home/mamu/vcs/git/unikraft-app-msp430-helloworld/apps/app-helloworld/build/include -I/home/mamu/vcs/git/unikraft-app-msp430-helloworld/unikraft/arch/msp430/msp430/include -I/home/mamu/vcs/git/unikraft-app-msp430-helloworld/unikraft/include -I/home/mamu/vcs/git/unikraft-app-msp430-helloworld/unikraft/lib/ukboot/include -I/home/mamu/vcs/git/unikraft-app-msp430-helloworld/unikraft/lib/posix-user/include -I/home/mamu/vcs/git/unikraft-app-msp430-helloworld/unikraft/lib/posix-user/musl-imported/include -I/home/mamu/vcs/git/unikraft-app-msp430-helloworld/unikraft/lib/ukdebug/include -I/home/mamu/vcs/git/unikraft-app-msp430-helloworld/unikraft/lib/ukargparse/include -I/home/mamu/vcs/git/unikraft-app-msp430-helloworld/unikraft/lib/nolibc/include -I/home/mamu/vcs/git/unikraft-app-msp430-helloworld/unikraft/lib/nolibc/arch/msp430 -I/home/mamu/vcs/git/unikraft-app-msp430-helloworld/unikraft/lib/nolibc/musl-imported/include -I/home/mamu/vcs/git/unikraft-app-msp430-helloworld/unikraft/lib/nolibc/musl-imported/arch/generic -I/home/mamu/vcs/git/unikraft-app-msp430-helloworld/unikraft/lib/ukalloc/include -I/home/mamu/vcs/git/unikraft-app-msp430-helloworld/unikraft/lib/ukallocbbuddy/include -I/home/mamu/vcs/git/unikraft-app-msp430-helloworld/unikraft/lib/syscall_shim/include -I/home/mamu/vcs/git/unikraft-app-msp430-helloworld/unikraft/lib/vfscore/include -I/home/mamu/vcs/git/unikraft-app-msp430-helloworld/unikraft/lib/devfs/include -I/home/mamu/vcs/git/unikraft-app-msp430-helloworld/unikraft/lib/uklibparam/include -I/home/mamu/vcs/git/unikraft-app-msp430-helloworld/unikraft/lib/uktime/include -I/home/mamu/vcs/git/unikraft-app-msp430-helloworld/unikraft/lib/uktime/musl-imported/include -I/home/mamu/vcs/git/unikraft-app-msp430-helloworld/unikraft/lib/uksp/include       -DCC_VERSION=9.3 -fno-builtin-printf -fno-builtin-fprintf -fno-builtin-sprintf -fno-builtin-snprintf -fno-builtin-vprintf -fno-builtin-vfprintf -fno-builtin-vsprintf -fno-builtin-vsnprintf -fno-builtin-scanf -fno-builtin-fscanf -fno-builtin-sscanf -fno-builtin-vscanf -fno-builtin-vfscanf -fno-builtin-vsscanf -fno-builtin-memcpy -fno-builtin-memset -fno-builtin-memchr -fno-builtin-memcmp -fno-builtin-memmove -fno-builtin-strncpy -fno-builtin-strnlen -fno-builtin-strlen -fno-builtin-strncmp -fno-builtin-strcspn -fno-builtin-strspn -fno-builtin-strndup -fno-builtin-strftime -fno-builtin-malloc -fno-builtin-calloc -fno-builtin-realloc -fno-builtin-posix_memalign -DCONFIG_UK_NETDEV_SCRATCH_SIZE=0       -g3 -D__LIBNAME__=libnolibc -D__BASENAME__=getopt.c  -c /home/mamu/vcs/git/unikraft-app-msp430-helloworld/unikraft/lib/nolibc/getopt.c -o /home/mamu/vcs/git/unikraft-app-msp430-helloworld/apps/app-helloworld/build/libnolibc/getopt.o -Wp,-MD,/home/mamu/vcs/git/unikraft-app-msp430-helloworld/apps/app-helloworld/build/libnolibc/.getopt.o.d
  CC      libnolibc: getopt.o
/home/mamu/vcs/git/unikraft-app-msp430-helloworld/apps/app-helloworld/build/kconfig/fixdep /home/mamu/vcs/git/unikraft-app-msp430-helloworld/apps/app-helloworld/build/libnolibc/.getopt.o.d /home/mamu/vcs/git/unikraft-app-msp430-helloworld/apps/app-helloworld/build/libnolibc/getopt.o 'msp430-elf-gcc -nostdlib -U __linux__ -U __FreeBSD__ -U __sun__ -fno-omit-frame-pointer -fno-stack-protector -Wall -Wextra -D __Unikraft__ -DUK_CODENAME="Tethys" -DUK_VERSION=0.5 -DUK_FULLVERSION=0.5.0~6f43052-custom -fno-tree-sra -fno-split-stack -nostdinc -O2 -fno-PIC   -I/home/mamu/vcs/git/unikraft-app-msp430-helloworld/apps/app-helloworld/build/include -I/home/mamu/vcs/git/unikraft-app-msp430-helloworld/unikraft/arch/msp430/msp430/include -I/home/mamu/vcs/git/unikraft-app-msp430-helloworld/unikraft/include -I/home/mamu/vcs/git/unikraft-app-msp430-helloworld/unikraft/lib/ukboot/include -I/home/mamu/vcs/git/unikraft-app-msp430-helloworld/unikraft/lib/posix-user/include -I/home/mamu/vcs/git/unikraft-app-msp430-helloworld/unikraft/lib/posix-user/musl-imported/include -I/home/mamu/vcs/git/unikraft-app-msp430-helloworld/unikraft/lib/ukdebug/include -I/home/mamu/vcs/git/unikraft-app-msp430-helloworld/unikraft/lib/ukargparse/include -I/home/mamu/vcs/git/unikraft-app-msp430-helloworld/unikraft/lib/nolibc/include -I/home/mamu/vcs/git/unikraft-app-msp430-helloworld/unikraft/lib/nolibc/arch/msp430 -I/home/mamu/vcs/git/unikraft-app-msp430-helloworld/unikraft/lib/nolibc/musl-imported/include -I/home/mamu/vcs/git/unikraft-app-msp430-helloworld/unikraft/lib/nolibc/musl-imported/arch/generic -I/home/mamu/vcs/git/unikraft-app-msp430-helloworld/unikraft/lib/ukalloc/include -I/home/mamu/vcs/git/unikraft-app-msp430-helloworld/unikraft/lib/ukallocbbuddy/include -I/home/mamu/vcs/git/unikraft-app-msp430-helloworld/unikraft/lib/syscall_shim/include -I/home/mamu/vcs/git/unikraft-app-msp430-helloworld/unikraft/lib/vfscore/include -I/home/mamu/vcs/git/unikraft-app-msp430-helloworld/unikraft/lib/devfs/include -I/home/mamu/vcs/git/unikraft-app-msp430-helloworld/unikraft/lib/uklibparam/include -I/home/mamu/vcs/git/unikraft-app-msp430-helloworld/unikraft/lib/uktime/include -I/home/mamu/vcs/git/unikraft-app-msp430-helloworld/unikraft/lib/uktime/musl-imported/include -I/home/mamu/vcs/git/unikraft-app-msp430-helloworld/unikraft/lib/uksp/include       -DCC_VERSION=9.3 -fno-builtin-printf -fno-builtin-fprintf -fno-builtin-sprintf -fno-builtin-snprintf -fno-builtin-vprintf -fno-builtin-vfprintf -fno-builtin-vsprintf -fno-builtin-vsnprintf -fno-builtin-scanf -fno-builtin-fscanf -fno-builtin-sscanf -fno-builtin-vscanf -fno-builtin-vfscanf -fno-builtin-vsscanf -fno-builtin-memcpy -fno-builtin-memset -fno-builtin-memchr -fno-builtin-memcmp -fno-builtin-memmove -fno-builtin-strncpy -fno-builtin-strnlen -fno-builtin-strlen -fno-builtin-strncmp -fno-builtin-strcspn -fno-builtin-strspn -fno-builtin-strndup -fno-builtin-strftime -fno-builtin-malloc -fno-builtin-calloc -fno-builtin-realloc -fno-builtin-posix_memalign -DCONFIG_UK_NETDEV_SCRATCH_SIZE=0      -g3 -D__LIBNAME__=libnolibc -D__BASENAME__=getopt.c -c /home/mamu/vcs/git/unikraft-app-msp430-helloworld/unikraft/lib/nolibc/getopt.c -o /home/mamu/vcs/git/unikraft-app-msp430-helloworld/apps/app-helloworld/build/libnolibc/getopt.o -Wp,-MD,/home/mamu/vcs/git/unikraft-app-msp430-helloworld/apps/app-helloworld/build/libnolibc/.getopt.o.d' > /home/mamu/vcs/git/unikraft-app-msp430-helloworld/apps/app-helloworld/build/libnolibc/getopt.d && rm -f /home/mamu/vcs/git/unikraft-app-msp430-helloworld/apps/app-helloworld/build/libnolibc/.getopt.o.d
/home/mamu/vcs/git/unikraft-app-msp430-helloworld/unikraft/support/build/Makefile.build:27: update target '/home/mamu/vcs/git/unikraft-app-msp430-helloworld/apps/app-helloworld/build/libnolibc/sscanf.o' due to: /home/mamu/vcs/git/unikraft-app-msp430-helloworld/unikraft/lib/nolibc/sscanf.c
printf '  %-7s %s\n' 'CC'  'libnolibc':' sscanf.o' &&  msp430-elf-gcc  -nostdlib -U __linux__ -U __FreeBSD__ -U __sun__ -fno-omit-frame-pointer -fno-stack-protector -Wall -Wextra -D __Unikraft__ -DUK_CODENAME="Tethys" -DUK_VERSION=0.5 -DUK_FULLVERSION=0.5.0~6f43052-custom -fno-tree-sra -fno-split-stack -nostdinc -O2 -fno-PIC   -I/home/mamu/vcs/git/unikraft-app-msp430-helloworld/apps/app-helloworld/build/include -I/home/mamu/vcs/git/unikraft-app-msp430-helloworld/unikraft/arch/msp430/msp430/include -I/home/mamu/vcs/git/unikraft-app-msp430-helloworld/unikraft/include -I/home/mamu/vcs/git/unikraft-app-msp430-helloworld/unikraft/lib/ukboot/include -I/home/mamu/vcs/git/unikraft-app-msp430-helloworld/unikraft/lib/posix-user/include -I/home/mamu/vcs/git/unikraft-app-msp430-helloworld/unikraft/lib/posix-user/musl-imported/include -I/home/mamu/vcs/git/unikraft-app-msp430-helloworld/unikraft/lib/ukdebug/include -I/home/mamu/vcs/git/unikraft-app-msp430-helloworld/unikraft/lib/ukargparse/include -I/home/mamu/vcs/git/unikraft-app-msp430-helloworld/unikraft/lib/nolibc/include -I/home/mamu/vcs/git/unikraft-app-msp430-helloworld/unikraft/lib/nolibc/arch/msp430 -I/home/mamu/vcs/git/unikraft-app-msp430-helloworld/unikraft/lib/nolibc/musl-imported/include -I/home/mamu/vcs/git/unikraft-app-msp430-helloworld/unikraft/lib/nolibc/musl-imported/arch/generic -I/home/mamu/vcs/git/unikraft-app-msp430-helloworld/unikraft/lib/ukalloc/include -I/home/mamu/vcs/git/unikraft-app-msp430-helloworld/unikraft/lib/ukallocbbuddy/include -I/home/mamu/vcs/git/unikraft-app-msp430-helloworld/unikraft/lib/syscall_shim/include -I/home/mamu/vcs/git/unikraft-app-msp430-helloworld/unikraft/lib/vfscore/include -I/home/mamu/vcs/git/unikraft-app-msp430-helloworld/unikraft/lib/devfs/include -I/home/mamu/vcs/git/unikraft-app-msp430-helloworld/unikraft/lib/uklibparam/include -I/home/mamu/vcs/git/unikraft-app-msp430-helloworld/unikraft/lib/uktime/include -I/home/mamu/vcs/git/unikraft-app-msp430-helloworld/unikraft/lib/uktime/musl-imported/include -I/home/mamu/vcs/git/unikraft-app-msp430-helloworld/unikraft/lib/uksp/include       -DCC_VERSION=9.3 -fno-builtin-printf -fno-builtin-fprintf -fno-builtin-sprintf -fno-builtin-snprintf -fno-builtin-vprintf -fno-builtin-vfprintf -fno-builtin-vsprintf -fno-builtin-vsnprintf -fno-builtin-scanf -fno-builtin-fscanf -fno-builtin-sscanf -fno-builtin-vscanf -fno-builtin-vfscanf -fno-builtin-vsscanf -fno-builtin-memcpy -fno-builtin-memset -fno-builtin-memchr -fno-builtin-memcmp -fno-builtin-memmove -fno-builtin-strncpy -fno-builtin-strnlen -fno-builtin-strlen -fno-builtin-strncmp -fno-builtin-strcspn -fno-builtin-strspn -fno-builtin-strndup -fno-builtin-strftime -fno-builtin-malloc -fno-builtin-calloc -fno-builtin-realloc -fno-builtin-posix_memalign -DCONFIG_UK_NETDEV_SCRATCH_SIZE=0       -g3 -D__LIBNAME__=libnolibc -D__BASENAME__=sscanf.c  -c /home/mamu/vcs/git/unikraft-app-msp430-helloworld/unikraft/lib/nolibc/sscanf.c -o /home/mamu/vcs/git/unikraft-app-msp430-helloworld/apps/app-helloworld/build/libnolibc/sscanf.o -Wp,-MD,/home/mamu/vcs/git/unikraft-app-msp430-helloworld/apps/app-helloworld/build/libnolibc/.sscanf.o.d
  CC      libnolibc: sscanf.o
/home/mamu/vcs/git/unikraft-app-msp430-helloworld/apps/app-helloworld/build/kconfig/fixdep /home/mamu/vcs/git/unikraft-app-msp430-helloworld/apps/app-helloworld/build/libnolibc/.sscanf.o.d /home/mamu/vcs/git/unikraft-app-msp430-helloworld/apps/app-helloworld/build/libnolibc/sscanf.o 'msp430-elf-gcc -nostdlib -U __linux__ -U __FreeBSD__ -U __sun__ -fno-omit-frame-pointer -fno-stack-protector -Wall -Wextra -D __Unikraft__ -DUK_CODENAME="Tethys" -DUK_VERSION=0.5 -DUK_FULLVERSION=0.5.0~6f43052-custom -fno-tree-sra -fno-split-stack -nostdinc -O2 -fno-PIC   -I/home/mamu/vcs/git/unikraft-app-msp430-helloworld/apps/app-helloworld/build/include -I/home/mamu/vcs/git/unikraft-app-msp430-helloworld/unikraft/arch/msp430/msp430/include -I/home/mamu/vcs/git/unikraft-app-msp430-helloworld/unikraft/include -I/home/mamu/vcs/git/unikraft-app-msp430-helloworld/unikraft/lib/ukboot/include -I/home/mamu/vcs/git/unikraft-app-msp430-helloworld/unikraft/lib/posix-user/include -I/home/mamu/vcs/git/unikraft-app-msp430-helloworld/unikraft/lib/posix-user/musl-imported/include -I/home/mamu/vcs/git/unikraft-app-msp430-helloworld/unikraft/lib/ukdebug/include -I/home/mamu/vcs/git/unikraft-app-msp430-helloworld/unikraft/lib/ukargparse/include -I/home/mamu/vcs/git/unikraft-app-msp430-helloworld/unikraft/lib/nolibc/include -I/home/mamu/vcs/git/unikraft-app-msp430-helloworld/unikraft/lib/nolibc/arch/msp430 -I/home/mamu/vcs/git/unikraft-app-msp430-helloworld/unikraft/lib/nolibc/musl-imported/include -I/home/mamu/vcs/git/unikraft-app-msp430-helloworld/unikraft/lib/nolibc/musl-imported/arch/generic -I/home/mamu/vcs/git/unikraft-app-msp430-helloworld/unikraft/lib/ukalloc/include -I/home/mamu/vcs/git/unikraft-app-msp430-helloworld/unikraft/lib/ukallocbbuddy/include -I/home/mamu/vcs/git/unikraft-app-msp430-helloworld/unikraft/lib/syscall_shim/include -I/home/mamu/vcs/git/unikraft-app-msp430-helloworld/unikraft/lib/vfscore/include -I/home/mamu/vcs/git/unikraft-app-msp430-helloworld/unikraft/lib/devfs/include -I/home/mamu/vcs/git/unikraft-app-msp430-helloworld/unikraft/lib/uklibparam/include -I/home/mamu/vcs/git/unikraft-app-msp430-helloworld/unikraft/lib/uktime/include -I/home/mamu/vcs/git/unikraft-app-msp430-helloworld/unikraft/lib/uktime/musl-imported/include -I/home/mamu/vcs/git/unikraft-app-msp430-helloworld/unikraft/lib/uksp/include       -DCC_VERSION=9.3 -fno-builtin-printf -fno-builtin-fprintf -fno-builtin-sprintf -fno-builtin-snprintf -fno-builtin-vprintf -fno-builtin-vfprintf -fno-builtin-vsprintf -fno-builtin-vsnprintf -fno-builtin-scanf -fno-builtin-fscanf -fno-builtin-sscanf -fno-builtin-vscanf -fno-builtin-vfscanf -fno-builtin-vsscanf -fno-builtin-memcpy -fno-builtin-memset -fno-builtin-memchr -fno-builtin-memcmp -fno-builtin-memmove -fno-builtin-strncpy -fno-builtin-strnlen -fno-builtin-strlen -fno-builtin-strncmp -fno-builtin-strcspn -fno-builtin-strspn -fno-builtin-strndup -fno-builtin-strftime -fno-builtin-malloc -fno-builtin-calloc -fno-builtin-realloc -fno-builtin-posix_memalign -DCONFIG_UK_NETDEV_SCRATCH_SIZE=0      -g3 -D__LIBNAME__=libnolibc -D__BASENAME__=sscanf.c -c /home/mamu/vcs/git/unikraft-app-msp430-helloworld/unikraft/lib/nolibc/sscanf.c -o /home/mamu/vcs/git/unikraft-app-msp430-helloworld/apps/app-helloworld/build/libnolibc/sscanf.o -Wp,-MD,/home/mamu/vcs/git/unikraft-app-msp430-helloworld/apps/app-helloworld/build/libnolibc/.sscanf.o.d' > /home/mamu/vcs/git/unikraft-app-msp430-helloworld/apps/app-helloworld/build/libnolibc/sscanf.d && rm -f /home/mamu/vcs/git/unikraft-app-msp430-helloworld/apps/app-helloworld/build/libnolibc/.sscanf.o.d
/home/mamu/vcs/git/unikraft-app-msp430-helloworld/unikraft/support/build/Makefile.build:27: update target '/home/mamu/vcs/git/unikraft-app-msp430-helloworld/apps/app-helloworld/build/libnolibc/asprintf.o' due to: /home/mamu/vcs/git/unikraft-app-msp430-helloworld/unikraft/lib/nolibc/asprintf.c
printf '  %-7s %s\n' 'CC'  'libnolibc':' asprintf.o' &&  msp430-elf-gcc  -nostdlib -U __linux__ -U __FreeBSD__ -U __sun__ -fno-omit-frame-pointer -fno-stack-protector -Wall -Wextra -D __Unikraft__ -DUK_CODENAME="Tethys" -DUK_VERSION=0.5 -DUK_FULLVERSION=0.5.0~6f43052-custom -fno-tree-sra -fno-split-stack -nostdinc -O2 -fno-PIC   -I/home/mamu/vcs/git/unikraft-app-msp430-helloworld/apps/app-helloworld/build/include -I/home/mamu/vcs/git/unikraft-app-msp430-helloworld/unikraft/arch/msp430/msp430/include -I/home/mamu/vcs/git/unikraft-app-msp430-helloworld/unikraft/include -I/home/mamu/vcs/git/unikraft-app-msp430-helloworld/unikraft/lib/ukboot/include -I/home/mamu/vcs/git/unikraft-app-msp430-helloworld/unikraft/lib/posix-user/include -I/home/mamu/vcs/git/unikraft-app-msp430-helloworld/unikraft/lib/posix-user/musl-imported/include -I/home/mamu/vcs/git/unikraft-app-msp430-helloworld/unikraft/lib/ukdebug/include -I/home/mamu/vcs/git/unikraft-app-msp430-helloworld/unikraft/lib/ukargparse/include -I/home/mamu/vcs/git/unikraft-app-msp430-helloworld/unikraft/lib/nolibc/include -I/home/mamu/vcs/git/unikraft-app-msp430-helloworld/unikraft/lib/nolibc/arch/msp430 -I/home/mamu/vcs/git/unikraft-app-msp430-helloworld/unikraft/lib/nolibc/musl-imported/include -I/home/mamu/vcs/git/unikraft-app-msp430-helloworld/unikraft/lib/nolibc/musl-imported/arch/generic -I/home/mamu/vcs/git/unikraft-app-msp430-helloworld/unikraft/lib/ukalloc/include -I/home/mamu/vcs/git/unikraft-app-msp430-helloworld/unikraft/lib/ukallocbbuddy/include -I/home/mamu/vcs/git/unikraft-app-msp430-helloworld/unikraft/lib/syscall_shim/include -I/home/mamu/vcs/git/unikraft-app-msp430-helloworld/unikraft/lib/vfscore/include -I/home/mamu/vcs/git/unikraft-app-msp430-helloworld/unikraft/lib/devfs/include -I/home/mamu/vcs/git/unikraft-app-msp430-helloworld/unikraft/lib/uklibparam/include -I/home/mamu/vcs/git/unikraft-app-msp430-helloworld/unikraft/lib/uktime/include -I/home/mamu/vcs/git/unikraft-app-msp430-helloworld/unikraft/lib/uktime/musl-imported/include -I/home/mamu/vcs/git/unikraft-app-msp430-helloworld/unikraft/lib/uksp/include       -DCC_VERSION=9.3 -fno-builtin-printf -fno-builtin-fprintf -fno-builtin-sprintf -fno-builtin-snprintf -fno-builtin-vprintf -fno-builtin-vfprintf -fno-builtin-vsprintf -fno-builtin-vsnprintf -fno-builtin-scanf -fno-builtin-fscanf -fno-builtin-sscanf -fno-builtin-vscanf -fno-builtin-vfscanf -fno-builtin-vsscanf -fno-builtin-memcpy -fno-builtin-memset -fno-builtin-memchr -fno-builtin-memcmp -fno-builtin-memmove -fno-builtin-strncpy -fno-builtin-strnlen -fno-builtin-strlen -fno-builtin-strncmp -fno-builtin-strcspn -fno-builtin-strspn -fno-builtin-strndup -fno-builtin-strftime -fno-builtin-malloc -fno-builtin-calloc -fno-builtin-realloc -fno-builtin-posix_memalign -DCONFIG_UK_NETDEV_SCRATCH_SIZE=0       -g3 -D__LIBNAME__=libnolibc -D__BASENAME__=asprintf.c  -c /home/mamu/vcs/git/unikraft-app-msp430-helloworld/unikraft/lib/nolibc/asprintf.c -o /home/mamu/vcs/git/unikraft-app-msp430-helloworld/apps/app-helloworld/build/libnolibc/asprintf.o -Wp,-MD,/home/mamu/vcs/git/unikraft-app-msp430-helloworld/apps/app-helloworld/build/libnolibc/.asprintf.o.d
  CC      libnolibc: asprintf.o
/home/mamu/vcs/git/unikraft-app-msp430-helloworld/apps/app-helloworld/build/kconfig/fixdep /home/mamu/vcs/git/unikraft-app-msp430-helloworld/apps/app-helloworld/build/libnolibc/.asprintf.o.d /home/mamu/vcs/git/unikraft-app-msp430-helloworld/apps/app-helloworld/build/libnolibc/asprintf.o 'msp430-elf-gcc -nostdlib -U __linux__ -U __FreeBSD__ -U __sun__ -fno-omit-frame-pointer -fno-stack-protector -Wall -Wextra -D __Unikraft__ -DUK_CODENAME="Tethys" -DUK_VERSION=0.5 -DUK_FULLVERSION=0.5.0~6f43052-custom -fno-tree-sra -fno-split-stack -nostdinc -O2 -fno-PIC   -I/home/mamu/vcs/git/unikraft-app-msp430-helloworld/apps/app-helloworld/build/include -I/home/mamu/vcs/git/unikraft-app-msp430-helloworld/unikraft/arch/msp430/msp430/include -I/home/mamu/vcs/git/unikraft-app-msp430-helloworld/unikraft/include -I/home/mamu/vcs/git/unikraft-app-msp430-helloworld/unikraft/lib/ukboot/include -I/home/mamu/vcs/git/unikraft-app-msp430-helloworld/unikraft/lib/posix-user/include -I/home/mamu/vcs/git/unikraft-app-msp430-helloworld/unikraft/lib/posix-user/musl-imported/include -I/home/mamu/vcs/git/unikraft-app-msp430-helloworld/unikraft/lib/ukdebug/include -I/home/mamu/vcs/git/unikraft-app-msp430-helloworld/unikraft/lib/ukargparse/include -I/home/mamu/vcs/git/unikraft-app-msp430-helloworld/unikraft/lib/nolibc/include -I/home/mamu/vcs/git/unikraft-app-msp430-helloworld/unikraft/lib/nolibc/arch/msp430 -I/home/mamu/vcs/git/unikraft-app-msp430-helloworld/unikraft/lib/nolibc/musl-imported/include -I/home/mamu/vcs/git/unikraft-app-msp430-helloworld/unikraft/lib/nolibc/musl-imported/arch/generic -I/home/mamu/vcs/git/unikraft-app-msp430-helloworld/unikraft/lib/ukalloc/include -I/home/mamu/vcs/git/unikraft-app-msp430-helloworld/unikraft/lib/ukallocbbuddy/include -I/home/mamu/vcs/git/unikraft-app-msp430-helloworld/unikraft/lib/syscall_shim/include -I/home/mamu/vcs/git/unikraft-app-msp430-helloworld/unikraft/lib/vfscore/include -I/home/mamu/vcs/git/unikraft-app-msp430-helloworld/unikraft/lib/devfs/include -I/home/mamu/vcs/git/unikraft-app-msp430-helloworld/unikraft/lib/uklibparam/include -I/home/mamu/vcs/git/unikraft-app-msp430-helloworld/unikraft/lib/uktime/include -I/home/mamu/vcs/git/unikraft-app-msp430-helloworld/unikraft/lib/uktime/musl-imported/include -I/home/mamu/vcs/git/unikraft-app-msp430-helloworld/unikraft/lib/uksp/include       -DCC_VERSION=9.3 -fno-builtin-printf -fno-builtin-fprintf -fno-builtin-sprintf -fno-builtin-snprintf -fno-builtin-vprintf -fno-builtin-vfprintf -fno-builtin-vsprintf -fno-builtin-vsnprintf -fno-builtin-scanf -fno-builtin-fscanf -fno-builtin-sscanf -fno-builtin-vscanf -fno-builtin-vfscanf -fno-builtin-vsscanf -fno-builtin-memcpy -fno-builtin-memset -fno-builtin-memchr -fno-builtin-memcmp -fno-builtin-memmove -fno-builtin-strncpy -fno-builtin-strnlen -fno-builtin-strlen -fno-builtin-strncmp -fno-builtin-strcspn -fno-builtin-strspn -fno-builtin-strndup -fno-builtin-strftime -fno-builtin-malloc -fno-builtin-calloc -fno-builtin-realloc -fno-builtin-posix_memalign -DCONFIG_UK_NETDEV_SCRATCH_SIZE=0      -g3 -D__LIBNAME__=libnolibc -D__BASENAME__=asprintf.c -c /home/mamu/vcs/git/unikraft-app-msp430-helloworld/unikraft/lib/nolibc/asprintf.c -o /home/mamu/vcs/git/unikraft-app-msp430-helloworld/apps/app-helloworld/build/libnolibc/asprintf.o -Wp,-MD,/home/mamu/vcs/git/unikraft-app-msp430-helloworld/apps/app-helloworld/build/libnolibc/.asprintf.o.d' > /home/mamu/vcs/git/unikraft-app-msp430-helloworld/apps/app-helloworld/build/libnolibc/asprintf.d && rm -f /home/mamu/vcs/git/unikraft-app-msp430-helloworld/apps/app-helloworld/build/libnolibc/.asprintf.o.d
/home/mamu/vcs/git/unikraft-app-msp430-helloworld/unikraft/support/build/Makefile.build:27: update target '/home/mamu/vcs/git/unikraft-app-msp430-helloworld/apps/app-helloworld/build/libnolibc/malloc.o' due to: /home/mamu/vcs/git/unikraft-app-msp430-helloworld/unikraft/lib/nolibc/malloc.c
printf '  %-7s %s\n' 'CC'  'libnolibc':' malloc.o' &&  msp430-elf-gcc  -nostdlib -U __linux__ -U __FreeBSD__ -U __sun__ -fno-omit-frame-pointer -fno-stack-protector -Wall -Wextra -D __Unikraft__ -DUK_CODENAME="Tethys" -DUK_VERSION=0.5 -DUK_FULLVERSION=0.5.0~6f43052-custom -fno-tree-sra -fno-split-stack -nostdinc -O2 -fno-PIC   -I/home/mamu/vcs/git/unikraft-app-msp430-helloworld/apps/app-helloworld/build/include -I/home/mamu/vcs/git/unikraft-app-msp430-helloworld/unikraft/arch/msp430/msp430/include -I/home/mamu/vcs/git/unikraft-app-msp430-helloworld/unikraft/include -I/home/mamu/vcs/git/unikraft-app-msp430-helloworld/unikraft/lib/ukboot/include -I/home/mamu/vcs/git/unikraft-app-msp430-helloworld/unikraft/lib/posix-user/include -I/home/mamu/vcs/git/unikraft-app-msp430-helloworld/unikraft/lib/posix-user/musl-imported/include -I/home/mamu/vcs/git/unikraft-app-msp430-helloworld/unikraft/lib/ukdebug/include -I/home/mamu/vcs/git/unikraft-app-msp430-helloworld/unikraft/lib/ukargparse/include -I/home/mamu/vcs/git/unikraft-app-msp430-helloworld/unikraft/lib/nolibc/include -I/home/mamu/vcs/git/unikraft-app-msp430-helloworld/unikraft/lib/nolibc/arch/msp430 -I/home/mamu/vcs/git/unikraft-app-msp430-helloworld/unikraft/lib/nolibc/musl-imported/include -I/home/mamu/vcs/git/unikraft-app-msp430-helloworld/unikraft/lib/nolibc/musl-imported/arch/generic -I/home/mamu/vcs/git/unikraft-app-msp430-helloworld/unikraft/lib/ukalloc/include -I/home/mamu/vcs/git/unikraft-app-msp430-helloworld/unikraft/lib/ukallocbbuddy/include -I/home/mamu/vcs/git/unikraft-app-msp430-helloworld/unikraft/lib/syscall_shim/include -I/home/mamu/vcs/git/unikraft-app-msp430-helloworld/unikraft/lib/vfscore/include -I/home/mamu/vcs/git/unikraft-app-msp430-helloworld/unikraft/lib/devfs/include -I/home/mamu/vcs/git/unikraft-app-msp430-helloworld/unikraft/lib/uklibparam/include -I/home/mamu/vcs/git/unikraft-app-msp430-helloworld/unikraft/lib/uktime/include -I/home/mamu/vcs/git/unikraft-app-msp430-helloworld/unikraft/lib/uktime/musl-imported/include -I/home/mamu/vcs/git/unikraft-app-msp430-helloworld/unikraft/lib/uksp/include       -DCC_VERSION=9.3 -fno-builtin-printf -fno-builtin-fprintf -fno-builtin-sprintf -fno-builtin-snprintf -fno-builtin-vprintf -fno-builtin-vfprintf -fno-builtin-vsprintf -fno-builtin-vsnprintf -fno-builtin-scanf -fno-builtin-fscanf -fno-builtin-sscanf -fno-builtin-vscanf -fno-builtin-vfscanf -fno-builtin-vsscanf -fno-builtin-memcpy -fno-builtin-memset -fno-builtin-memchr -fno-builtin-memcmp -fno-builtin-memmove -fno-builtin-strncpy -fno-builtin-strnlen -fno-builtin-strlen -fno-builtin-strncmp -fno-builtin-strcspn -fno-builtin-strspn -fno-builtin-strndup -fno-builtin-strftime -fno-builtin-malloc -fno-builtin-calloc -fno-builtin-realloc -fno-builtin-posix_memalign -DCONFIG_UK_NETDEV_SCRATCH_SIZE=0       -g3 -D__LIBNAME__=libnolibc -D__BASENAME__=malloc.c  -c /home/mamu/vcs/git/unikraft-app-msp430-helloworld/unikraft/lib/nolibc/malloc.c -o /home/mamu/vcs/git/unikraft-app-msp430-helloworld/apps/app-helloworld/build/libnolibc/malloc.o -Wp,-MD,/home/mamu/vcs/git/unikraft-app-msp430-helloworld/apps/app-helloworld/build/libnolibc/.malloc.o.d
  CC      libnolibc: malloc.o
/home/mamu/vcs/git/unikraft-app-msp430-helloworld/apps/app-helloworld/build/kconfig/fixdep /home/mamu/vcs/git/unikraft-app-msp430-helloworld/apps/app-helloworld/build/libnolibc/.malloc.o.d /home/mamu/vcs/git/unikraft-app-msp430-helloworld/apps/app-helloworld/build/libnolibc/malloc.o 'msp430-elf-gcc -nostdlib -U __linux__ -U __FreeBSD__ -U __sun__ -fno-omit-frame-pointer -fno-stack-protector -Wall -Wextra -D __Unikraft__ -DUK_CODENAME="Tethys" -DUK_VERSION=0.5 -DUK_FULLVERSION=0.5.0~6f43052-custom -fno-tree-sra -fno-split-stack -nostdinc -O2 -fno-PIC   -I/home/mamu/vcs/git/unikraft-app-msp430-helloworld/apps/app-helloworld/build/include -I/home/mamu/vcs/git/unikraft-app-msp430-helloworld/unikraft/arch/msp430/msp430/include -I/home/mamu/vcs/git/unikraft-app-msp430-helloworld/unikraft/include -I/home/mamu/vcs/git/unikraft-app-msp430-helloworld/unikraft/lib/ukboot/include -I/home/mamu/vcs/git/unikraft-app-msp430-helloworld/unikraft/lib/posix-user/include -I/home/mamu/vcs/git/unikraft-app-msp430-helloworld/unikraft/lib/posix-user/musl-imported/include -I/home/mamu/vcs/git/unikraft-app-msp430-helloworld/unikraft/lib/ukdebug/include -I/home/mamu/vcs/git/unikraft-app-msp430-helloworld/unikraft/lib/ukargparse/include -I/home/mamu/vcs/git/unikraft-app-msp430-helloworld/unikraft/lib/nolibc/include -I/home/mamu/vcs/git/unikraft-app-msp430-helloworld/unikraft/lib/nolibc/arch/msp430 -I/home/mamu/vcs/git/unikraft-app-msp430-helloworld/unikraft/lib/nolibc/musl-imported/include -I/home/mamu/vcs/git/unikraft-app-msp430-helloworld/unikraft/lib/nolibc/musl-imported/arch/generic -I/home/mamu/vcs/git/unikraft-app-msp430-helloworld/unikraft/lib/ukalloc/include -I/home/mamu/vcs/git/unikraft-app-msp430-helloworld/unikraft/lib/ukallocbbuddy/include -I/home/mamu/vcs/git/unikraft-app-msp430-helloworld/unikraft/lib/syscall_shim/include -I/home/mamu/vcs/git/unikraft-app-msp430-helloworld/unikraft/lib/vfscore/include -I/home/mamu/vcs/git/unikraft-app-msp430-helloworld/unikraft/lib/devfs/include -I/home/mamu/vcs/git/unikraft-app-msp430-helloworld/unikraft/lib/uklibparam/include -I/home/mamu/vcs/git/unikraft-app-msp430-helloworld/unikraft/lib/uktime/include -I/home/mamu/vcs/git/unikraft-app-msp430-helloworld/unikraft/lib/uktime/musl-imported/include -I/home/mamu/vcs/git/unikraft-app-msp430-helloworld/unikraft/lib/uksp/include       -DCC_VERSION=9.3 -fno-builtin-printf -fno-builtin-fprintf -fno-builtin-sprintf -fno-builtin-snprintf -fno-builtin-vprintf -fno-builtin-vfprintf -fno-builtin-vsprintf -fno-builtin-vsnprintf -fno-builtin-scanf -fno-builtin-fscanf -fno-builtin-sscanf -fno-builtin-vscanf -fno-builtin-vfscanf -fno-builtin-vsscanf -fno-builtin-memcpy -fno-builtin-memset -fno-builtin-memchr -fno-builtin-memcmp -fno-builtin-memmove -fno-builtin-strncpy -fno-builtin-strnlen -fno-builtin-strlen -fno-builtin-strncmp -fno-builtin-strcspn -fno-builtin-strspn -fno-builtin-strndup -fno-builtin-strftime -fno-builtin-malloc -fno-builtin-calloc -fno-builtin-realloc -fno-builtin-posix_memalign -DCONFIG_UK_NETDEV_SCRATCH_SIZE=0      -g3 -D__LIBNAME__=libnolibc -D__BASENAME__=malloc.c -c /home/mamu/vcs/git/unikraft-app-msp430-helloworld/unikraft/lib/nolibc/malloc.c -o /home/mamu/vcs/git/unikraft-app-msp430-helloworld/apps/app-helloworld/build/libnolibc/malloc.o -Wp,-MD,/home/mamu/vcs/git/unikraft-app-msp430-helloworld/apps/app-helloworld/build/libnolibc/.malloc.o.d' > /home/mamu/vcs/git/unikraft-app-msp430-helloworld/apps/app-helloworld/build/libnolibc/malloc.d && rm -f /home/mamu/vcs/git/unikraft-app-msp430-helloworld/apps/app-helloworld/build/libnolibc/.malloc.o.d
/home/mamu/vcs/git/unikraft-app-msp430-helloworld/unikraft/support/build/Makefile.build:27: update target '/home/mamu/vcs/git/unikraft-app-msp430-helloworld/apps/app-helloworld/build/libnolibc/qsort.o' due to: /home/mamu/vcs/git/unikraft-app-msp430-helloworld/unikraft/lib/nolibc/qsort.c
printf '  %-7s %s\n' 'CC'  'libnolibc':' qsort.o' &&  msp430-elf-gcc  -nostdlib -U __linux__ -U __FreeBSD__ -U __sun__ -fno-omit-frame-pointer -fno-stack-protector -Wall -Wextra -D __Unikraft__ -DUK_CODENAME="Tethys" -DUK_VERSION=0.5 -DUK_FULLVERSION=0.5.0~6f43052-custom -fno-tree-sra -fno-split-stack -nostdinc -O2 -fno-PIC   -I/home/mamu/vcs/git/unikraft-app-msp430-helloworld/apps/app-helloworld/build/include -I/home/mamu/vcs/git/unikraft-app-msp430-helloworld/unikraft/arch/msp430/msp430/include -I/home/mamu/vcs/git/unikraft-app-msp430-helloworld/unikraft/include -I/home/mamu/vcs/git/unikraft-app-msp430-helloworld/unikraft/lib/ukboot/include -I/home/mamu/vcs/git/unikraft-app-msp430-helloworld/unikraft/lib/posix-user/include -I/home/mamu/vcs/git/unikraft-app-msp430-helloworld/unikraft/lib/posix-user/musl-imported/include -I/home/mamu/vcs/git/unikraft-app-msp430-helloworld/unikraft/lib/ukdebug/include -I/home/mamu/vcs/git/unikraft-app-msp430-helloworld/unikraft/lib/ukargparse/include -I/home/mamu/vcs/git/unikraft-app-msp430-helloworld/unikraft/lib/nolibc/include -I/home/mamu/vcs/git/unikraft-app-msp430-helloworld/unikraft/lib/nolibc/arch/msp430 -I/home/mamu/vcs/git/unikraft-app-msp430-helloworld/unikraft/lib/nolibc/musl-imported/include -I/home/mamu/vcs/git/unikraft-app-msp430-helloworld/unikraft/lib/nolibc/musl-imported/arch/generic -I/home/mamu/vcs/git/unikraft-app-msp430-helloworld/unikraft/lib/ukalloc/include -I/home/mamu/vcs/git/unikraft-app-msp430-helloworld/unikraft/lib/ukallocbbuddy/include -I/home/mamu/vcs/git/unikraft-app-msp430-helloworld/unikraft/lib/syscall_shim/include -I/home/mamu/vcs/git/unikraft-app-msp430-helloworld/unikraft/lib/vfscore/include -I/home/mamu/vcs/git/unikraft-app-msp430-helloworld/unikraft/lib/devfs/include -I/home/mamu/vcs/git/unikraft-app-msp430-helloworld/unikraft/lib/uklibparam/include -I/home/mamu/vcs/git/unikraft-app-msp430-helloworld/unikraft/lib/uktime/include -I/home/mamu/vcs/git/unikraft-app-msp430-helloworld/unikraft/lib/uktime/musl-imported/include -I/home/mamu/vcs/git/unikraft-app-msp430-helloworld/unikraft/lib/uksp/include       -DCC_VERSION=9.3 -fno-builtin-printf -fno-builtin-fprintf -fno-builtin-sprintf -fno-builtin-snprintf -fno-builtin-vprintf -fno-builtin-vfprintf -fno-builtin-vsprintf -fno-builtin-vsnprintf -fno-builtin-scanf -fno-builtin-fscanf -fno-builtin-sscanf -fno-builtin-vscanf -fno-builtin-vfscanf -fno-builtin-vsscanf -fno-builtin-memcpy -fno-builtin-memset -fno-builtin-memchr -fno-builtin-memcmp -fno-builtin-memmove -fno-builtin-strncpy -fno-builtin-strnlen -fno-builtin-strlen -fno-builtin-strncmp -fno-builtin-strcspn -fno-builtin-strspn -fno-builtin-strndup -fno-builtin-strftime -fno-builtin-malloc -fno-builtin-calloc -fno-builtin-realloc -fno-builtin-posix_memalign -DCONFIG_UK_NETDEV_SCRATCH_SIZE=0       -g3 -D__LIBNAME__=libnolibc -D__BASENAME__=qsort.c  -c /home/mamu/vcs/git/unikraft-app-msp430-helloworld/unikraft/lib/nolibc/qsort.c -o /home/mamu/vcs/git/unikraft-app-msp430-helloworld/apps/app-helloworld/build/libnolibc/qsort.o -Wp,-MD,/home/mamu/vcs/git/unikraft-app-msp430-helloworld/apps/app-helloworld/build/libnolibc/.qsort.o.d
  CC      libnolibc: qsort.o
/home/mamu/vcs/git/unikraft-app-msp430-helloworld/apps/app-helloworld/build/kconfig/fixdep /home/mamu/vcs/git/unikraft-app-msp430-helloworld/apps/app-helloworld/build/libnolibc/.qsort.o.d /home/mamu/vcs/git/unikraft-app-msp430-helloworld/apps/app-helloworld/build/libnolibc/qsort.o 'msp430-elf-gcc -nostdlib -U __linux__ -U __FreeBSD__ -U __sun__ -fno-omit-frame-pointer -fno-stack-protector -Wall -Wextra -D __Unikraft__ -DUK_CODENAME="Tethys" -DUK_VERSION=0.5 -DUK_FULLVERSION=0.5.0~6f43052-custom -fno-tree-sra -fno-split-stack -nostdinc -O2 -fno-PIC   -I/home/mamu/vcs/git/unikraft-app-msp430-helloworld/apps/app-helloworld/build/include -I/home/mamu/vcs/git/unikraft-app-msp430-helloworld/unikraft/arch/msp430/msp430/include -I/home/mamu/vcs/git/unikraft-app-msp430-helloworld/unikraft/include -I/home/mamu/vcs/git/unikraft-app-msp430-helloworld/unikraft/lib/ukboot/include -I/home/mamu/vcs/git/unikraft-app-msp430-helloworld/unikraft/lib/posix-user/include -I/home/mamu/vcs/git/unikraft-app-msp430-helloworld/unikraft/lib/posix-user/musl-imported/include -I/home/mamu/vcs/git/unikraft-app-msp430-helloworld/unikraft/lib/ukdebug/include -I/home/mamu/vcs/git/unikraft-app-msp430-helloworld/unikraft/lib/ukargparse/include -I/home/mamu/vcs/git/unikraft-app-msp430-helloworld/unikraft/lib/nolibc/include -I/home/mamu/vcs/git/unikraft-app-msp430-helloworld/unikraft/lib/nolibc/arch/msp430 -I/home/mamu/vcs/git/unikraft-app-msp430-helloworld/unikraft/lib/nolibc/musl-imported/include -I/home/mamu/vcs/git/unikraft-app-msp430-helloworld/unikraft/lib/nolibc/musl-imported/arch/generic -I/home/mamu/vcs/git/unikraft-app-msp430-helloworld/unikraft/lib/ukalloc/include -I/home/mamu/vcs/git/unikraft-app-msp430-helloworld/unikraft/lib/ukallocbbuddy/include -I/home/mamu/vcs/git/unikraft-app-msp430-helloworld/unikraft/lib/syscall_shim/include -I/home/mamu/vcs/git/unikraft-app-msp430-helloworld/unikraft/lib/vfscore/include -I/home/mamu/vcs/git/unikraft-app-msp430-helloworld/unikraft/lib/devfs/include -I/home/mamu/vcs/git/unikraft-app-msp430-helloworld/unikraft/lib/uklibparam/include -I/home/mamu/vcs/git/unikraft-app-msp430-helloworld/unikraft/lib/uktime/include -I/home/mamu/vcs/git/unikraft-app-msp430-helloworld/unikraft/lib/uktime/musl-imported/include -I/home/mamu/vcs/git/unikraft-app-msp430-helloworld/unikraft/lib/uksp/include       -DCC_VERSION=9.3 -fno-builtin-printf -fno-builtin-fprintf -fno-builtin-sprintf -fno-builtin-snprintf -fno-builtin-vprintf -fno-builtin-vfprintf -fno-builtin-vsprintf -fno-builtin-vsnprintf -fno-builtin-scanf -fno-builtin-fscanf -fno-builtin-sscanf -fno-builtin-vscanf -fno-builtin-vfscanf -fno-builtin-vsscanf -fno-builtin-memcpy -fno-builtin-memset -fno-builtin-memchr -fno-builtin-memcmp -fno-builtin-memmove -fno-builtin-strncpy -fno-builtin-strnlen -fno-builtin-strlen -fno-builtin-strncmp -fno-builtin-strcspn -fno-builtin-strspn -fno-builtin-strndup -fno-builtin-strftime -fno-builtin-malloc -fno-builtin-calloc -fno-builtin-realloc -fno-builtin-posix_memalign -DCONFIG_UK_NETDEV_SCRATCH_SIZE=0      -g3 -D__LIBNAME__=libnolibc -D__BASENAME__=qsort.c -c /home/mamu/vcs/git/unikraft-app-msp430-helloworld/unikraft/lib/nolibc/qsort.c -o /home/mamu/vcs/git/unikraft-app-msp430-helloworld/apps/app-helloworld/build/libnolibc/qsort.o -Wp,-MD,/home/mamu/vcs/git/unikraft-app-msp430-helloworld/apps/app-helloworld/build/libnolibc/.qsort.o.d' > /home/mamu/vcs/git/unikraft-app-msp430-helloworld/apps/app-helloworld/build/libnolibc/qsort.d && rm -f /home/mamu/vcs/git/unikraft-app-msp430-helloworld/apps/app-helloworld/build/libnolibc/.qsort.o.d
/home/mamu/vcs/git/unikraft-app-msp430-helloworld/unikraft/support/build/Makefile.build:27: update target '/home/mamu/vcs/git/unikraft-app-msp430-helloworld/apps/app-helloworld/build/libnolibc.ld.o' due to: /home/mamu/vcs/git/unikraft-app-msp430-helloworld/apps/app-helloworld/build/libnolibc/errno.o /home/mamu/vcs/git/unikraft-app-msp430-helloworld/apps/app-helloworld/build/libnolibc/stdio.o /home/mamu/vcs/git/unikraft-app-msp430-helloworld/apps/app-helloworld/build/libnolibc/ctype.o /home/mamu/vcs/git/unikraft-app-msp430-helloworld/apps/app-helloworld/build/libnolibc/stdlib.o /home/mamu/vcs/git/unikraft-app-msp430-helloworld/apps/app-helloworld/build/libnolibc/string.o /home/mamu/vcs/git/unikraft-app-msp430-helloworld/apps/app-helloworld/build/libnolibc/strsignal.o /home/mamu/vcs/git/unikraft-app-msp430-helloworld/apps/app-helloworld/build/libnolibc/psignal.o /home/mamu/vcs/git/unikraft-app-msp430-helloworld/apps/app-helloworld/build/libnolibc/getopt.o /home/mamu/vcs/git/unikraft-app-msp430-helloworld/apps/app-helloworld/build/libnolibc/sscanf.o /home/mamu/vcs/git/unikraft-app-msp430-helloworld/apps/app-helloworld/build/libnolibc/asprintf.o /home/mamu/vcs/git/unikraft-app-msp430-helloworld/apps/app-helloworld/build/libnolibc/malloc.o /home/mamu/vcs/git/unikraft-app-msp430-helloworld/apps/app-helloworld/build/libnolibc/qsort.o
printf '  %-7s %s\n' 'LD'  'libnolibc.ld.o' &&  msp430-elf-gcc -nostdlib -Wl,-r -Wl,-d -Wl,--no-gc-sections -no-pie -nostdinc    /home/mamu/vcs/git/unikraft-app-msp430-helloworld/apps/app-helloworld/build/libnolibc/errno.o /home/mamu/vcs/git/unikraft-app-msp430-helloworld/apps/app-helloworld/build/libnolibc/stdio.o /home/mamu/vcs/git/unikraft-app-msp430-helloworld/apps/app-helloworld/build/libnolibc/ctype.o /home/mamu/vcs/git/unikraft-app-msp430-helloworld/apps/app-helloworld/build/libnolibc/stdlib.o /home/mamu/vcs/git/unikraft-app-msp430-helloworld/apps/app-helloworld/build/libnolibc/string.o /home/mamu/vcs/git/unikraft-app-msp430-helloworld/apps/app-helloworld/build/libnolibc/strsignal.o /home/mamu/vcs/git/unikraft-app-msp430-helloworld/apps/app-helloworld/build/libnolibc/psignal.o /home/mamu/vcs/git/unikraft-app-msp430-helloworld/apps/app-helloworld/build/libnolibc/getopt.o /home/mamu/vcs/git/unikraft-app-msp430-helloworld/apps/app-helloworld/build/libnolibc/sscanf.o /home/mamu/vcs/git/unikraft-app-msp430-helloworld/apps/app-helloworld/build/libnolibc/asprintf.o /home/mamu/vcs/git/unikraft-app-msp430-helloworld/apps/app-helloworld/build/libnolibc/malloc.o /home/mamu/vcs/git/unikraft-app-msp430-helloworld/apps/app-helloworld/build/libnolibc/qsort.o   -Wl,--start-group     -Wl,--end-group -o /home/mamu/vcs/git/unikraft-app-msp430-helloworld/apps/app-helloworld/build/libnolibc.ld.o
  LD      libnolibc.ld.o
/home/mamu/vcs/git/unikraft-app-msp430-helloworld/unikraft/support/build/Makefile.build:27: update target '/home/mamu/vcs/git/unikraft-app-msp430-helloworld/apps/app-helloworld/build/libnolibc.o' due to: /home/mamu/vcs/git/unikraft-app-msp430-helloworld/apps/app-helloworld/build/libnolibc.ld.o /home/mamu/vcs/git/unikraft-app-msp430-helloworld/unikraft/lib/nolibc/exportsyms.uk
printf '  %-7s %s\n' 'OBJCOPY'  'libnolibc.o' &&  msp430-elf-objcopy --keep-global-symbols=/home/mamu/vcs/git/unikraft-app-msp430-helloworld/unikraft/lib/nolibc/exportsyms.uk      -w -L __* /home/mamu/vcs/git/unikraft-app-msp430-helloworld/apps/app-helloworld/build/libnolibc.ld.o /home/mamu/vcs/git/unikraft-app-msp430-helloworld/apps/app-helloworld/build/libnolibc.o
  OBJCOPY libnolibc.o
/home/mamu/vcs/git/unikraft-app-msp430-helloworld/unikraft/support/build/Makefile.build:27: update target '/home/mamu/vcs/git/unikraft-app-msp430-helloworld/apps/app-helloworld/build/libukalloc/alloc.o' due to: /home/mamu/vcs/git/unikraft-app-msp430-helloworld/unikraft/lib/ukalloc/alloc.c
printf '  %-7s %s\n' 'CC'  'libukalloc':' alloc.o' &&  msp430-elf-gcc  -nostdlib -U __linux__ -U __FreeBSD__ -U __sun__ -fno-omit-frame-pointer -fno-stack-protector -Wall -Wextra -D __Unikraft__ -DUK_CODENAME="Tethys" -DUK_VERSION=0.5 -DUK_FULLVERSION=0.5.0~6f43052-custom -fno-tree-sra -fno-split-stack -nostdinc -O2 -fno-PIC   -I/home/mamu/vcs/git/unikraft-app-msp430-helloworld/apps/app-helloworld/build/include -I/home/mamu/vcs/git/unikraft-app-msp430-helloworld/unikraft/arch/msp430/msp430/include -I/home/mamu/vcs/git/unikraft-app-msp430-helloworld/unikraft/include -I/home/mamu/vcs/git/unikraft-app-msp430-helloworld/unikraft/lib/ukboot/include -I/home/mamu/vcs/git/unikraft-app-msp430-helloworld/unikraft/lib/posix-user/include -I/home/mamu/vcs/git/unikraft-app-msp430-helloworld/unikraft/lib/posix-user/musl-imported/include -I/home/mamu/vcs/git/unikraft-app-msp430-helloworld/unikraft/lib/ukdebug/include -I/home/mamu/vcs/git/unikraft-app-msp430-helloworld/unikraft/lib/ukargparse/include -I/home/mamu/vcs/git/unikraft-app-msp430-helloworld/unikraft/lib/nolibc/include -I/home/mamu/vcs/git/unikraft-app-msp430-helloworld/unikraft/lib/nolibc/arch/msp430 -I/home/mamu/vcs/git/unikraft-app-msp430-helloworld/unikraft/lib/nolibc/musl-imported/include -I/home/mamu/vcs/git/unikraft-app-msp430-helloworld/unikraft/lib/nolibc/musl-imported/arch/generic -I/home/mamu/vcs/git/unikraft-app-msp430-helloworld/unikraft/lib/ukalloc/include -I/home/mamu/vcs/git/unikraft-app-msp430-helloworld/unikraft/lib/ukallocbbuddy/include -I/home/mamu/vcs/git/unikraft-app-msp430-helloworld/unikraft/lib/syscall_shim/include -I/home/mamu/vcs/git/unikraft-app-msp430-helloworld/unikraft/lib/vfscore/include -I/home/mamu/vcs/git/unikraft-app-msp430-helloworld/unikraft/lib/devfs/include -I/home/mamu/vcs/git/unikraft-app-msp430-helloworld/unikraft/lib/uklibparam/include -I/home/mamu/vcs/git/unikraft-app-msp430-helloworld/unikraft/lib/uktime/include -I/home/mamu/vcs/git/unikraft-app-msp430-helloworld/unikraft/lib/uktime/musl-imported/include -I/home/mamu/vcs/git/unikraft-app-msp430-helloworld/unikraft/lib/uksp/include       -DCC_VERSION=9.3 -fno-builtin-printf -fno-builtin-fprintf -fno-builtin-sprintf -fno-builtin-snprintf -fno-builtin-vprintf -fno-builtin-vfprintf -fno-builtin-vsprintf -fno-builtin-vsnprintf -fno-builtin-scanf -fno-builtin-fscanf -fno-builtin-sscanf -fno-builtin-vscanf -fno-builtin-vfscanf -fno-builtin-vsscanf -fno-builtin-memcpy -fno-builtin-memset -fno-builtin-memchr -fno-builtin-memcmp -fno-builtin-memmove -fno-builtin-strncpy -fno-builtin-strnlen -fno-builtin-strlen -fno-builtin-strncmp -fno-builtin-strcspn -fno-builtin-strspn -fno-builtin-strndup -fno-builtin-strftime -fno-builtin-malloc -fno-builtin-calloc -fno-builtin-realloc -fno-builtin-posix_memalign -DCONFIG_UK_NETDEV_SCRATCH_SIZE=0       -g3 -D__LIBNAME__=libukalloc -D__BASENAME__=alloc.c  -c /home/mamu/vcs/git/unikraft-app-msp430-helloworld/unikraft/lib/ukalloc/alloc.c -o /home/mamu/vcs/git/unikraft-app-msp430-helloworld/apps/app-helloworld/build/libukalloc/alloc.o -Wp,-MD,/home/mamu/vcs/git/unikraft-app-msp430-helloworld/apps/app-helloworld/build/libukalloc/.alloc.o.d
  CC      libukalloc: alloc.o
/home/mamu/vcs/git/unikraft-app-msp430-helloworld/apps/app-helloworld/build/kconfig/fixdep /home/mamu/vcs/git/unikraft-app-msp430-helloworld/apps/app-helloworld/build/libukalloc/.alloc.o.d /home/mamu/vcs/git/unikraft-app-msp430-helloworld/apps/app-helloworld/build/libukalloc/alloc.o 'msp430-elf-gcc -nostdlib -U __linux__ -U __FreeBSD__ -U __sun__ -fno-omit-frame-pointer -fno-stack-protector -Wall -Wextra -D __Unikraft__ -DUK_CODENAME="Tethys" -DUK_VERSION=0.5 -DUK_FULLVERSION=0.5.0~6f43052-custom -fno-tree-sra -fno-split-stack -nostdinc -O2 -fno-PIC   -I/home/mamu/vcs/git/unikraft-app-msp430-helloworld/apps/app-helloworld/build/include -I/home/mamu/vcs/git/unikraft-app-msp430-helloworld/unikraft/arch/msp430/msp430/include -I/home/mamu/vcs/git/unikraft-app-msp430-helloworld/unikraft/include -I/home/mamu/vcs/git/unikraft-app-msp430-helloworld/unikraft/lib/ukboot/include -I/home/mamu/vcs/git/unikraft-app-msp430-helloworld/unikraft/lib/posix-user/include -I/home/mamu/vcs/git/unikraft-app-msp430-helloworld/unikraft/lib/posix-user/musl-imported/include -I/home/mamu/vcs/git/unikraft-app-msp430-helloworld/unikraft/lib/ukdebug/include -I/home/mamu/vcs/git/unikraft-app-msp430-helloworld/unikraft/lib/ukargparse/include -I/home/mamu/vcs/git/unikraft-app-msp430-helloworld/unikraft/lib/nolibc/include -I/home/mamu/vcs/git/unikraft-app-msp430-helloworld/unikraft/lib/nolibc/arch/msp430 -I/home/mamu/vcs/git/unikraft-app-msp430-helloworld/unikraft/lib/nolibc/musl-imported/include -I/home/mamu/vcs/git/unikraft-app-msp430-helloworld/unikraft/lib/nolibc/musl-imported/arch/generic -I/home/mamu/vcs/git/unikraft-app-msp430-helloworld/unikraft/lib/ukalloc/include -I/home/mamu/vcs/git/unikraft-app-msp430-helloworld/unikraft/lib/ukallocbbuddy/include -I/home/mamu/vcs/git/unikraft-app-msp430-helloworld/unikraft/lib/syscall_shim/include -I/home/mamu/vcs/git/unikraft-app-msp430-helloworld/unikraft/lib/vfscore/include -I/home/mamu/vcs/git/unikraft-app-msp430-helloworld/unikraft/lib/devfs/include -I/home/mamu/vcs/git/unikraft-app-msp430-helloworld/unikraft/lib/uklibparam/include -I/home/mamu/vcs/git/unikraft-app-msp430-helloworld/unikraft/lib/uktime/include -I/home/mamu/vcs/git/unikraft-app-msp430-helloworld/unikraft/lib/uktime/musl-imported/include -I/home/mamu/vcs/git/unikraft-app-msp430-helloworld/unikraft/lib/uksp/include       -DCC_VERSION=9.3 -fno-builtin-printf -fno-builtin-fprintf -fno-builtin-sprintf -fno-builtin-snprintf -fno-builtin-vprintf -fno-builtin-vfprintf -fno-builtin-vsprintf -fno-builtin-vsnprintf -fno-builtin-scanf -fno-builtin-fscanf -fno-builtin-sscanf -fno-builtin-vscanf -fno-builtin-vfscanf -fno-builtin-vsscanf -fno-builtin-memcpy -fno-builtin-memset -fno-builtin-memchr -fno-builtin-memcmp -fno-builtin-memmove -fno-builtin-strncpy -fno-builtin-strnlen -fno-builtin-strlen -fno-builtin-strncmp -fno-builtin-strcspn -fno-builtin-strspn -fno-builtin-strndup -fno-builtin-strftime -fno-builtin-malloc -fno-builtin-calloc -fno-builtin-realloc -fno-builtin-posix_memalign -DCONFIG_UK_NETDEV_SCRATCH_SIZE=0      -g3 -D__LIBNAME__=libukalloc -D__BASENAME__=alloc.c -c /home/mamu/vcs/git/unikraft-app-msp430-helloworld/unikraft/lib/ukalloc/alloc.c -o /home/mamu/vcs/git/unikraft-app-msp430-helloworld/apps/app-helloworld/build/libukalloc/alloc.o -Wp,-MD,/home/mamu/vcs/git/unikraft-app-msp430-helloworld/apps/app-helloworld/build/libukalloc/.alloc.o.d' > /home/mamu/vcs/git/unikraft-app-msp430-helloworld/apps/app-helloworld/build/libukalloc/alloc.d && rm -f /home/mamu/vcs/git/unikraft-app-msp430-helloworld/apps/app-helloworld/build/libukalloc/.alloc.o.d
/home/mamu/vcs/git/unikraft-app-msp430-helloworld/unikraft/support/build/Makefile.build:27: update target '/home/mamu/vcs/git/unikraft-app-msp430-helloworld/apps/app-helloworld/build/libukalloc.ld.o' due to: /home/mamu/vcs/git/unikraft-app-msp430-helloworld/apps/app-helloworld/build/libukalloc/alloc.o
printf '  %-7s %s\n' 'LD'  'libukalloc.ld.o' &&  msp430-elf-gcc -nostdlib -Wl,-r -Wl,-d -Wl,--no-gc-sections -no-pie -nostdinc    /home/mamu/vcs/git/unikraft-app-msp430-helloworld/apps/app-helloworld/build/libukalloc/alloc.o   -Wl,--start-group     -Wl,--end-group -o /home/mamu/vcs/git/unikraft-app-msp430-helloworld/apps/app-helloworld/build/libukalloc.ld.o
  LD      libukalloc.ld.o
/home/mamu/vcs/git/unikraft-app-msp430-helloworld/unikraft/support/build/Makefile.build:27: update target '/home/mamu/vcs/git/unikraft-app-msp430-helloworld/apps/app-helloworld/build/libukalloc.o' due to: /home/mamu/vcs/git/unikraft-app-msp430-helloworld/apps/app-helloworld/build/libukalloc.ld.o /home/mamu/vcs/git/unikraft-app-msp430-helloworld/unikraft/lib/ukalloc/exportsyms.uk
printf '  %-7s %s\n' 'OBJCOPY'  'libukalloc.o' &&  msp430-elf-objcopy --keep-global-symbols=/home/mamu/vcs/git/unikraft-app-msp430-helloworld/unikraft/lib/ukalloc/exportsyms.uk       /home/mamu/vcs/git/unikraft-app-msp430-helloworld/apps/app-helloworld/build/libukalloc.ld.o /home/mamu/vcs/git/unikraft-app-msp430-helloworld/apps/app-helloworld/build/libukalloc.o
  OBJCOPY libukalloc.o
/home/mamu/vcs/git/unikraft-app-msp430-helloworld/unikraft/support/build/Makefile.build:27: update target '/home/mamu/vcs/git/unikraft-app-msp430-helloworld/apps/app-helloworld/build/libukallocbbuddy/bbuddy.o' due to: /home/mamu/vcs/git/unikraft-app-msp430-helloworld/unikraft/lib/ukallocbbuddy/bbuddy.c
printf '  %-7s %s\n' 'CC'  'libukallocbbuddy':' bbuddy.o' &&  msp430-elf-gcc  -nostdlib -U __linux__ -U __FreeBSD__ -U __sun__ -fno-omit-frame-pointer -fno-stack-protector -Wall -Wextra -D __Unikraft__ -DUK_CODENAME="Tethys" -DUK_VERSION=0.5 -DUK_FULLVERSION=0.5.0~6f43052-custom -fno-tree-sra -fno-split-stack -nostdinc -O2 -fno-PIC   -I/home/mamu/vcs/git/unikraft-app-msp430-helloworld/apps/app-helloworld/build/include -I/home/mamu/vcs/git/unikraft-app-msp430-helloworld/unikraft/arch/msp430/msp430/include -I/home/mamu/vcs/git/unikraft-app-msp430-helloworld/unikraft/include -I/home/mamu/vcs/git/unikraft-app-msp430-helloworld/unikraft/lib/ukboot/include -I/home/mamu/vcs/git/unikraft-app-msp430-helloworld/unikraft/lib/posix-user/include -I/home/mamu/vcs/git/unikraft-app-msp430-helloworld/unikraft/lib/posix-user/musl-imported/include -I/home/mamu/vcs/git/unikraft-app-msp430-helloworld/unikraft/lib/ukdebug/include -I/home/mamu/vcs/git/unikraft-app-msp430-helloworld/unikraft/lib/ukargparse/include -I/home/mamu/vcs/git/unikraft-app-msp430-helloworld/unikraft/lib/nolibc/include -I/home/mamu/vcs/git/unikraft-app-msp430-helloworld/unikraft/lib/nolibc/arch/msp430 -I/home/mamu/vcs/git/unikraft-app-msp430-helloworld/unikraft/lib/nolibc/musl-imported/include -I/home/mamu/vcs/git/unikraft-app-msp430-helloworld/unikraft/lib/nolibc/musl-imported/arch/generic -I/home/mamu/vcs/git/unikraft-app-msp430-helloworld/unikraft/lib/ukalloc/include -I/home/mamu/vcs/git/unikraft-app-msp430-helloworld/unikraft/lib/ukallocbbuddy/include -I/home/mamu/vcs/git/unikraft-app-msp430-helloworld/unikraft/lib/syscall_shim/include -I/home/mamu/vcs/git/unikraft-app-msp430-helloworld/unikraft/lib/vfscore/include -I/home/mamu/vcs/git/unikraft-app-msp430-helloworld/unikraft/lib/devfs/include -I/home/mamu/vcs/git/unikraft-app-msp430-helloworld/unikraft/lib/uklibparam/include -I/home/mamu/vcs/git/unikraft-app-msp430-helloworld/unikraft/lib/uktime/include -I/home/mamu/vcs/git/unikraft-app-msp430-helloworld/unikraft/lib/uktime/musl-imported/include -I/home/mamu/vcs/git/unikraft-app-msp430-helloworld/unikraft/lib/uksp/include       -DCC_VERSION=9.3 -fno-builtin-printf -fno-builtin-fprintf -fno-builtin-sprintf -fno-builtin-snprintf -fno-builtin-vprintf -fno-builtin-vfprintf -fno-builtin-vsprintf -fno-builtin-vsnprintf -fno-builtin-scanf -fno-builtin-fscanf -fno-builtin-sscanf -fno-builtin-vscanf -fno-builtin-vfscanf -fno-builtin-vsscanf -fno-builtin-memcpy -fno-builtin-memset -fno-builtin-memchr -fno-builtin-memcmp -fno-builtin-memmove -fno-builtin-strncpy -fno-builtin-strnlen -fno-builtin-strlen -fno-builtin-strncmp -fno-builtin-strcspn -fno-builtin-strspn -fno-builtin-strndup -fno-builtin-strftime -fno-builtin-malloc -fno-builtin-calloc -fno-builtin-realloc -fno-builtin-posix_memalign -DCONFIG_UK_NETDEV_SCRATCH_SIZE=0       -g3 -D__LIBNAME__=libukallocbbuddy -D__BASENAME__=bbuddy.c  -c /home/mamu/vcs/git/unikraft-app-msp430-helloworld/unikraft/lib/ukallocbbuddy/bbuddy.c -o /home/mamu/vcs/git/unikraft-app-msp430-helloworld/apps/app-helloworld/build/libukallocbbuddy/bbuddy.o -Wp,-MD,/home/mamu/vcs/git/unikraft-app-msp430-helloworld/apps/app-helloworld/build/libukallocbbuddy/.bbuddy.o.d
  CC      libukallocbbuddy: bbuddy.o
/home/mamu/vcs/git/unikraft-app-msp430-helloworld/apps/app-helloworld/build/kconfig/fixdep /home/mamu/vcs/git/unikraft-app-msp430-helloworld/apps/app-helloworld/build/libukallocbbuddy/.bbuddy.o.d /home/mamu/vcs/git/unikraft-app-msp430-helloworld/apps/app-helloworld/build/libukallocbbuddy/bbuddy.o 'msp430-elf-gcc -nostdlib -U __linux__ -U __FreeBSD__ -U __sun__ -fno-omit-frame-pointer -fno-stack-protector -Wall -Wextra -D __Unikraft__ -DUK_CODENAME="Tethys" -DUK_VERSION=0.5 -DUK_FULLVERSION=0.5.0~6f43052-custom -fno-tree-sra -fno-split-stack -nostdinc -O2 -fno-PIC   -I/home/mamu/vcs/git/unikraft-app-msp430-helloworld/apps/app-helloworld/build/include -I/home/mamu/vcs/git/unikraft-app-msp430-helloworld/unikraft/arch/msp430/msp430/include -I/home/mamu/vcs/git/unikraft-app-msp430-helloworld/unikraft/include -I/home/mamu/vcs/git/unikraft-app-msp430-helloworld/unikraft/lib/ukboot/include -I/home/mamu/vcs/git/unikraft-app-msp430-helloworld/unikraft/lib/posix-user/include -I/home/mamu/vcs/git/unikraft-app-msp430-helloworld/unikraft/lib/posix-user/musl-imported/include -I/home/mamu/vcs/git/unikraft-app-msp430-helloworld/unikraft/lib/ukdebug/include -I/home/mamu/vcs/git/unikraft-app-msp430-helloworld/unikraft/lib/ukargparse/include -I/home/mamu/vcs/git/unikraft-app-msp430-helloworld/unikraft/lib/nolibc/include -I/home/mamu/vcs/git/unikraft-app-msp430-helloworld/unikraft/lib/nolibc/arch/msp430 -I/home/mamu/vcs/git/unikraft-app-msp430-helloworld/unikraft/lib/nolibc/musl-imported/include -I/home/mamu/vcs/git/unikraft-app-msp430-helloworld/unikraft/lib/nolibc/musl-imported/arch/generic -I/home/mamu/vcs/git/unikraft-app-msp430-helloworld/unikraft/lib/ukalloc/include -I/home/mamu/vcs/git/unikraft-app-msp430-helloworld/unikraft/lib/ukallocbbuddy/include -I/home/mamu/vcs/git/unikraft-app-msp430-helloworld/unikraft/lib/syscall_shim/include -I/home/mamu/vcs/git/unikraft-app-msp430-helloworld/unikraft/lib/vfscore/include -I/home/mamu/vcs/git/unikraft-app-msp430-helloworld/unikraft/lib/devfs/include -I/home/mamu/vcs/git/unikraft-app-msp430-helloworld/unikraft/lib/uklibparam/include -I/home/mamu/vcs/git/unikraft-app-msp430-helloworld/unikraft/lib/uktime/include -I/home/mamu/vcs/git/unikraft-app-msp430-helloworld/unikraft/lib/uktime/musl-imported/include -I/home/mamu/vcs/git/unikraft-app-msp430-helloworld/unikraft/lib/uksp/include       -DCC_VERSION=9.3 -fno-builtin-printf -fno-builtin-fprintf -fno-builtin-sprintf -fno-builtin-snprintf -fno-builtin-vprintf -fno-builtin-vfprintf -fno-builtin-vsprintf -fno-builtin-vsnprintf -fno-builtin-scanf -fno-builtin-fscanf -fno-builtin-sscanf -fno-builtin-vscanf -fno-builtin-vfscanf -fno-builtin-vsscanf -fno-builtin-memcpy -fno-builtin-memset -fno-builtin-memchr -fno-builtin-memcmp -fno-builtin-memmove -fno-builtin-strncpy -fno-builtin-strnlen -fno-builtin-strlen -fno-builtin-strncmp -fno-builtin-strcspn -fno-builtin-strspn -fno-builtin-strndup -fno-builtin-strftime -fno-builtin-malloc -fno-builtin-calloc -fno-builtin-realloc -fno-builtin-posix_memalign -DCONFIG_UK_NETDEV_SCRATCH_SIZE=0      -g3 -D__LIBNAME__=libukallocbbuddy -D__BASENAME__=bbuddy.c -c /home/mamu/vcs/git/unikraft-app-msp430-helloworld/unikraft/lib/ukallocbbuddy/bbuddy.c -o /home/mamu/vcs/git/unikraft-app-msp430-helloworld/apps/app-helloworld/build/libukallocbbuddy/bbuddy.o -Wp,-MD,/home/mamu/vcs/git/unikraft-app-msp430-helloworld/apps/app-helloworld/build/libukallocbbuddy/.bbuddy.o.d' > /home/mamu/vcs/git/unikraft-app-msp430-helloworld/apps/app-helloworld/build/libukallocbbuddy/bbuddy.d && rm -f /home/mamu/vcs/git/unikraft-app-msp430-helloworld/apps/app-helloworld/build/libukallocbbuddy/.bbuddy.o.d
/home/mamu/vcs/git/unikraft-app-msp430-helloworld/unikraft/support/build/Makefile.build:27: update target '/home/mamu/vcs/git/unikraft-app-msp430-helloworld/apps/app-helloworld/build/libukallocbbuddy.ld.o' due to: /home/mamu/vcs/git/unikraft-app-msp430-helloworld/apps/app-helloworld/build/libukallocbbuddy/bbuddy.o
printf '  %-7s %s\n' 'LD'  'libukallocbbuddy.ld.o' &&  msp430-elf-gcc -nostdlib -Wl,-r -Wl,-d -Wl,--no-gc-sections -no-pie -nostdinc    /home/mamu/vcs/git/unikraft-app-msp430-helloworld/apps/app-helloworld/build/libukallocbbuddy/bbuddy.o   -Wl,--start-group     -Wl,--end-group -o /home/mamu/vcs/git/unikraft-app-msp430-helloworld/apps/app-helloworld/build/libukallocbbuddy.ld.o
  LD      libukallocbbuddy.ld.o
/home/mamu/vcs/git/unikraft-app-msp430-helloworld/unikraft/support/build/Makefile.build:27: update target '/home/mamu/vcs/git/unikraft-app-msp430-helloworld/apps/app-helloworld/build/libukallocbbuddy.o' due to: /home/mamu/vcs/git/unikraft-app-msp430-helloworld/apps/app-helloworld/build/libukallocbbuddy.ld.o /home/mamu/vcs/git/unikraft-app-msp430-helloworld/unikraft/lib/ukallocbbuddy/exportsyms.uk
printf '  %-7s %s\n' 'OBJCOPY'  'libukallocbbuddy.o' &&  msp430-elf-objcopy --keep-global-symbols=/home/mamu/vcs/git/unikraft-app-msp430-helloworld/unikraft/lib/ukallocbbuddy/exportsyms.uk       /home/mamu/vcs/git/unikraft-app-msp430-helloworld/apps/app-helloworld/build/libukallocbbuddy.ld.o /home/mamu/vcs/git/unikraft-app-msp430-helloworld/apps/app-helloworld/build/libukallocbbuddy.o
  OBJCOPY libukallocbbuddy.o
/home/mamu/vcs/git/unikraft-app-msp430-helloworld/unikraft/support/build/Makefile.build:27: update target '/home/mamu/vcs/git/unikraft-app-msp430-helloworld/apps/app-helloworld/build/libuktime/__month_to_secs.o' due to: /home/mamu/vcs/git/unikraft-app-msp430-helloworld/unikraft/lib/uktime/musl-imported/src/__month_to_secs.c
printf '  %-7s %s\n' 'CC'  'libuktime':' __month_to_secs.o' &&  msp430-elf-gcc  -nostdlib -U __linux__ -U __FreeBSD__ -U __sun__ -fno-omit-frame-pointer -fno-stack-protector -Wall -Wextra -D __Unikraft__ -DUK_CODENAME="Tethys" -DUK_VERSION=0.5 -DUK_FULLVERSION=0.5.0~6f43052-custom -fno-tree-sra -fno-split-stack -nostdinc -O2 -fno-PIC   -I/home/mamu/vcs/git/unikraft-app-msp430-helloworld/apps/app-helloworld/build/include -I/home/mamu/vcs/git/unikraft-app-msp430-helloworld/unikraft/arch/msp430/msp430/include -I/home/mamu/vcs/git/unikraft-app-msp430-helloworld/unikraft/include -I/home/mamu/vcs/git/unikraft-app-msp430-helloworld/unikraft/lib/ukboot/include -I/home/mamu/vcs/git/unikraft-app-msp430-helloworld/unikraft/lib/posix-user/include -I/home/mamu/vcs/git/unikraft-app-msp430-helloworld/unikraft/lib/posix-user/musl-imported/include -I/home/mamu/vcs/git/unikraft-app-msp430-helloworld/unikraft/lib/ukdebug/include -I/home/mamu/vcs/git/unikraft-app-msp430-helloworld/unikraft/lib/ukargparse/include -I/home/mamu/vcs/git/unikraft-app-msp430-helloworld/unikraft/lib/nolibc/include -I/home/mamu/vcs/git/unikraft-app-msp430-helloworld/unikraft/lib/nolibc/arch/msp430 -I/home/mamu/vcs/git/unikraft-app-msp430-helloworld/unikraft/lib/nolibc/musl-imported/include -I/home/mamu/vcs/git/unikraft-app-msp430-helloworld/unikraft/lib/nolibc/musl-imported/arch/generic -I/home/mamu/vcs/git/unikraft-app-msp430-helloworld/unikraft/lib/ukalloc/include -I/home/mamu/vcs/git/unikraft-app-msp430-helloworld/unikraft/lib/ukallocbbuddy/include -I/home/mamu/vcs/git/unikraft-app-msp430-helloworld/unikraft/lib/syscall_shim/include -I/home/mamu/vcs/git/unikraft-app-msp430-helloworld/unikraft/lib/vfscore/include -I/home/mamu/vcs/git/unikraft-app-msp430-helloworld/unikraft/lib/devfs/include -I/home/mamu/vcs/git/unikraft-app-msp430-helloworld/unikraft/lib/uklibparam/include -I/home/mamu/vcs/git/unikraft-app-msp430-helloworld/unikraft/lib/uktime/include -I/home/mamu/vcs/git/unikraft-app-msp430-helloworld/unikraft/lib/uktime/musl-imported/include -I/home/mamu/vcs/git/unikraft-app-msp430-helloworld/unikraft/lib/uksp/include       -DCC_VERSION=9.3 -fno-builtin-printf -fno-builtin-fprintf -fno-builtin-sprintf -fno-builtin-snprintf -fno-builtin-vprintf -fno-builtin-vfprintf -fno-builtin-vsprintf -fno-builtin-vsnprintf -fno-builtin-scanf -fno-builtin-fscanf -fno-builtin-sscanf -fno-builtin-vscanf -fno-builtin-vfscanf -fno-builtin-vsscanf -fno-builtin-memcpy -fno-builtin-memset -fno-builtin-memchr -fno-builtin-memcmp -fno-builtin-memmove -fno-builtin-strncpy -fno-builtin-strnlen -fno-builtin-strlen -fno-builtin-strncmp -fno-builtin-strcspn -fno-builtin-strspn -fno-builtin-strndup -fno-builtin-strftime -fno-builtin-malloc -fno-builtin-calloc -fno-builtin-realloc -fno-builtin-posix_memalign -DCONFIG_UK_NETDEV_SCRATCH_SIZE=0       -g3 -D__LIBNAME__=libuktime -D__BASENAME__=__month_to_secs.c  -c /home/mamu/vcs/git/unikraft-app-msp430-helloworld/unikraft/lib/uktime/musl-imported/src/__month_to_secs.c -o /home/mamu/vcs/git/unikraft-app-msp430-helloworld/apps/app-helloworld/build/libuktime/__month_to_secs.o -Wp,-MD,/home/mamu/vcs/git/unikraft-app-msp430-helloworld/apps/app-helloworld/build/libuktime/.__month_to_secs.o.d
  CC      libuktime: __month_to_secs.o
/home/mamu/vcs/git/unikraft-app-msp430-helloworld/apps/app-helloworld/build/kconfig/fixdep /home/mamu/vcs/git/unikraft-app-msp430-helloworld/apps/app-helloworld/build/libuktime/.__month_to_secs.o.d /home/mamu/vcs/git/unikraft-app-msp430-helloworld/apps/app-helloworld/build/libuktime/__month_to_secs.o 'msp430-elf-gcc -nostdlib -U __linux__ -U __FreeBSD__ -U __sun__ -fno-omit-frame-pointer -fno-stack-protector -Wall -Wextra -D __Unikraft__ -DUK_CODENAME="Tethys" -DUK_VERSION=0.5 -DUK_FULLVERSION=0.5.0~6f43052-custom -fno-tree-sra -fno-split-stack -nostdinc -O2 -fno-PIC   -I/home/mamu/vcs/git/unikraft-app-msp430-helloworld/apps/app-helloworld/build/include -I/home/mamu/vcs/git/unikraft-app-msp430-helloworld/unikraft/arch/msp430/msp430/include -I/home/mamu/vcs/git/unikraft-app-msp430-helloworld/unikraft/include -I/home/mamu/vcs/git/unikraft-app-msp430-helloworld/unikraft/lib/ukboot/include -I/home/mamu/vcs/git/unikraft-app-msp430-helloworld/unikraft/lib/posix-user/include -I/home/mamu/vcs/git/unikraft-app-msp430-helloworld/unikraft/lib/posix-user/musl-imported/include -I/home/mamu/vcs/git/unikraft-app-msp430-helloworld/unikraft/lib/ukdebug/include -I/home/mamu/vcs/git/unikraft-app-msp430-helloworld/unikraft/lib/ukargparse/include -I/home/mamu/vcs/git/unikraft-app-msp430-helloworld/unikraft/lib/nolibc/include -I/home/mamu/vcs/git/unikraft-app-msp430-helloworld/unikraft/lib/nolibc/arch/msp430 -I/home/mamu/vcs/git/unikraft-app-msp430-helloworld/unikraft/lib/nolibc/musl-imported/include -I/home/mamu/vcs/git/unikraft-app-msp430-helloworld/unikraft/lib/nolibc/musl-imported/arch/generic -I/home/mamu/vcs/git/unikraft-app-msp430-helloworld/unikraft/lib/ukalloc/include -I/home/mamu/vcs/git/unikraft-app-msp430-helloworld/unikraft/lib/ukallocbbuddy/include -I/home/mamu/vcs/git/unikraft-app-msp430-helloworld/unikraft/lib/syscall_shim/include -I/home/mamu/vcs/git/unikraft-app-msp430-helloworld/unikraft/lib/vfscore/include -I/home/mamu/vcs/git/unikraft-app-msp430-helloworld/unikraft/lib/devfs/include -I/home/mamu/vcs/git/unikraft-app-msp430-helloworld/unikraft/lib/uklibparam/include -I/home/mamu/vcs/git/unikraft-app-msp430-helloworld/unikraft/lib/uktime/include -I/home/mamu/vcs/git/unikraft-app-msp430-helloworld/unikraft/lib/uktime/musl-imported/include -I/home/mamu/vcs/git/unikraft-app-msp430-helloworld/unikraft/lib/uksp/include       -DCC_VERSION=9.3 -fno-builtin-printf -fno-builtin-fprintf -fno-builtin-sprintf -fno-builtin-snprintf -fno-builtin-vprintf -fno-builtin-vfprintf -fno-builtin-vsprintf -fno-builtin-vsnprintf -fno-builtin-scanf -fno-builtin-fscanf -fno-builtin-sscanf -fno-builtin-vscanf -fno-builtin-vfscanf -fno-builtin-vsscanf -fno-builtin-memcpy -fno-builtin-memset -fno-builtin-memchr -fno-builtin-memcmp -fno-builtin-memmove -fno-builtin-strncpy -fno-builtin-strnlen -fno-builtin-strlen -fno-builtin-strncmp -fno-builtin-strcspn -fno-builtin-strspn -fno-builtin-strndup -fno-builtin-strftime -fno-builtin-malloc -fno-builtin-calloc -fno-builtin-realloc -fno-builtin-posix_memalign -DCONFIG_UK_NETDEV_SCRATCH_SIZE=0      -g3 -D__LIBNAME__=libuktime -D__BASENAME__=__month_to_secs.c -c /home/mamu/vcs/git/unikraft-app-msp430-helloworld/unikraft/lib/uktime/musl-imported/src/__month_to_secs.c -o /home/mamu/vcs/git/unikraft-app-msp430-helloworld/apps/app-helloworld/build/libuktime/__month_to_secs.o -Wp,-MD,/home/mamu/vcs/git/unikraft-app-msp430-helloworld/apps/app-helloworld/build/libuktime/.__month_to_secs.o.d' > /home/mamu/vcs/git/unikraft-app-msp430-helloworld/apps/app-helloworld/build/libuktime/__month_to_secs.d && rm -f /home/mamu/vcs/git/unikraft-app-msp430-helloworld/apps/app-helloworld/build/libuktime/.__month_to_secs.o.d
/home/mamu/vcs/git/unikraft-app-msp430-helloworld/unikraft/support/build/Makefile.build:27: update target '/home/mamu/vcs/git/unikraft-app-msp430-helloworld/apps/app-helloworld/build/libuktime/__secs_to_tm.o' due to: /home/mamu/vcs/git/unikraft-app-msp430-helloworld/unikraft/lib/uktime/musl-imported/src/__secs_to_tm.c
printf '  %-7s %s\n' 'CC'  'libuktime':' __secs_to_tm.o' &&  msp430-elf-gcc  -nostdlib -U __linux__ -U __FreeBSD__ -U __sun__ -fno-omit-frame-pointer -fno-stack-protector -Wall -Wextra -D __Unikraft__ -DUK_CODENAME="Tethys" -DUK_VERSION=0.5 -DUK_FULLVERSION=0.5.0~6f43052-custom -fno-tree-sra -fno-split-stack -nostdinc -O2 -fno-PIC   -I/home/mamu/vcs/git/unikraft-app-msp430-helloworld/apps/app-helloworld/build/include -I/home/mamu/vcs/git/unikraft-app-msp430-helloworld/unikraft/arch/msp430/msp430/include -I/home/mamu/vcs/git/unikraft-app-msp430-helloworld/unikraft/include -I/home/mamu/vcs/git/unikraft-app-msp430-helloworld/unikraft/lib/ukboot/include -I/home/mamu/vcs/git/unikraft-app-msp430-helloworld/unikraft/lib/posix-user/include -I/home/mamu/vcs/git/unikraft-app-msp430-helloworld/unikraft/lib/posix-user/musl-imported/include -I/home/mamu/vcs/git/unikraft-app-msp430-helloworld/unikraft/lib/ukdebug/include -I/home/mamu/vcs/git/unikraft-app-msp430-helloworld/unikraft/lib/ukargparse/include -I/home/mamu/vcs/git/unikraft-app-msp430-helloworld/unikraft/lib/nolibc/include -I/home/mamu/vcs/git/unikraft-app-msp430-helloworld/unikraft/lib/nolibc/arch/msp430 -I/home/mamu/vcs/git/unikraft-app-msp430-helloworld/unikraft/lib/nolibc/musl-imported/include -I/home/mamu/vcs/git/unikraft-app-msp430-helloworld/unikraft/lib/nolibc/musl-imported/arch/generic -I/home/mamu/vcs/git/unikraft-app-msp430-helloworld/unikraft/lib/ukalloc/include -I/home/mamu/vcs/git/unikraft-app-msp430-helloworld/unikraft/lib/ukallocbbuddy/include -I/home/mamu/vcs/git/unikraft-app-msp430-helloworld/unikraft/lib/syscall_shim/include -I/home/mamu/vcs/git/unikraft-app-msp430-helloworld/unikraft/lib/vfscore/include -I/home/mamu/vcs/git/unikraft-app-msp430-helloworld/unikraft/lib/devfs/include -I/home/mamu/vcs/git/unikraft-app-msp430-helloworld/unikraft/lib/uklibparam/include -I/home/mamu/vcs/git/unikraft-app-msp430-helloworld/unikraft/lib/uktime/include -I/home/mamu/vcs/git/unikraft-app-msp430-helloworld/unikraft/lib/uktime/musl-imported/include -I/home/mamu/vcs/git/unikraft-app-msp430-helloworld/unikraft/lib/uksp/include       -DCC_VERSION=9.3 -fno-builtin-printf -fno-builtin-fprintf -fno-builtin-sprintf -fno-builtin-snprintf -fno-builtin-vprintf -fno-builtin-vfprintf -fno-builtin-vsprintf -fno-builtin-vsnprintf -fno-builtin-scanf -fno-builtin-fscanf -fno-builtin-sscanf -fno-builtin-vscanf -fno-builtin-vfscanf -fno-builtin-vsscanf -fno-builtin-memcpy -fno-builtin-memset -fno-builtin-memchr -fno-builtin-memcmp -fno-builtin-memmove -fno-builtin-strncpy -fno-builtin-strnlen -fno-builtin-strlen -fno-builtin-strncmp -fno-builtin-strcspn -fno-builtin-strspn -fno-builtin-strndup -fno-builtin-strftime -fno-builtin-malloc -fno-builtin-calloc -fno-builtin-realloc -fno-builtin-posix_memalign -DCONFIG_UK_NETDEV_SCRATCH_SIZE=0       -g3 -D__LIBNAME__=libuktime -D__BASENAME__=__secs_to_tm.c  -c /home/mamu/vcs/git/unikraft-app-msp430-helloworld/unikraft/lib/uktime/musl-imported/src/__secs_to_tm.c -o /home/mamu/vcs/git/unikraft-app-msp430-helloworld/apps/app-helloworld/build/libuktime/__secs_to_tm.o -Wp,-MD,/home/mamu/vcs/git/unikraft-app-msp430-helloworld/apps/app-helloworld/build/libuktime/.__secs_to_tm.o.d
  CC      libuktime: __secs_to_tm.o
/home/mamu/vcs/git/unikraft-app-msp430-helloworld/apps/app-helloworld/build/kconfig/fixdep /home/mamu/vcs/git/unikraft-app-msp430-helloworld/apps/app-helloworld/build/libuktime/.__secs_to_tm.o.d /home/mamu/vcs/git/unikraft-app-msp430-helloworld/apps/app-helloworld/build/libuktime/__secs_to_tm.o 'msp430-elf-gcc -nostdlib -U __linux__ -U __FreeBSD__ -U __sun__ -fno-omit-frame-pointer -fno-stack-protector -Wall -Wextra -D __Unikraft__ -DUK_CODENAME="Tethys" -DUK_VERSION=0.5 -DUK_FULLVERSION=0.5.0~6f43052-custom -fno-tree-sra -fno-split-stack -nostdinc -O2 -fno-PIC   -I/home/mamu/vcs/git/unikraft-app-msp430-helloworld/apps/app-helloworld/build/include -I/home/mamu/vcs/git/unikraft-app-msp430-helloworld/unikraft/arch/msp430/msp430/include -I/home/mamu/vcs/git/unikraft-app-msp430-helloworld/unikraft/include -I/home/mamu/vcs/git/unikraft-app-msp430-helloworld/unikraft/lib/ukboot/include -I/home/mamu/vcs/git/unikraft-app-msp430-helloworld/unikraft/lib/posix-user/include -I/home/mamu/vcs/git/unikraft-app-msp430-helloworld/unikraft/lib/posix-user/musl-imported/include -I/home/mamu/vcs/git/unikraft-app-msp430-helloworld/unikraft/lib/ukdebug/include -I/home/mamu/vcs/git/unikraft-app-msp430-helloworld/unikraft/lib/ukargparse/include -I/home/mamu/vcs/git/unikraft-app-msp430-helloworld/unikraft/lib/nolibc/include -I/home/mamu/vcs/git/unikraft-app-msp430-helloworld/unikraft/lib/nolibc/arch/msp430 -I/home/mamu/vcs/git/unikraft-app-msp430-helloworld/unikraft/lib/nolibc/musl-imported/include -I/home/mamu/vcs/git/unikraft-app-msp430-helloworld/unikraft/lib/nolibc/musl-imported/arch/generic -I/home/mamu/vcs/git/unikraft-app-msp430-helloworld/unikraft/lib/ukalloc/include -I/home/mamu/vcs/git/unikraft-app-msp430-helloworld/unikraft/lib/ukallocbbuddy/include -I/home/mamu/vcs/git/unikraft-app-msp430-helloworld/unikraft/lib/syscall_shim/include -I/home/mamu/vcs/git/unikraft-app-msp430-helloworld/unikraft/lib/vfscore/include -I/home/mamu/vcs/git/unikraft-app-msp430-helloworld/unikraft/lib/devfs/include -I/home/mamu/vcs/git/unikraft-app-msp430-helloworld/unikraft/lib/uklibparam/include -I/home/mamu/vcs/git/unikraft-app-msp430-helloworld/unikraft/lib/uktime/include -I/home/mamu/vcs/git/unikraft-app-msp430-helloworld/unikraft/lib/uktime/musl-imported/include -I/home/mamu/vcs/git/unikraft-app-msp430-helloworld/unikraft/lib/uksp/include       -DCC_VERSION=9.3 -fno-builtin-printf -fno-builtin-fprintf -fno-builtin-sprintf -fno-builtin-snprintf -fno-builtin-vprintf -fno-builtin-vfprintf -fno-builtin-vsprintf -fno-builtin-vsnprintf -fno-builtin-scanf -fno-builtin-fscanf -fno-builtin-sscanf -fno-builtin-vscanf -fno-builtin-vfscanf -fno-builtin-vsscanf -fno-builtin-memcpy -fno-builtin-memset -fno-builtin-memchr -fno-builtin-memcmp -fno-builtin-memmove -fno-builtin-strncpy -fno-builtin-strnlen -fno-builtin-strlen -fno-builtin-strncmp -fno-builtin-strcspn -fno-builtin-strspn -fno-builtin-strndup -fno-builtin-strftime -fno-builtin-malloc -fno-builtin-calloc -fno-builtin-realloc -fno-builtin-posix_memalign -DCONFIG_UK_NETDEV_SCRATCH_SIZE=0      -g3 -D__LIBNAME__=libuktime -D__BASENAME__=__secs_to_tm.c -c /home/mamu/vcs/git/unikraft-app-msp430-helloworld/unikraft/lib/uktime/musl-imported/src/__secs_to_tm.c -o /home/mamu/vcs/git/unikraft-app-msp430-helloworld/apps/app-helloworld/build/libuktime/__secs_to_tm.o -Wp,-MD,/home/mamu/vcs/git/unikraft-app-msp430-helloworld/apps/app-helloworld/build/libuktime/.__secs_to_tm.o.d' > /home/mamu/vcs/git/unikraft-app-msp430-helloworld/apps/app-helloworld/build/libuktime/__secs_to_tm.d && rm -f /home/mamu/vcs/git/unikraft-app-msp430-helloworld/apps/app-helloworld/build/libuktime/.__secs_to_tm.o.d
/home/mamu/vcs/git/unikraft-app-msp430-helloworld/unikraft/support/build/Makefile.build:27: update target '/home/mamu/vcs/git/unikraft-app-msp430-helloworld/apps/app-helloworld/build/libuktime/timegm.o' due to: /home/mamu/vcs/git/unikraft-app-msp430-helloworld/unikraft/lib/uktime/musl-imported/src/timegm.c
printf '  %-7s %s\n' 'CC'  'libuktime':' timegm.o' &&  msp430-elf-gcc  -nostdlib -U __linux__ -U __FreeBSD__ -U __sun__ -fno-omit-frame-pointer -fno-stack-protector -Wall -Wextra -D __Unikraft__ -DUK_CODENAME="Tethys" -DUK_VERSION=0.5 -DUK_FULLVERSION=0.5.0~6f43052-custom -fno-tree-sra -fno-split-stack -nostdinc -O2 -fno-PIC   -I/home/mamu/vcs/git/unikraft-app-msp430-helloworld/apps/app-helloworld/build/include -I/home/mamu/vcs/git/unikraft-app-msp430-helloworld/unikraft/arch/msp430/msp430/include -I/home/mamu/vcs/git/unikraft-app-msp430-helloworld/unikraft/include -I/home/mamu/vcs/git/unikraft-app-msp430-helloworld/unikraft/lib/ukboot/include -I/home/mamu/vcs/git/unikraft-app-msp430-helloworld/unikraft/lib/posix-user/include -I/home/mamu/vcs/git/unikraft-app-msp430-helloworld/unikraft/lib/posix-user/musl-imported/include -I/home/mamu/vcs/git/unikraft-app-msp430-helloworld/unikraft/lib/ukdebug/include -I/home/mamu/vcs/git/unikraft-app-msp430-helloworld/unikraft/lib/ukargparse/include -I/home/mamu/vcs/git/unikraft-app-msp430-helloworld/unikraft/lib/nolibc/include -I/home/mamu/vcs/git/unikraft-app-msp430-helloworld/unikraft/lib/nolibc/arch/msp430 -I/home/mamu/vcs/git/unikraft-app-msp430-helloworld/unikraft/lib/nolibc/musl-imported/include -I/home/mamu/vcs/git/unikraft-app-msp430-helloworld/unikraft/lib/nolibc/musl-imported/arch/generic -I/home/mamu/vcs/git/unikraft-app-msp430-helloworld/unikraft/lib/ukalloc/include -I/home/mamu/vcs/git/unikraft-app-msp430-helloworld/unikraft/lib/ukallocbbuddy/include -I/home/mamu/vcs/git/unikraft-app-msp430-helloworld/unikraft/lib/syscall_shim/include -I/home/mamu/vcs/git/unikraft-app-msp430-helloworld/unikraft/lib/vfscore/include -I/home/mamu/vcs/git/unikraft-app-msp430-helloworld/unikraft/lib/devfs/include -I/home/mamu/vcs/git/unikraft-app-msp430-helloworld/unikraft/lib/uklibparam/include -I/home/mamu/vcs/git/unikraft-app-msp430-helloworld/unikraft/lib/uktime/include -I/home/mamu/vcs/git/unikraft-app-msp430-helloworld/unikraft/lib/uktime/musl-imported/include -I/home/mamu/vcs/git/unikraft-app-msp430-helloworld/unikraft/lib/uksp/include       -DCC_VERSION=9.3 -fno-builtin-printf -fno-builtin-fprintf -fno-builtin-sprintf -fno-builtin-snprintf -fno-builtin-vprintf -fno-builtin-vfprintf -fno-builtin-vsprintf -fno-builtin-vsnprintf -fno-builtin-scanf -fno-builtin-fscanf -fno-builtin-sscanf -fno-builtin-vscanf -fno-builtin-vfscanf -fno-builtin-vsscanf -fno-builtin-memcpy -fno-builtin-memset -fno-builtin-memchr -fno-builtin-memcmp -fno-builtin-memmove -fno-builtin-strncpy -fno-builtin-strnlen -fno-builtin-strlen -fno-builtin-strncmp -fno-builtin-strcspn -fno-builtin-strspn -fno-builtin-strndup -fno-builtin-strftime -fno-builtin-malloc -fno-builtin-calloc -fno-builtin-realloc -fno-builtin-posix_memalign -DCONFIG_UK_NETDEV_SCRATCH_SIZE=0       -g3 -D__LIBNAME__=libuktime -D__BASENAME__=timegm.c  -c /home/mamu/vcs/git/unikraft-app-msp430-helloworld/unikraft/lib/uktime/musl-imported/src/timegm.c -o /home/mamu/vcs/git/unikraft-app-msp430-helloworld/apps/app-helloworld/build/libuktime/timegm.o -Wp,-MD,/home/mamu/vcs/git/unikraft-app-msp430-helloworld/apps/app-helloworld/build/libuktime/.timegm.o.d
  CC      libuktime: timegm.o
/home/mamu/vcs/git/unikraft-app-msp430-helloworld/apps/app-helloworld/build/kconfig/fixdep /home/mamu/vcs/git/unikraft-app-msp430-helloworld/apps/app-helloworld/build/libuktime/.timegm.o.d /home/mamu/vcs/git/unikraft-app-msp430-helloworld/apps/app-helloworld/build/libuktime/timegm.o 'msp430-elf-gcc -nostdlib -U __linux__ -U __FreeBSD__ -U __sun__ -fno-omit-frame-pointer -fno-stack-protector -Wall -Wextra -D __Unikraft__ -DUK_CODENAME="Tethys" -DUK_VERSION=0.5 -DUK_FULLVERSION=0.5.0~6f43052-custom -fno-tree-sra -fno-split-stack -nostdinc -O2 -fno-PIC   -I/home/mamu/vcs/git/unikraft-app-msp430-helloworld/apps/app-helloworld/build/include -I/home/mamu/vcs/git/unikraft-app-msp430-helloworld/unikraft/arch/msp430/msp430/include -I/home/mamu/vcs/git/unikraft-app-msp430-helloworld/unikraft/include -I/home/mamu/vcs/git/unikraft-app-msp430-helloworld/unikraft/lib/ukboot/include -I/home/mamu/vcs/git/unikraft-app-msp430-helloworld/unikraft/lib/posix-user/include -I/home/mamu/vcs/git/unikraft-app-msp430-helloworld/unikraft/lib/posix-user/musl-imported/include -I/home/mamu/vcs/git/unikraft-app-msp430-helloworld/unikraft/lib/ukdebug/include -I/home/mamu/vcs/git/unikraft-app-msp430-helloworld/unikraft/lib/ukargparse/include -I/home/mamu/vcs/git/unikraft-app-msp430-helloworld/unikraft/lib/nolibc/include -I/home/mamu/vcs/git/unikraft-app-msp430-helloworld/unikraft/lib/nolibc/arch/msp430 -I/home/mamu/vcs/git/unikraft-app-msp430-helloworld/unikraft/lib/nolibc/musl-imported/include -I/home/mamu/vcs/git/unikraft-app-msp430-helloworld/unikraft/lib/nolibc/musl-imported/arch/generic -I/home/mamu/vcs/git/unikraft-app-msp430-helloworld/unikraft/lib/ukalloc/include -I/home/mamu/vcs/git/unikraft-app-msp430-helloworld/unikraft/lib/ukallocbbuddy/include -I/home/mamu/vcs/git/unikraft-app-msp430-helloworld/unikraft/lib/syscall_shim/include -I/home/mamu/vcs/git/unikraft-app-msp430-helloworld/unikraft/lib/vfscore/include -I/home/mamu/vcs/git/unikraft-app-msp430-helloworld/unikraft/lib/devfs/include -I/home/mamu/vcs/git/unikraft-app-msp430-helloworld/unikraft/lib/uklibparam/include -I/home/mamu/vcs/git/unikraft-app-msp430-helloworld/unikraft/lib/uktime/include -I/home/mamu/vcs/git/unikraft-app-msp430-helloworld/unikraft/lib/uktime/musl-imported/include -I/home/mamu/vcs/git/unikraft-app-msp430-helloworld/unikraft/lib/uksp/include       -DCC_VERSION=9.3 -fno-builtin-printf -fno-builtin-fprintf -fno-builtin-sprintf -fno-builtin-snprintf -fno-builtin-vprintf -fno-builtin-vfprintf -fno-builtin-vsprintf -fno-builtin-vsnprintf -fno-builtin-scanf -fno-builtin-fscanf -fno-builtin-sscanf -fno-builtin-vscanf -fno-builtin-vfscanf -fno-builtin-vsscanf -fno-builtin-memcpy -fno-builtin-memset -fno-builtin-memchr -fno-builtin-memcmp -fno-builtin-memmove -fno-builtin-strncpy -fno-builtin-strnlen -fno-builtin-strlen -fno-builtin-strncmp -fno-builtin-strcspn -fno-builtin-strspn -fno-builtin-strndup -fno-builtin-strftime -fno-builtin-malloc -fno-builtin-calloc -fno-builtin-realloc -fno-builtin-posix_memalign -DCONFIG_UK_NETDEV_SCRATCH_SIZE=0      -g3 -D__LIBNAME__=libuktime -D__BASENAME__=timegm.c -c /home/mamu/vcs/git/unikraft-app-msp430-helloworld/unikraft/lib/uktime/musl-imported/src/timegm.c -o /home/mamu/vcs/git/unikraft-app-msp430-helloworld/apps/app-helloworld/build/libuktime/timegm.o -Wp,-MD,/home/mamu/vcs/git/unikraft-app-msp430-helloworld/apps/app-helloworld/build/libuktime/.timegm.o.d' > /home/mamu/vcs/git/unikraft-app-msp430-helloworld/apps/app-helloworld/build/libuktime/timegm.d && rm -f /home/mamu/vcs/git/unikraft-app-msp430-helloworld/apps/app-helloworld/build/libuktime/.timegm.o.d
/home/mamu/vcs/git/unikraft-app-msp430-helloworld/unikraft/support/build/Makefile.build:27: update target '/home/mamu/vcs/git/unikraft-app-msp430-helloworld/apps/app-helloworld/build/libuktime/__tm_to_secs.o' due to: /home/mamu/vcs/git/unikraft-app-msp430-helloworld/unikraft/lib/uktime/musl-imported/src/__tm_to_secs.c
printf '  %-7s %s\n' 'CC'  'libuktime':' __tm_to_secs.o' &&  msp430-elf-gcc  -nostdlib -U __linux__ -U __FreeBSD__ -U __sun__ -fno-omit-frame-pointer -fno-stack-protector -Wall -Wextra -D __Unikraft__ -DUK_CODENAME="Tethys" -DUK_VERSION=0.5 -DUK_FULLVERSION=0.5.0~6f43052-custom -fno-tree-sra -fno-split-stack -nostdinc -O2 -fno-PIC   -I/home/mamu/vcs/git/unikraft-app-msp430-helloworld/apps/app-helloworld/build/include -I/home/mamu/vcs/git/unikraft-app-msp430-helloworld/unikraft/arch/msp430/msp430/include -I/home/mamu/vcs/git/unikraft-app-msp430-helloworld/unikraft/include -I/home/mamu/vcs/git/unikraft-app-msp430-helloworld/unikraft/lib/ukboot/include -I/home/mamu/vcs/git/unikraft-app-msp430-helloworld/unikraft/lib/posix-user/include -I/home/mamu/vcs/git/unikraft-app-msp430-helloworld/unikraft/lib/posix-user/musl-imported/include -I/home/mamu/vcs/git/unikraft-app-msp430-helloworld/unikraft/lib/ukdebug/include -I/home/mamu/vcs/git/unikraft-app-msp430-helloworld/unikraft/lib/ukargparse/include -I/home/mamu/vcs/git/unikraft-app-msp430-helloworld/unikraft/lib/nolibc/include -I/home/mamu/vcs/git/unikraft-app-msp430-helloworld/unikraft/lib/nolibc/arch/msp430 -I/home/mamu/vcs/git/unikraft-app-msp430-helloworld/unikraft/lib/nolibc/musl-imported/include -I/home/mamu/vcs/git/unikraft-app-msp430-helloworld/unikraft/lib/nolibc/musl-imported/arch/generic -I/home/mamu/vcs/git/unikraft-app-msp430-helloworld/unikraft/lib/ukalloc/include -I/home/mamu/vcs/git/unikraft-app-msp430-helloworld/unikraft/lib/ukallocbbuddy/include -I/home/mamu/vcs/git/unikraft-app-msp430-helloworld/unikraft/lib/syscall_shim/include -I/home/mamu/vcs/git/unikraft-app-msp430-helloworld/unikraft/lib/vfscore/include -I/home/mamu/vcs/git/unikraft-app-msp430-helloworld/unikraft/lib/devfs/include -I/home/mamu/vcs/git/unikraft-app-msp430-helloworld/unikraft/lib/uklibparam/include -I/home/mamu/vcs/git/unikraft-app-msp430-helloworld/unikraft/lib/uktime/include -I/home/mamu/vcs/git/unikraft-app-msp430-helloworld/unikraft/lib/uktime/musl-imported/include -I/home/mamu/vcs/git/unikraft-app-msp430-helloworld/unikraft/lib/uksp/include       -DCC_VERSION=9.3 -fno-builtin-printf -fno-builtin-fprintf -fno-builtin-sprintf -fno-builtin-snprintf -fno-builtin-vprintf -fno-builtin-vfprintf -fno-builtin-vsprintf -fno-builtin-vsnprintf -fno-builtin-scanf -fno-builtin-fscanf -fno-builtin-sscanf -fno-builtin-vscanf -fno-builtin-vfscanf -fno-builtin-vsscanf -fno-builtin-memcpy -fno-builtin-memset -fno-builtin-memchr -fno-builtin-memcmp -fno-builtin-memmove -fno-builtin-strncpy -fno-builtin-strnlen -fno-builtin-strlen -fno-builtin-strncmp -fno-builtin-strcspn -fno-builtin-strspn -fno-builtin-strndup -fno-builtin-strftime -fno-builtin-malloc -fno-builtin-calloc -fno-builtin-realloc -fno-builtin-posix_memalign -DCONFIG_UK_NETDEV_SCRATCH_SIZE=0       -g3 -D__LIBNAME__=libuktime -D__BASENAME__=__tm_to_secs.c  -c /home/mamu/vcs/git/unikraft-app-msp430-helloworld/unikraft/lib/uktime/musl-imported/src/__tm_to_secs.c -o /home/mamu/vcs/git/unikraft-app-msp430-helloworld/apps/app-helloworld/build/libuktime/__tm_to_secs.o -Wp,-MD,/home/mamu/vcs/git/unikraft-app-msp430-helloworld/apps/app-helloworld/build/libuktime/.__tm_to_secs.o.d
  CC      libuktime: __tm_to_secs.o
/home/mamu/vcs/git/unikraft-app-msp430-helloworld/apps/app-helloworld/build/kconfig/fixdep /home/mamu/vcs/git/unikraft-app-msp430-helloworld/apps/app-helloworld/build/libuktime/.__tm_to_secs.o.d /home/mamu/vcs/git/unikraft-app-msp430-helloworld/apps/app-helloworld/build/libuktime/__tm_to_secs.o 'msp430-elf-gcc -nostdlib -U __linux__ -U __FreeBSD__ -U __sun__ -fno-omit-frame-pointer -fno-stack-protector -Wall -Wextra -D __Unikraft__ -DUK_CODENAME="Tethys" -DUK_VERSION=0.5 -DUK_FULLVERSION=0.5.0~6f43052-custom -fno-tree-sra -fno-split-stack -nostdinc -O2 -fno-PIC   -I/home/mamu/vcs/git/unikraft-app-msp430-helloworld/apps/app-helloworld/build/include -I/home/mamu/vcs/git/unikraft-app-msp430-helloworld/unikraft/arch/msp430/msp430/include -I/home/mamu/vcs/git/unikraft-app-msp430-helloworld/unikraft/include -I/home/mamu/vcs/git/unikraft-app-msp430-helloworld/unikraft/lib/ukboot/include -I/home/mamu/vcs/git/unikraft-app-msp430-helloworld/unikraft/lib/posix-user/include -I/home/mamu/vcs/git/unikraft-app-msp430-helloworld/unikraft/lib/posix-user/musl-imported/include -I/home/mamu/vcs/git/unikraft-app-msp430-helloworld/unikraft/lib/ukdebug/include -I/home/mamu/vcs/git/unikraft-app-msp430-helloworld/unikraft/lib/ukargparse/include -I/home/mamu/vcs/git/unikraft-app-msp430-helloworld/unikraft/lib/nolibc/include -I/home/mamu/vcs/git/unikraft-app-msp430-helloworld/unikraft/lib/nolibc/arch/msp430 -I/home/mamu/vcs/git/unikraft-app-msp430-helloworld/unikraft/lib/nolibc/musl-imported/include -I/home/mamu/vcs/git/unikraft-app-msp430-helloworld/unikraft/lib/nolibc/musl-imported/arch/generic -I/home/mamu/vcs/git/unikraft-app-msp430-helloworld/unikraft/lib/ukalloc/include -I/home/mamu/vcs/git/unikraft-app-msp430-helloworld/unikraft/lib/ukallocbbuddy/include -I/home/mamu/vcs/git/unikraft-app-msp430-helloworld/unikraft/lib/syscall_shim/include -I/home/mamu/vcs/git/unikraft-app-msp430-helloworld/unikraft/lib/vfscore/include -I/home/mamu/vcs/git/unikraft-app-msp430-helloworld/unikraft/lib/devfs/include -I/home/mamu/vcs/git/unikraft-app-msp430-helloworld/unikraft/lib/uklibparam/include -I/home/mamu/vcs/git/unikraft-app-msp430-helloworld/unikraft/lib/uktime/include -I/home/mamu/vcs/git/unikraft-app-msp430-helloworld/unikraft/lib/uktime/musl-imported/include -I/home/mamu/vcs/git/unikraft-app-msp430-helloworld/unikraft/lib/uksp/include       -DCC_VERSION=9.3 -fno-builtin-printf -fno-builtin-fprintf -fno-builtin-sprintf -fno-builtin-snprintf -fno-builtin-vprintf -fno-builtin-vfprintf -fno-builtin-vsprintf -fno-builtin-vsnprintf -fno-builtin-scanf -fno-builtin-fscanf -fno-builtin-sscanf -fno-builtin-vscanf -fno-builtin-vfscanf -fno-builtin-vsscanf -fno-builtin-memcpy -fno-builtin-memset -fno-builtin-memchr -fno-builtin-memcmp -fno-builtin-memmove -fno-builtin-strncpy -fno-builtin-strnlen -fno-builtin-strlen -fno-builtin-strncmp -fno-builtin-strcspn -fno-builtin-strspn -fno-builtin-strndup -fno-builtin-strftime -fno-builtin-malloc -fno-builtin-calloc -fno-builtin-realloc -fno-builtin-posix_memalign -DCONFIG_UK_NETDEV_SCRATCH_SIZE=0      -g3 -D__LIBNAME__=libuktime -D__BASENAME__=__tm_to_secs.c -c /home/mamu/vcs/git/unikraft-app-msp430-helloworld/unikraft/lib/uktime/musl-imported/src/__tm_to_secs.c -o /home/mamu/vcs/git/unikraft-app-msp430-helloworld/apps/app-helloworld/build/libuktime/__tm_to_secs.o -Wp,-MD,/home/mamu/vcs/git/unikraft-app-msp430-helloworld/apps/app-helloworld/build/libuktime/.__tm_to_secs.o.d' > /home/mamu/vcs/git/unikraft-app-msp430-helloworld/apps/app-helloworld/build/libuktime/__tm_to_secs.d && rm -f /home/mamu/vcs/git/unikraft-app-msp430-helloworld/apps/app-helloworld/build/libuktime/.__tm_to_secs.o.d
/home/mamu/vcs/git/unikraft-app-msp430-helloworld/unikraft/support/build/Makefile.build:27: update target '/home/mamu/vcs/git/unikraft-app-msp430-helloworld/apps/app-helloworld/build/libuktime/__year_to_secs.o' due to: /home/mamu/vcs/git/unikraft-app-msp430-helloworld/unikraft/lib/uktime/musl-imported/src/__year_to_secs.c
printf '  %-7s %s\n' 'CC'  'libuktime':' __year_to_secs.o' &&  msp430-elf-gcc  -nostdlib -U __linux__ -U __FreeBSD__ -U __sun__ -fno-omit-frame-pointer -fno-stack-protector -Wall -Wextra -D __Unikraft__ -DUK_CODENAME="Tethys" -DUK_VERSION=0.5 -DUK_FULLVERSION=0.5.0~6f43052-custom -fno-tree-sra -fno-split-stack -nostdinc -O2 -fno-PIC   -I/home/mamu/vcs/git/unikraft-app-msp430-helloworld/apps/app-helloworld/build/include -I/home/mamu/vcs/git/unikraft-app-msp430-helloworld/unikraft/arch/msp430/msp430/include -I/home/mamu/vcs/git/unikraft-app-msp430-helloworld/unikraft/include -I/home/mamu/vcs/git/unikraft-app-msp430-helloworld/unikraft/lib/ukboot/include -I/home/mamu/vcs/git/unikraft-app-msp430-helloworld/unikraft/lib/posix-user/include -I/home/mamu/vcs/git/unikraft-app-msp430-helloworld/unikraft/lib/posix-user/musl-imported/include -I/home/mamu/vcs/git/unikraft-app-msp430-helloworld/unikraft/lib/ukdebug/include -I/home/mamu/vcs/git/unikraft-app-msp430-helloworld/unikraft/lib/ukargparse/include -I/home/mamu/vcs/git/unikraft-app-msp430-helloworld/unikraft/lib/nolibc/include -I/home/mamu/vcs/git/unikraft-app-msp430-helloworld/unikraft/lib/nolibc/arch/msp430 -I/home/mamu/vcs/git/unikraft-app-msp430-helloworld/unikraft/lib/nolibc/musl-imported/include -I/home/mamu/vcs/git/unikraft-app-msp430-helloworld/unikraft/lib/nolibc/musl-imported/arch/generic -I/home/mamu/vcs/git/unikraft-app-msp430-helloworld/unikraft/lib/ukalloc/include -I/home/mamu/vcs/git/unikraft-app-msp430-helloworld/unikraft/lib/ukallocbbuddy/include -I/home/mamu/vcs/git/unikraft-app-msp430-helloworld/unikraft/lib/syscall_shim/include -I/home/mamu/vcs/git/unikraft-app-msp430-helloworld/unikraft/lib/vfscore/include -I/home/mamu/vcs/git/unikraft-app-msp430-helloworld/unikraft/lib/devfs/include -I/home/mamu/vcs/git/unikraft-app-msp430-helloworld/unikraft/lib/uklibparam/include -I/home/mamu/vcs/git/unikraft-app-msp430-helloworld/unikraft/lib/uktime/include -I/home/mamu/vcs/git/unikraft-app-msp430-helloworld/unikraft/lib/uktime/musl-imported/include -I/home/mamu/vcs/git/unikraft-app-msp430-helloworld/unikraft/lib/uksp/include       -DCC_VERSION=9.3 -fno-builtin-printf -fno-builtin-fprintf -fno-builtin-sprintf -fno-builtin-snprintf -fno-builtin-vprintf -fno-builtin-vfprintf -fno-builtin-vsprintf -fno-builtin-vsnprintf -fno-builtin-scanf -fno-builtin-fscanf -fno-builtin-sscanf -fno-builtin-vscanf -fno-builtin-vfscanf -fno-builtin-vsscanf -fno-builtin-memcpy -fno-builtin-memset -fno-builtin-memchr -fno-builtin-memcmp -fno-builtin-memmove -fno-builtin-strncpy -fno-builtin-strnlen -fno-builtin-strlen -fno-builtin-strncmp -fno-builtin-strcspn -fno-builtin-strspn -fno-builtin-strndup -fno-builtin-strftime -fno-builtin-malloc -fno-builtin-calloc -fno-builtin-realloc -fno-builtin-posix_memalign -DCONFIG_UK_NETDEV_SCRATCH_SIZE=0       -g3 -D__LIBNAME__=libuktime -D__BASENAME__=__year_to_secs.c  -c /home/mamu/vcs/git/unikraft-app-msp430-helloworld/unikraft/lib/uktime/musl-imported/src/__year_to_secs.c -o /home/mamu/vcs/git/unikraft-app-msp430-helloworld/apps/app-helloworld/build/libuktime/__year_to_secs.o -Wp,-MD,/home/mamu/vcs/git/unikraft-app-msp430-helloworld/apps/app-helloworld/build/libuktime/.__year_to_secs.o.d
  CC      libuktime: __year_to_secs.o
/home/mamu/vcs/git/unikraft-app-msp430-helloworld/apps/app-helloworld/build/kconfig/fixdep /home/mamu/vcs/git/unikraft-app-msp430-helloworld/apps/app-helloworld/build/libuktime/.__year_to_secs.o.d /home/mamu/vcs/git/unikraft-app-msp430-helloworld/apps/app-helloworld/build/libuktime/__year_to_secs.o 'msp430-elf-gcc -nostdlib -U __linux__ -U __FreeBSD__ -U __sun__ -fno-omit-frame-pointer -fno-stack-protector -Wall -Wextra -D __Unikraft__ -DUK_CODENAME="Tethys" -DUK_VERSION=0.5 -DUK_FULLVERSION=0.5.0~6f43052-custom -fno-tree-sra -fno-split-stack -nostdinc -O2 -fno-PIC   -I/home/mamu/vcs/git/unikraft-app-msp430-helloworld/apps/app-helloworld/build/include -I/home/mamu/vcs/git/unikraft-app-msp430-helloworld/unikraft/arch/msp430/msp430/include -I/home/mamu/vcs/git/unikraft-app-msp430-helloworld/unikraft/include -I/home/mamu/vcs/git/unikraft-app-msp430-helloworld/unikraft/lib/ukboot/include -I/home/mamu/vcs/git/unikraft-app-msp430-helloworld/unikraft/lib/posix-user/include -I/home/mamu/vcs/git/unikraft-app-msp430-helloworld/unikraft/lib/posix-user/musl-imported/include -I/home/mamu/vcs/git/unikraft-app-msp430-helloworld/unikraft/lib/ukdebug/include -I/home/mamu/vcs/git/unikraft-app-msp430-helloworld/unikraft/lib/ukargparse/include -I/home/mamu/vcs/git/unikraft-app-msp430-helloworld/unikraft/lib/nolibc/include -I/home/mamu/vcs/git/unikraft-app-msp430-helloworld/unikraft/lib/nolibc/arch/msp430 -I/home/mamu/vcs/git/unikraft-app-msp430-helloworld/unikraft/lib/nolibc/musl-imported/include -I/home/mamu/vcs/git/unikraft-app-msp430-helloworld/unikraft/lib/nolibc/musl-imported/arch/generic -I/home/mamu/vcs/git/unikraft-app-msp430-helloworld/unikraft/lib/ukalloc/include -I/home/mamu/vcs/git/unikraft-app-msp430-helloworld/unikraft/lib/ukallocbbuddy/include -I/home/mamu/vcs/git/unikraft-app-msp430-helloworld/unikraft/lib/syscall_shim/include -I/home/mamu/vcs/git/unikraft-app-msp430-helloworld/unikraft/lib/vfscore/include -I/home/mamu/vcs/git/unikraft-app-msp430-helloworld/unikraft/lib/devfs/include -I/home/mamu/vcs/git/unikraft-app-msp430-helloworld/unikraft/lib/uklibparam/include -I/home/mamu/vcs/git/unikraft-app-msp430-helloworld/unikraft/lib/uktime/include -I/home/mamu/vcs/git/unikraft-app-msp430-helloworld/unikraft/lib/uktime/musl-imported/include -I/home/mamu/vcs/git/unikraft-app-msp430-helloworld/unikraft/lib/uksp/include       -DCC_VERSION=9.3 -fno-builtin-printf -fno-builtin-fprintf -fno-builtin-sprintf -fno-builtin-snprintf -fno-builtin-vprintf -fno-builtin-vfprintf -fno-builtin-vsprintf -fno-builtin-vsnprintf -fno-builtin-scanf -fno-builtin-fscanf -fno-builtin-sscanf -fno-builtin-vscanf -fno-builtin-vfscanf -fno-builtin-vsscanf -fno-builtin-memcpy -fno-builtin-memset -fno-builtin-memchr -fno-builtin-memcmp -fno-builtin-memmove -fno-builtin-strncpy -fno-builtin-strnlen -fno-builtin-strlen -fno-builtin-strncmp -fno-builtin-strcspn -fno-builtin-strspn -fno-builtin-strndup -fno-builtin-strftime -fno-builtin-malloc -fno-builtin-calloc -fno-builtin-realloc -fno-builtin-posix_memalign -DCONFIG_UK_NETDEV_SCRATCH_SIZE=0      -g3 -D__LIBNAME__=libuktime -D__BASENAME__=__year_to_secs.c -c /home/mamu/vcs/git/unikraft-app-msp430-helloworld/unikraft/lib/uktime/musl-imported/src/__year_to_secs.c -o /home/mamu/vcs/git/unikraft-app-msp430-helloworld/apps/app-helloworld/build/libuktime/__year_to_secs.o -Wp,-MD,/home/mamu/vcs/git/unikraft-app-msp430-helloworld/apps/app-helloworld/build/libuktime/.__year_to_secs.o.d' > /home/mamu/vcs/git/unikraft-app-msp430-helloworld/apps/app-helloworld/build/libuktime/__year_to_secs.d && rm -f /home/mamu/vcs/git/unikraft-app-msp430-helloworld/apps/app-helloworld/build/libuktime/.__year_to_secs.o.d
/home/mamu/vcs/git/unikraft-app-msp430-helloworld/unikraft/support/build/Makefile.build:27: update target '/home/mamu/vcs/git/unikraft-app-msp430-helloworld/apps/app-helloworld/build/libuktime/time.o' due to: /home/mamu/vcs/git/unikraft-app-msp430-helloworld/unikraft/lib/uktime/time.c
printf '  %-7s %s\n' 'CC'  'libuktime':' time.o' &&  msp430-elf-gcc  -nostdlib -U __linux__ -U __FreeBSD__ -U __sun__ -fno-omit-frame-pointer -fno-stack-protector -Wall -Wextra -D __Unikraft__ -DUK_CODENAME="Tethys" -DUK_VERSION=0.5 -DUK_FULLVERSION=0.5.0~6f43052-custom -fno-tree-sra -fno-split-stack -nostdinc -O2 -fno-PIC   -I/home/mamu/vcs/git/unikraft-app-msp430-helloworld/apps/app-helloworld/build/include -I/home/mamu/vcs/git/unikraft-app-msp430-helloworld/unikraft/arch/msp430/msp430/include -I/home/mamu/vcs/git/unikraft-app-msp430-helloworld/unikraft/include -I/home/mamu/vcs/git/unikraft-app-msp430-helloworld/unikraft/lib/ukboot/include -I/home/mamu/vcs/git/unikraft-app-msp430-helloworld/unikraft/lib/posix-user/include -I/home/mamu/vcs/git/unikraft-app-msp430-helloworld/unikraft/lib/posix-user/musl-imported/include -I/home/mamu/vcs/git/unikraft-app-msp430-helloworld/unikraft/lib/ukdebug/include -I/home/mamu/vcs/git/unikraft-app-msp430-helloworld/unikraft/lib/ukargparse/include -I/home/mamu/vcs/git/unikraft-app-msp430-helloworld/unikraft/lib/nolibc/include -I/home/mamu/vcs/git/unikraft-app-msp430-helloworld/unikraft/lib/nolibc/arch/msp430 -I/home/mamu/vcs/git/unikraft-app-msp430-helloworld/unikraft/lib/nolibc/musl-imported/include -I/home/mamu/vcs/git/unikraft-app-msp430-helloworld/unikraft/lib/nolibc/musl-imported/arch/generic -I/home/mamu/vcs/git/unikraft-app-msp430-helloworld/unikraft/lib/ukalloc/include -I/home/mamu/vcs/git/unikraft-app-msp430-helloworld/unikraft/lib/ukallocbbuddy/include -I/home/mamu/vcs/git/unikraft-app-msp430-helloworld/unikraft/lib/syscall_shim/include -I/home/mamu/vcs/git/unikraft-app-msp430-helloworld/unikraft/lib/vfscore/include -I/home/mamu/vcs/git/unikraft-app-msp430-helloworld/unikraft/lib/devfs/include -I/home/mamu/vcs/git/unikraft-app-msp430-helloworld/unikraft/lib/uklibparam/include -I/home/mamu/vcs/git/unikraft-app-msp430-helloworld/unikraft/lib/uktime/include -I/home/mamu/vcs/git/unikraft-app-msp430-helloworld/unikraft/lib/uktime/musl-imported/include -I/home/mamu/vcs/git/unikraft-app-msp430-helloworld/unikraft/lib/uksp/include       -DCC_VERSION=9.3 -fno-builtin-printf -fno-builtin-fprintf -fno-builtin-sprintf -fno-builtin-snprintf -fno-builtin-vprintf -fno-builtin-vfprintf -fno-builtin-vsprintf -fno-builtin-vsnprintf -fno-builtin-scanf -fno-builtin-fscanf -fno-builtin-sscanf -fno-builtin-vscanf -fno-builtin-vfscanf -fno-builtin-vsscanf -fno-builtin-memcpy -fno-builtin-memset -fno-builtin-memchr -fno-builtin-memcmp -fno-builtin-memmove -fno-builtin-strncpy -fno-builtin-strnlen -fno-builtin-strlen -fno-builtin-strncmp -fno-builtin-strcspn -fno-builtin-strspn -fno-builtin-strndup -fno-builtin-strftime -fno-builtin-malloc -fno-builtin-calloc -fno-builtin-realloc -fno-builtin-posix_memalign -DCONFIG_UK_NETDEV_SCRATCH_SIZE=0       -g3 -D__LIBNAME__=libuktime -D__BASENAME__=time.c  -c /home/mamu/vcs/git/unikraft-app-msp430-helloworld/unikraft/lib/uktime/time.c -o /home/mamu/vcs/git/unikraft-app-msp430-helloworld/apps/app-helloworld/build/libuktime/time.o -Wp,-MD,/home/mamu/vcs/git/unikraft-app-msp430-helloworld/apps/app-helloworld/build/libuktime/.time.o.d
  CC      libuktime: time.o
/home/mamu/vcs/git/unikraft-app-msp430-helloworld/apps/app-helloworld/build/kconfig/fixdep /home/mamu/vcs/git/unikraft-app-msp430-helloworld/apps/app-helloworld/build/libuktime/.time.o.d /home/mamu/vcs/git/unikraft-app-msp430-helloworld/apps/app-helloworld/build/libuktime/time.o 'msp430-elf-gcc -nostdlib -U __linux__ -U __FreeBSD__ -U __sun__ -fno-omit-frame-pointer -fno-stack-protector -Wall -Wextra -D __Unikraft__ -DUK_CODENAME="Tethys" -DUK_VERSION=0.5 -DUK_FULLVERSION=0.5.0~6f43052-custom -fno-tree-sra -fno-split-stack -nostdinc -O2 -fno-PIC   -I/home/mamu/vcs/git/unikraft-app-msp430-helloworld/apps/app-helloworld/build/include -I/home/mamu/vcs/git/unikraft-app-msp430-helloworld/unikraft/arch/msp430/msp430/include -I/home/mamu/vcs/git/unikraft-app-msp430-helloworld/unikraft/include -I/home/mamu/vcs/git/unikraft-app-msp430-helloworld/unikraft/lib/ukboot/include -I/home/mamu/vcs/git/unikraft-app-msp430-helloworld/unikraft/lib/posix-user/include -I/home/mamu/vcs/git/unikraft-app-msp430-helloworld/unikraft/lib/posix-user/musl-imported/include -I/home/mamu/vcs/git/unikraft-app-msp430-helloworld/unikraft/lib/ukdebug/include -I/home/mamu/vcs/git/unikraft-app-msp430-helloworld/unikraft/lib/ukargparse/include -I/home/mamu/vcs/git/unikraft-app-msp430-helloworld/unikraft/lib/nolibc/include -I/home/mamu/vcs/git/unikraft-app-msp430-helloworld/unikraft/lib/nolibc/arch/msp430 -I/home/mamu/vcs/git/unikraft-app-msp430-helloworld/unikraft/lib/nolibc/musl-imported/include -I/home/mamu/vcs/git/unikraft-app-msp430-helloworld/unikraft/lib/nolibc/musl-imported/arch/generic -I/home/mamu/vcs/git/unikraft-app-msp430-helloworld/unikraft/lib/ukalloc/include -I/home/mamu/vcs/git/unikraft-app-msp430-helloworld/unikraft/lib/ukallocbbuddy/include -I/home/mamu/vcs/git/unikraft-app-msp430-helloworld/unikraft/lib/syscall_shim/include -I/home/mamu/vcs/git/unikraft-app-msp430-helloworld/unikraft/lib/vfscore/include -I/home/mamu/vcs/git/unikraft-app-msp430-helloworld/unikraft/lib/devfs/include -I/home/mamu/vcs/git/unikraft-app-msp430-helloworld/unikraft/lib/uklibparam/include -I/home/mamu/vcs/git/unikraft-app-msp430-helloworld/unikraft/lib/uktime/include -I/home/mamu/vcs/git/unikraft-app-msp430-helloworld/unikraft/lib/uktime/musl-imported/include -I/home/mamu/vcs/git/unikraft-app-msp430-helloworld/unikraft/lib/uksp/include       -DCC_VERSION=9.3 -fno-builtin-printf -fno-builtin-fprintf -fno-builtin-sprintf -fno-builtin-snprintf -fno-builtin-vprintf -fno-builtin-vfprintf -fno-builtin-vsprintf -fno-builtin-vsnprintf -fno-builtin-scanf -fno-builtin-fscanf -fno-builtin-sscanf -fno-builtin-vscanf -fno-builtin-vfscanf -fno-builtin-vsscanf -fno-builtin-memcpy -fno-builtin-memset -fno-builtin-memchr -fno-builtin-memcmp -fno-builtin-memmove -fno-builtin-strncpy -fno-builtin-strnlen -fno-builtin-strlen -fno-builtin-strncmp -fno-builtin-strcspn -fno-builtin-strspn -fno-builtin-strndup -fno-builtin-strftime -fno-builtin-malloc -fno-builtin-calloc -fno-builtin-realloc -fno-builtin-posix_memalign -DCONFIG_UK_NETDEV_SCRATCH_SIZE=0      -g3 -D__LIBNAME__=libuktime -D__BASENAME__=time.c -c /home/mamu/vcs/git/unikraft-app-msp430-helloworld/unikraft/lib/uktime/time.c -o /home/mamu/vcs/git/unikraft-app-msp430-helloworld/apps/app-helloworld/build/libuktime/time.o -Wp,-MD,/home/mamu/vcs/git/unikraft-app-msp430-helloworld/apps/app-helloworld/build/libuktime/.time.o.d' > /home/mamu/vcs/git/unikraft-app-msp430-helloworld/apps/app-helloworld/build/libuktime/time.d && rm -f /home/mamu/vcs/git/unikraft-app-msp430-helloworld/apps/app-helloworld/build/libuktime/.time.o.d
/home/mamu/vcs/git/unikraft-app-msp430-helloworld/unikraft/support/build/Makefile.build:27: update target '/home/mamu/vcs/git/unikraft-app-msp430-helloworld/apps/app-helloworld/build/libuktime/timer.o' due to: /home/mamu/vcs/git/unikraft-app-msp430-helloworld/unikraft/lib/uktime/timer.c
printf '  %-7s %s\n' 'CC'  'libuktime':' timer.o' &&  msp430-elf-gcc  -nostdlib -U __linux__ -U __FreeBSD__ -U __sun__ -fno-omit-frame-pointer -fno-stack-protector -Wall -Wextra -D __Unikraft__ -DUK_CODENAME="Tethys" -DUK_VERSION=0.5 -DUK_FULLVERSION=0.5.0~6f43052-custom -fno-tree-sra -fno-split-stack -nostdinc -O2 -fno-PIC   -I/home/mamu/vcs/git/unikraft-app-msp430-helloworld/apps/app-helloworld/build/include -I/home/mamu/vcs/git/unikraft-app-msp430-helloworld/unikraft/arch/msp430/msp430/include -I/home/mamu/vcs/git/unikraft-app-msp430-helloworld/unikraft/include -I/home/mamu/vcs/git/unikraft-app-msp430-helloworld/unikraft/lib/ukboot/include -I/home/mamu/vcs/git/unikraft-app-msp430-helloworld/unikraft/lib/posix-user/include -I/home/mamu/vcs/git/unikraft-app-msp430-helloworld/unikraft/lib/posix-user/musl-imported/include -I/home/mamu/vcs/git/unikraft-app-msp430-helloworld/unikraft/lib/ukdebug/include -I/home/mamu/vcs/git/unikraft-app-msp430-helloworld/unikraft/lib/ukargparse/include -I/home/mamu/vcs/git/unikraft-app-msp430-helloworld/unikraft/lib/nolibc/include -I/home/mamu/vcs/git/unikraft-app-msp430-helloworld/unikraft/lib/nolibc/arch/msp430 -I/home/mamu/vcs/git/unikraft-app-msp430-helloworld/unikraft/lib/nolibc/musl-imported/include -I/home/mamu/vcs/git/unikraft-app-msp430-helloworld/unikraft/lib/nolibc/musl-imported/arch/generic -I/home/mamu/vcs/git/unikraft-app-msp430-helloworld/unikraft/lib/ukalloc/include -I/home/mamu/vcs/git/unikraft-app-msp430-helloworld/unikraft/lib/ukallocbbuddy/include -I/home/mamu/vcs/git/unikraft-app-msp430-helloworld/unikraft/lib/syscall_shim/include -I/home/mamu/vcs/git/unikraft-app-msp430-helloworld/unikraft/lib/vfscore/include -I/home/mamu/vcs/git/unikraft-app-msp430-helloworld/unikraft/lib/devfs/include -I/home/mamu/vcs/git/unikraft-app-msp430-helloworld/unikraft/lib/uklibparam/include -I/home/mamu/vcs/git/unikraft-app-msp430-helloworld/unikraft/lib/uktime/include -I/home/mamu/vcs/git/unikraft-app-msp430-helloworld/unikraft/lib/uktime/musl-imported/include -I/home/mamu/vcs/git/unikraft-app-msp430-helloworld/unikraft/lib/uksp/include       -DCC_VERSION=9.3 -fno-builtin-printf -fno-builtin-fprintf -fno-builtin-sprintf -fno-builtin-snprintf -fno-builtin-vprintf -fno-builtin-vfprintf -fno-builtin-vsprintf -fno-builtin-vsnprintf -fno-builtin-scanf -fno-builtin-fscanf -fno-builtin-sscanf -fno-builtin-vscanf -fno-builtin-vfscanf -fno-builtin-vsscanf -fno-builtin-memcpy -fno-builtin-memset -fno-builtin-memchr -fno-builtin-memcmp -fno-builtin-memmove -fno-builtin-strncpy -fno-builtin-strnlen -fno-builtin-strlen -fno-builtin-strncmp -fno-builtin-strcspn -fno-builtin-strspn -fno-builtin-strndup -fno-builtin-strftime -fno-builtin-malloc -fno-builtin-calloc -fno-builtin-realloc -fno-builtin-posix_memalign -DCONFIG_UK_NETDEV_SCRATCH_SIZE=0       -g3 -D__LIBNAME__=libuktime -D__BASENAME__=timer.c  -c /home/mamu/vcs/git/unikraft-app-msp430-helloworld/unikraft/lib/uktime/timer.c -o /home/mamu/vcs/git/unikraft-app-msp430-helloworld/apps/app-helloworld/build/libuktime/timer.o -Wp,-MD,/home/mamu/vcs/git/unikraft-app-msp430-helloworld/apps/app-helloworld/build/libuktime/.timer.o.d
  CC      libuktime: timer.o
/home/mamu/vcs/git/unikraft-app-msp430-helloworld/apps/app-helloworld/build/kconfig/fixdep /home/mamu/vcs/git/unikraft-app-msp430-helloworld/apps/app-helloworld/build/libuktime/.timer.o.d /home/mamu/vcs/git/unikraft-app-msp430-helloworld/apps/app-helloworld/build/libuktime/timer.o 'msp430-elf-gcc -nostdlib -U __linux__ -U __FreeBSD__ -U __sun__ -fno-omit-frame-pointer -fno-stack-protector -Wall -Wextra -D __Unikraft__ -DUK_CODENAME="Tethys" -DUK_VERSION=0.5 -DUK_FULLVERSION=0.5.0~6f43052-custom -fno-tree-sra -fno-split-stack -nostdinc -O2 -fno-PIC   -I/home/mamu/vcs/git/unikraft-app-msp430-helloworld/apps/app-helloworld/build/include -I/home/mamu/vcs/git/unikraft-app-msp430-helloworld/unikraft/arch/msp430/msp430/include -I/home/mamu/vcs/git/unikraft-app-msp430-helloworld/unikraft/include -I/home/mamu/vcs/git/unikraft-app-msp430-helloworld/unikraft/lib/ukboot/include -I/home/mamu/vcs/git/unikraft-app-msp430-helloworld/unikraft/lib/posix-user/include -I/home/mamu/vcs/git/unikraft-app-msp430-helloworld/unikraft/lib/posix-user/musl-imported/include -I/home/mamu/vcs/git/unikraft-app-msp430-helloworld/unikraft/lib/ukdebug/include -I/home/mamu/vcs/git/unikraft-app-msp430-helloworld/unikraft/lib/ukargparse/include -I/home/mamu/vcs/git/unikraft-app-msp430-helloworld/unikraft/lib/nolibc/include -I/home/mamu/vcs/git/unikraft-app-msp430-helloworld/unikraft/lib/nolibc/arch/msp430 -I/home/mamu/vcs/git/unikraft-app-msp430-helloworld/unikraft/lib/nolibc/musl-imported/include -I/home/mamu/vcs/git/unikraft-app-msp430-helloworld/unikraft/lib/nolibc/musl-imported/arch/generic -I/home/mamu/vcs/git/unikraft-app-msp430-helloworld/unikraft/lib/ukalloc/include -I/home/mamu/vcs/git/unikraft-app-msp430-helloworld/unikraft/lib/ukallocbbuddy/include -I/home/mamu/vcs/git/unikraft-app-msp430-helloworld/unikraft/lib/syscall_shim/include -I/home/mamu/vcs/git/unikraft-app-msp430-helloworld/unikraft/lib/vfscore/include -I/home/mamu/vcs/git/unikraft-app-msp430-helloworld/unikraft/lib/devfs/include -I/home/mamu/vcs/git/unikraft-app-msp430-helloworld/unikraft/lib/uklibparam/include -I/home/mamu/vcs/git/unikraft-app-msp430-helloworld/unikraft/lib/uktime/include -I/home/mamu/vcs/git/unikraft-app-msp430-helloworld/unikraft/lib/uktime/musl-imported/include -I/home/mamu/vcs/git/unikraft-app-msp430-helloworld/unikraft/lib/uksp/include       -DCC_VERSION=9.3 -fno-builtin-printf -fno-builtin-fprintf -fno-builtin-sprintf -fno-builtin-snprintf -fno-builtin-vprintf -fno-builtin-vfprintf -fno-builtin-vsprintf -fno-builtin-vsnprintf -fno-builtin-scanf -fno-builtin-fscanf -fno-builtin-sscanf -fno-builtin-vscanf -fno-builtin-vfscanf -fno-builtin-vsscanf -fno-builtin-memcpy -fno-builtin-memset -fno-builtin-memchr -fno-builtin-memcmp -fno-builtin-memmove -fno-builtin-strncpy -fno-builtin-strnlen -fno-builtin-strlen -fno-builtin-strncmp -fno-builtin-strcspn -fno-builtin-strspn -fno-builtin-strndup -fno-builtin-strftime -fno-builtin-malloc -fno-builtin-calloc -fno-builtin-realloc -fno-builtin-posix_memalign -DCONFIG_UK_NETDEV_SCRATCH_SIZE=0      -g3 -D__LIBNAME__=libuktime -D__BASENAME__=timer.c -c /home/mamu/vcs/git/unikraft-app-msp430-helloworld/unikraft/lib/uktime/timer.c -o /home/mamu/vcs/git/unikraft-app-msp430-helloworld/apps/app-helloworld/build/libuktime/timer.o -Wp,-MD,/home/mamu/vcs/git/unikraft-app-msp430-helloworld/apps/app-helloworld/build/libuktime/.timer.o.d' > /home/mamu/vcs/git/unikraft-app-msp430-helloworld/apps/app-helloworld/build/libuktime/timer.d && rm -f /home/mamu/vcs/git/unikraft-app-msp430-helloworld/apps/app-helloworld/build/libuktime/.timer.o.d
/home/mamu/vcs/git/unikraft-app-msp430-helloworld/unikraft/support/build/Makefile.build:27: update target '/home/mamu/vcs/git/unikraft-app-msp430-helloworld/apps/app-helloworld/build/libuktime.ld.o' due to: /home/mamu/vcs/git/unikraft-app-msp430-helloworld/apps/app-helloworld/build/libuktime/__month_to_secs.o /home/mamu/vcs/git/unikraft-app-msp430-helloworld/apps/app-helloworld/build/libuktime/__secs_to_tm.o /home/mamu/vcs/git/unikraft-app-msp430-helloworld/apps/app-helloworld/build/libuktime/timegm.o /home/mamu/vcs/git/unikraft-app-msp430-helloworld/apps/app-helloworld/build/libuktime/__tm_to_secs.o /home/mamu/vcs/git/unikraft-app-msp430-helloworld/apps/app-helloworld/build/libuktime/__year_to_secs.o /home/mamu/vcs/git/unikraft-app-msp430-helloworld/apps/app-helloworld/build/libuktime/time.o /home/mamu/vcs/git/unikraft-app-msp430-helloworld/apps/app-helloworld/build/libuktime/timer.o
printf '  %-7s %s\n' 'LD'  'libuktime.ld.o' &&  msp430-elf-gcc -nostdlib -Wl,-r -Wl,-d -Wl,--no-gc-sections -no-pie -nostdinc    /home/mamu/vcs/git/unikraft-app-msp430-helloworld/apps/app-helloworld/build/libuktime/__month_to_secs.o /home/mamu/vcs/git/unikraft-app-msp430-helloworld/apps/app-helloworld/build/libuktime/__secs_to_tm.o /home/mamu/vcs/git/unikraft-app-msp430-helloworld/apps/app-helloworld/build/libuktime/timegm.o /home/mamu/vcs/git/unikraft-app-msp430-helloworld/apps/app-helloworld/build/libuktime/__tm_to_secs.o /home/mamu/vcs/git/unikraft-app-msp430-helloworld/apps/app-helloworld/build/libuktime/__year_to_secs.o /home/mamu/vcs/git/unikraft-app-msp430-helloworld/apps/app-helloworld/build/libuktime/time.o /home/mamu/vcs/git/unikraft-app-msp430-helloworld/apps/app-helloworld/build/libuktime/timer.o   -Wl,--start-group     -Wl,--end-group -o /home/mamu/vcs/git/unikraft-app-msp430-helloworld/apps/app-helloworld/build/libuktime.ld.o
  LD      libuktime.ld.o
/home/mamu/vcs/git/unikraft-app-msp430-helloworld/unikraft/support/build/Makefile.build:27: update target '/home/mamu/vcs/git/unikraft-app-msp430-helloworld/apps/app-helloworld/build/libuktime.o' due to: /home/mamu/vcs/git/unikraft-app-msp430-helloworld/apps/app-helloworld/build/libuktime.ld.o /home/mamu/vcs/git/unikraft-app-msp430-helloworld/unikraft/lib/uktime/exportsyms.uk
printf '  %-7s %s\n' 'OBJCOPY'  'libuktime.o' &&  msp430-elf-objcopy --keep-global-symbols=/home/mamu/vcs/git/unikraft-app-msp430-helloworld/unikraft/lib/uktime/exportsyms.uk       /home/mamu/vcs/git/unikraft-app-msp430-helloworld/apps/app-helloworld/build/libuktime.ld.o /home/mamu/vcs/git/unikraft-app-msp430-helloworld/apps/app-helloworld/build/libuktime.o
  OBJCOPY libuktime.o
/home/mamu/vcs/git/unikraft-app-msp430-helloworld/unikraft/plat/msp430fr5994/Linker.uk:19: update target '/home/mamu/vcs/git/unikraft-app-msp430-helloworld/apps/app-helloworld/build/app-helloworld_msp430fr5994-msp430.dbg' due to: /home/mamu/vcs/git/unikraft-app-msp430-helloworld/apps/app-helloworld/build/libmsp430fr5994plat.o /home/mamu/vcs/git/unikraft-app-msp430-helloworld/apps/app-helloworld/build/apphelloworld.o /home/mamu/vcs/git/unikraft-app-msp430-helloworld/apps/app-helloworld/build/libukboot.o /home/mamu/vcs/git/unikraft-app-msp430-helloworld/apps/app-helloworld/build/libukboot_main.o /home/mamu/vcs/git/unikraft-app-msp430-helloworld/apps/app-helloworld/build/libukdebug.o /home/mamu/vcs/git/unikraft-app-msp430-helloworld/apps/app-helloworld/build/libukargparse.o /home/mamu/vcs/git/unikraft-app-msp430-helloworld/apps/app-helloworld/build/libnolibc.o /home/mamu/vcs/git/unikraft-app-msp430-helloworld/apps/app-helloworld/build/libukalloc.o /home/mamu/vcs/git/unikraft-app-msp430-helloworld/apps/app-helloworld/build/libukallocbbuddy.o /home/mamu/vcs/git/unikraft-app-msp430-helloworld/apps/app-helloworld/build/libuktime.o
printf '  %-7s %s\n' 'LD'  'app-helloworld_msp430fr5994-msp430.ld.o' &&  msp430-elf-gcc -r -nostdlib -Wl,-r -Wl,-d -Wl,--no-gc-sections -no-pie -nostdinc    /home/mamu/vcs/git/unikraft-app-msp430-helloworld/apps/app-helloworld/build/libmsp430fr5994plat.o  /home/mamu/vcs/git/unikraft-app-msp430-helloworld/apps/app-helloworld/build/apphelloworld.o /home/mamu/vcs/git/unikraft-app-msp430-helloworld/apps/app-helloworld/build/libukboot.o /home/mamu/vcs/git/unikraft-app-msp430-helloworld/apps/app-helloworld/build/libukboot_main.o /home/mamu/vcs/git/unikraft-app-msp430-helloworld/apps/app-helloworld/build/libukdebug.o /home/mamu/vcs/git/unikraft-app-msp430-helloworld/apps/app-helloworld/build/libukargparse.o /home/mamu/vcs/git/unikraft-app-msp430-helloworld/apps/app-helloworld/build/libnolibc.o /home/mamu/vcs/git/unikraft-app-msp430-helloworld/apps/app-helloworld/build/libukalloc.o /home/mamu/vcs/git/unikraft-app-msp430-helloworld/apps/app-helloworld/build/libukallocbbuddy.o /home/mamu/vcs/git/unikraft-app-msp430-helloworld/apps/app-helloworld/build/libuktime.o -Wl,--start-group      -Wl,--end-group -o /home/mamu/vcs/git/unikraft-app-msp430-helloworld/apps/app-helloworld/build/app-helloworld_msp430fr5994-msp430.ld.o
  LD      app-helloworld_msp430fr5994-msp430.ld.o
printf '  %-7s %s\n' 'OBJCOPY'  'app-helloworld_msp430fr5994-msp430.o' &&  msp430-elf-objcopy -w -G _libmsp430fr5994plat_entry /home/mamu/vcs/git/unikraft-app-msp430-helloworld/apps/app-helloworld/build/app-helloworld_msp430fr5994-msp430.ld.o /home/mamu/vcs/git/unikraft-app-msp430-helloworld/apps/app-helloworld/build/app-helloworld_msp430fr5994-msp430.o
  OBJCOPY app-helloworld_msp430fr5994-msp430.o
printf '  %-7s %s\n' 'LD'  'app-helloworld_msp430fr5994-msp430.dbg' &&  msp430-elf-gcc -nostdlib -Wl,--omagic -nostdinc -no-pie    /home/mamu/vcs/git/unikraft-app-msp430-helloworld/apps/app-helloworld/build/app-helloworld_msp430fr5994-msp430.o -o /home/mamu/vcs/git/unikraft-app-msp430-helloworld/apps/app-helloworld/build/app-helloworld_msp430fr5994-msp430.dbg
  LD      app-helloworld_msp430fr5994-msp430.dbg
/home/mamu/vcs/git/unikraft-app-msp430-helloworld/unikraft/plat/msp430fr5994/Linker.uk:40: update target '/home/mamu/vcs/git/unikraft-app-msp430-helloworld/apps/app-helloworld/build/app-helloworld_msp430fr5994-msp430' due to: /home/mamu/vcs/git/unikraft-app-msp430-helloworld/apps/app-helloworld/build/app-helloworld_msp430fr5994-msp430.dbg
printf '  %-7s %s\n' 'SCSTRIP'  'app-helloworld_msp430fr5994-msp430' &&  /home/mamu/vcs/git/unikraft-app-msp430-helloworld/unikraft/support/scripts/sect-strip.py   --with-objcopy=msp430-elf-objcopy /home/mamu/vcs/git/unikraft-app-msp430-helloworld/apps/app-helloworld/build/app-helloworld_msp430fr5994-msp430.dbg -o /home/mamu/vcs/git/unikraft-app-msp430-helloworld/apps/app-helloworld/build/app-helloworld_msp430fr5994-msp430 && msp430-elf-strip -s /home/mamu/vcs/git/unikraft-app-msp430-helloworld/apps/app-helloworld/build/app-helloworld_msp430fr5994-msp430
  SCSTRIP app-helloworld_msp430fr5994-msp430
/home/mamu/vcs/git/unikraft-app-msp430-helloworld/unikraft/plat/msp430fr5994/Linker.uk:54: update target '/home/mamu/vcs/git/unikraft-app-msp430-helloworld/apps/app-helloworld/build/app-helloworld_msp430fr5994-msp430.hex' due to: /home/mamu/vcs/git/unikraft-app-msp430-helloworld/apps/app-helloworld/build/app-helloworld_msp430fr5994-msp430
printf '  %-7s %s\n' 'OBJCOPY'  'app-helloworld_msp430fr5994-msp430.hex' &&  msp430-elf-objcopy -O ihex  /home/mamu/vcs/git/unikraft-app-msp430-helloworld/apps/app-helloworld/build/app-helloworld_msp430fr5994-msp430 /home/mamu/vcs/git/unikraft-app-msp430-helloworld/apps/app-helloworld/build/app-helloworld_msp430fr5994-msp430.hex
  OBJCOPY app-helloworld_msp430fr5994-msp430.hex
/home/mamu/vcs/git/unikraft-app-msp430-helloworld/apps/app-helloworld/build/Makefile:687: target '/home/mamu/vcs/git/unikraft-app-msp430-helloworld/apps/app-helloworld/build/app-helloworld_msp430fr5994-msp430.dbg.gdb.py' does not exist
printf '  %-7s %s\n' 'LN'  'app-helloworld_msp430fr5994-msp430.dbg.gdb.py' && /usr/bin/ln -sf uk-gdb.py /home/mamu/vcs/git/unikraft-app-msp430-helloworld/apps/app-helloworld/build/app-helloworld_msp430fr5994-msp430.dbg.gdb.py
  LN      app-helloworld_msp430fr5994-msp430.dbg.gdb.py
/home/mamu/vcs/git/unikraft-app-msp430-helloworld/apps/app-helloworld/build/Makefile:691: update target '/home/mamu/vcs/git/unikraft-app-msp430-helloworld/apps/app-helloworld/build/uk-gdb.py' due to: /home/mamu/vcs/git/unikraft-app-msp430-helloworld/unikraft/support/scripts/uk-gdb.py
printf '  %-7s %s\n' 'GEN'  'uk-gdb.py' &&  sed '/scripts_dir = / s/os.path.dirname(os.path.realpath(__file__))/"\/home\/mamu\/vcs\/git\/unikraft-app-msp430-helloworld\/unikraft\/support\/scripts"/g' /home/mamu/vcs/git/unikraft-app-msp430-helloworld/unikraft/support/scripts/uk-gdb.py > /home/mamu/vcs/git/unikraft-app-msp430-helloworld/apps/app-helloworld/build/uk-gdb.py
  GEN     uk-gdb.py
Makefile:981: update target 'all' due to: sub-make
:
make[1]: Leaving directory '/home/mamu/vcs/git/unikraft-app-msp430-helloworld/unikraft'
